85.106.100.100 - - [07/Apr/2019:22:20:53 +0530] "GET /eproofing_wiley_v2/journalimages/and.jpg HTTP/1.1" 404 238
85.106.100.100 - - [07/Apr/2019:22:22:10 +0530] "POST /eproofing_wiley_v2/writefile.php HTTP/1.1" 302 -
134.2.189.253 - - [07/Apr/2019:22:25:38 +0530] "GET /eproofing_wiley_v2/journalimages/nmo.jpg HTTP/1.1" 404 238
64.233.172.171 - - [07/Apr/2019:22:30:43 +0530] "GET /favicon.ico HTTP/1.1" 404 209
68.12.158.62 - - [07/Apr/2019:22:31:49 +0530] "GET /eproofing_wiley_v2/journalimages/hex.jpg HTTP/1.1" 404 238
65.130.172.160 - - [07/Apr/2019:22:34:11 +0530] "GET /eproofing_wiley_v2/journalimages/ecc.jpg HTTP/1.1" 404 238
65.130.172.160 - - [07/Apr/2019:22:34:11 +0530] "GET /eproofing_wiley_v2/journalimages/ecc.jpg HTTP/1.1" 404 238
61.219.11.153 - - [07/Apr/2019:22:37:39 +0530] "-" 408 -
99.254.73.4 - - [07/Apr/2019:22:40:08 +0530] "GET /eproofing_wiley_v2/journalimages/nmo.jpg HTTP/1.1" 404 238
80.110.76.185 - - [07/Apr/2019:22:40:10 +0530] "GET /eproofing_wiley_v2/journalimages/rth2.jpg HTTP/1.1" 404 239
201.80.0.160 - - [07/Apr/2019:22:41:40 +0530] "POST /eproofing_wiley_v2/writefile.php HTTP/1.1" 302 -
201.80.0.160 - - [07/Apr/2019:22:43:00 +0530] "GET /eproofing_wiley_v2/journalimages/aej.jpg HTTP/1.1" 404 238
27.62.3.246 - - [07/Apr/2019:22:49:08 +0530] "GET /main.php HTTP/1.1" 302 14066
27.62.3.246 - - [07/Apr/2019:22:49:09 +0530] "GET /apple-touch-icon-120x120-precomposed.png HTTP/1.1" 404 238
27.62.3.246 - - [07/Apr/2019:22:49:09 +0530] "GET /apple-touch-icon-120x120.png HTTP/1.1" 404 226
27.62.3.246 - - [07/Apr/2019:22:49:10 +0530] "GET /apple-touch-icon-precomposed.png HTTP/1.1" 404 230
27.62.3.246 - - [07/Apr/2019:22:49:10 +0530] "GET /apple-touch-icon.png HTTP/1.1" 404 218
27.62.3.246 - - [07/Apr/2019:22:49:11 +0530] "GET /favicon.ico HTTP/1.1" 404 209
27.62.3.246 - - [07/Apr/2019:22:49:11 +0530] "GET /apple-touch-icon-120x120-precomposed.png HTTP/1.1" 404 238
27.62.3.246 - - [07/Apr/2019:22:49:12 +0530] "GET /apple-touch-icon-120x120.png HTTP/1.1" 404 226
27.62.3.246 - - [07/Apr/2019:22:49:12 +0530] "GET /apple-touch-icon-precomposed.png HTTP/1.1" 404 230
27.62.3.246 - - [07/Apr/2019:22:49:12 +0530] "GET /apple-touch-icon.png HTTP/1.1" 404 218
27.62.3.246 - - [07/Apr/2019:22:49:12 +0530] "GET /favicon.ico HTTP/1.1" 404 209
68.12.158.62 - - [07/Apr/2019:22:49:17 +0530] "GET /eproofing_wiley_v2/journalimages/hex.jpg HTTP/1.1" 404 238
41.205.240.73 - - [07/Apr/2019:22:49:20 +0530] "GET /eproofing_wiley_v2/journalimages/jmp.jpg HTTP/1.1" 404 238
41.205.240.73 - - [07/Apr/2019:22:49:21 +0530] "GET /ckeditor4.4/skins/moono/editor.css?t=E3OD HTTP/1.1" 206 1
41.205.240.73 - - [07/Apr/2019:22:49:21 +0530] "GET /ckeditor4.4/skins/moono/editor.css?t=E3OD HTTP/1.1" 206 18861
41.205.240.73 - - [07/Apr/2019:22:49:21 +0530] "GET /ckeditor4.4/plugins/widget/plugin.js?t=E3OD HTTP/1.1" 206 1
41.205.240.73 - - [07/Apr/2019:22:49:22 +0530] "GET /ckeditor4.4/plugins/widget/plugin.js?t=E3OD HTTP/1.1" 206 72795
76.187.109.40 - - [07/Apr/2019:22:51:35 +0530] "GET /eproofing_wiley_v2/journalimages/ctr.jpg HTTP/1.1" 404 238
76.187.109.40 - - [07/Apr/2019:22:51:35 +0530] "GET /eproofing_wiley_v2/journalimages/ctr.jpg HTTP/1.1" 404 238
68.12.158.62 - - [07/Apr/2019:22:51:42 +0530] "GET /eproofing_wiley_v2/journalimages/hex.jpg HTTP/1.1" 404 238
68.12.158.62 - - [07/Apr/2019:22:51:42 +0530] "GET /eproofing_wiley_v2/journalimages/hex.jpg HTTP/1.1" 404 238
80.110.76.185 - - [07/Apr/2019:22:53:07 +0530] "GET /eproofing_wiley_v2/journalimages/rth2.jpg HTTP/1.1" 404 239
68.12.158.62 - - [07/Apr/2019:22:53:56 +0530] "GET /eproofing_wiley_v2/journalimages/hex.jpg HTTP/1.1" 404 238
68.12.158.62 - - [07/Apr/2019:22:53:56 +0530] "GET /eproofing_wiley_v2/journalimages/hex.jpg HTTP/1.1" 404 238
80.110.76.185 - - [07/Apr/2019:22:54:48 +0530] "POST /eproofing_wiley_v2/writefile.php HTTP/1.1" 302 -
68.12.158.62 - - [07/Apr/2019:22:55:45 +0530] "GET /eproofing_wiley_v2/journalimages/hex.jpg HTTP/1.1" 404 238
68.12.158.62 - - [07/Apr/2019:22:55:45 +0530] "GET /eproofing_wiley_v2/journalimages/hex.jpg HTTP/1.1" 404 238
94.224.159.129 - - [07/Apr/2019:22:56:59 +0530] "GET /eproofing_wiley_v2/journalimages/twec.jpg HTTP/1.1" 404 239
94.224.159.129 - - [07/Apr/2019:22:59:34 +0530] "GET /eproofing_wiley_v2/journalimages/twec.jpg HTTP/1.1" 404 239
108.24.147.136 - - [07/Apr/2019:22:59:59 +0530] "GET /eproofing_wiley_v2/journalimages/epi.jpg HTTP/1.1" 404 238
108.24.147.136 - - [07/Apr/2019:22:59:59 +0530] "GET /eproofing_wiley_v2/journalimages/epi.jpg HTTP/1.1" 404 238
52.44.93.197 - - [07/Apr/2019:23:00:05 +0530] "GET /eproofing_wiley_v2/journalimages/epi.jpg HTTP/1.1" 404 238
23.82.18.124 - - [07/Apr/2019:23:00:27 +0530] "GET /eproofing_wiley_v2/journalimages/epi.jpg HTTP/1.1" 404 238
94.224.159.129 - - [07/Apr/2019:23:01:22 +0530] "GET /eproofing_wiley_v2/journalimages/twec.jpg HTTP/1.1" 404 239
94.224.159.129 - - [07/Apr/2019:23:01:37 +0530] "GET /eproofing_wiley_v2/journalimages/twec.jpg HTTP/1.1" 404 239
108.24.147.136 - - [07/Apr/2019:23:02:28 +0530] "GET /eproofing_wiley_v2/journalimages/epi.jpg HTTP/1.1" 404 238
46.37.82.87 - - [07/Apr/2019:23:10:46 +0530] "GET /eproofing_wiley_v2/journalimages/twec.jpg HTTP/1.1" 404 239
99.254.73.4 - - [07/Apr/2019:23:11:28 +0530] "GET /eproofing_wiley_v2/journalimages/nmo.jpg HTTP/1.1" 404 238
108.24.147.136 - - [07/Apr/2019:23:11:37 +0530] "GET /eproofing_wiley_v2/journalimages/epi.jpg HTTP/1.1" 404 238
108.24.147.136 - - [07/Apr/2019:23:13:00 +0530] "GET /eproofing_wiley_v2/journalimages/epi.jpg HTTP/1.1" 404 238
108.24.147.136 - - [07/Apr/2019:23:13:04 +0530] "GET /eproofing_wiley_v2/journalimages/epi.jpg HTTP/1.1" 404 238
108.24.147.136 - - [07/Apr/2019:23:13:04 +0530] "GET /eproofing_wiley_v2/journalimages/epi.jpg HTTP/1.1" 404 238
108.24.147.136 - - [07/Apr/2019:23:13:35 +0530] "GET /eproofing_wiley_v2/journalimages/epi.jpg HTTP/1.1" 404 238
108.24.147.136 - - [07/Apr/2019:23:13:35 +0530] "GET /eproofing_wiley_v2/journalimages/epi.jpg HTTP/1.1" 404 238
46.37.82.87 - - [07/Apr/2019:23:14:08 +0530] "POST /eproofing_wiley_v2/writefile.php HTTP/1.1" 302 -
46.37.82.87 - - [07/Apr/2019:23:15:32 +0530] "GET /eproofing_wiley_v2/journalimages/twec.jpg HTTP/1.1" 404 239
46.37.82.87 - - [07/Apr/2019:23:15:42 +0530] "GET /eproofing_wiley_v2/journalimages/twec.jpg HTTP/1.1" 404 239
66.249.93.75 - - [07/Apr/2019:23:22:55 +0530] "GET /favicon.ico HTTP/1.1" 404 209
147.92.98.97 - - [07/Apr/2019:23:29:22 +0530] "GET /eproofing_wiley_v2/journalimages/men.jpg HTTP/1.1" 404 238
66.249.83.90 - - [07/Apr/2019:23:30:42 +0530] "GET /favicon.ico HTTP/1.1" 404 209
86.249.17.56 - - [07/Apr/2019:23:31:40 +0530] "POST /eproofing_wiley_v2/writefile.php HTTP/1.1" 302 -
75.72.108.206 - - [07/Apr/2019:23:35:06 +0530] "GET /eproofing_wiley_v2/journalimages/jocd.jpg HTTP/1.1" 404 239
75.72.108.206 - - [07/Apr/2019:23:35:07 +0530] "GET /eproofing_wiley_v2/journalimages/jocd.jpg HTTP/1.1" 404 239
151.196.48.59 - - [07/Apr/2019:23:41:59 +0530] "GET /favicon.ico HTTP/1.1" 404 209
74.59.241.245 - - [07/Apr/2019:23:42:04 +0530] "GET /eproofing_wiley_v2/journalimages/lamp.jpg HTTP/1.1" 404 239
74.59.241.245 - - [07/Apr/2019:23:42:06 +0530] "GET /eproofing_wiley_v2/journalimages/lamp.jpg HTTP/1.1" 404 239
74.59.241.245 - - [07/Apr/2019:23:42:07 +0530] "GET /eproofing_wiley_v2/journalimages/lamp.jpg HTTP/1.1" 404 239
151.196.48.59 - - [07/Apr/2019:23:42:50 +0530] "-" 408 -
99.254.73.4 - - [07/Apr/2019:23:45:01 +0530] "GET /eproofing_wiley_v2/journalimages/nmo.jpg HTTP/1.1" 404 238
74.59.241.245 - - [07/Apr/2019:23:50:26 +0530] "GET /eproofing_wiley_v2/journalimages/lamp.jpg HTTP/1.1" 404 239
123.125.67.162 - - [07/Apr/2019:23:50:41 +0530] "GET /robots.txt HTTP/1.1" 404 208
82.161.151.15 - - [07/Apr/2019:23:51:00 +0530] "GET /favicon.ico HTTP/1.1" 404 209
71.89.17.58 - - [07/Apr/2019:23:55:29 +0530] "GET /eproofing_wiley_v2/journalimages/mec.jpg HTTP/1.1" 404 238
89.10.185.62 - - [07/Apr/2019:23:56:05 +0530] "GET /eproofing_wiley_v2/journalimages/mbo3.jpg HTTP/1.1" 404 239
128.218.42.100 - - [07/Apr/2019:23:57:17 +0530] "GET /eproofing_wiley_v2/journalimages/tid.jpg HTTP/1.1" 404 238
76.187.109.40 - - [07/Apr/2019:23:59:07 +0530] "GET /favicon.ico HTTP/1.1" 404 209
79.178.37.212 - - [07/Apr/2019:23:59:32 +0530] "GET /eproofing_wiley_v2/journalimages/mgg3.jpg HTTP/1.1" 404 239
76.187.109.40 - - [07/Apr/2019:23:59:35 +0530] "GET /eproofing_wiley_v2/journalimages/ctr.jpg HTTP/1.1" 404 238
76.187.109.40 - - [07/Apr/2019:23:59:40 +0530] "GET /eproofing_wiley_v2/journalimages/ctr.jpg HTTP/1.1" 404 238
76.187.109.40 - - [08/Apr/2019:00:00:08 +0530] "GET /eproofing_wiley_v2/journalimages/ctr.jpg HTTP/1.1" 404 238
89.10.185.62 - - [08/Apr/2019:00:01:51 +0530] "GET /eproofing_wiley_v2/journalimages/mbo3.jpg HTTP/1.1" 404 239
89.10.185.62 - - [08/Apr/2019:00:03:42 +0530] "GET /eproofing_wiley_v2/journalimages/mbo3.jpg HTTP/1.1" 404 239
193.226.245.180 - - [08/Apr/2019:00:07:17 +0530] "GET /eproofing_wiley_v2/journalimages/ccr3.jpg HTTP/1.1" 404 239
89.10.185.62 - - [08/Apr/2019:00:09:02 +0530] "GET /eproofing_wiley_v2/journalimages/mbo3.jpg HTTP/1.1" 404 239
170.144.8.66 - - [08/Apr/2019:00:10:44 +0530] "GET /eproofing_wiley_v2/journalimages/ece3.jpg HTTP/1.1" 404 239
128.218.42.100 - - [08/Apr/2019:00:14:01 +0530] "POST /eproofing_wiley_v2/writefile.php HTTP/1.1" 302 -
170.144.8.66 - - [08/Apr/2019:00:14:08 +0530] "GET /favicon.ico HTTP/1.1" 404 209
163.7.134.35 - - [08/Apr/2019:00:15:44 +0530] "GET /eproofing_wiley_v2/journalimages/are.jpg HTTP/1.1" 404 238
174.217.5.201 - - [08/Apr/2019:00:16:52 +0530] "GET /favicon.ico HTTP/1.1" 404 209
107.178.38.28 - - [08/Apr/2019:00:17:55 +0530] "GET /eproofing_wiley_v2/journalimages/ccr3.jpg HTTP/1.1" 404 239
75.72.108.206 - - [08/Apr/2019:00:18:20 +0530] "GET /eproofing_wiley_v2/journalimages/jocd.jpg HTTP/1.1" 404 239
89.10.185.62 - - [08/Apr/2019:00:18:52 +0530] "GET /eproofing_wiley_v2/journalimages/mbo3.jpg HTTP/1.1" 404 239
68.218.131.97 - - [08/Apr/2019:00:19:00 +0530] "GET /favicon.ico HTTP/1.1" 404 209
68.218.131.97 - - [08/Apr/2019:00:19:00 +0530] "GET /ckeditor4.4/ckeditor.js HTTP/1.1" 206 64908
68.218.131.97 - - [08/Apr/2019:00:19:00 +0530] "GET /eproofing_wiley_v2/js/jquery-ui-1.10.4.min.js HTTP/1.1" 206 195771
68.218.131.97 - - [08/Apr/2019:00:19:00 +0530] "GET /eproofing_wiley_v2/js/oxe_sps.min.js HTTP/1.1" 206 60949
68.218.131.97 - - [08/Apr/2019:00:19:01 +0530] "GET /eproofing_wiley_v2/journalimages/ecc.jpg HTTP/1.1" 404 238
89.10.185.62 - - [08/Apr/2019:00:19:13 +0530] "POST /eproofing_wiley_v2/writefile.php HTTP/1.1" 302 -
68.218.131.97 - - [08/Apr/2019:00:20:00 +0530] "GET /eproofing_wiley_v2/journalimages/ecc.jpg HTTP/1.1" 404 238
68.218.131.97 - - [08/Apr/2019:00:20:00 +0530] "GET /eproofing_wiley_v2/journalimages/ecc.jpg HTTP/1.1" 404 238
85.106.100.100 - - [08/Apr/2019:00:21:23 +0530] "GET /eproofing_wiley_v2/journalimages/and.jpg HTTP/1.1" 404 238
85.106.100.100 - - [08/Apr/2019:00:22:15 +0530] "GET /eproofing_wiley_v2/journalimages/and.jpg HTTP/1.1" 404 238
163.7.134.35 - - [08/Apr/2019:00:26:09 +0530] "GET /eproofing_wiley_v2/attachments.php?token=jkcuu0wVvAn01Pn4FCXGOTkRjD8aGyApjN-R-NiSU6dJY86oWyiCRQ&delfile=Table%202%20miller%20NIR.docx&upload_folder=upload HTTP/1.1" 302 10796
163.7.134.35 - - [08/Apr/2019:00:27:20 +0530] "GET /eproofing_wiley_v2/journalimages/are.jpg HTTP/1.1" 404 238
125.238.91.103 - - [08/Apr/2019:00:30:21 +0530] "GET /eproofing_wiley_v2/journalimages/cen.jpg HTTP/1.1" 404 238
85.194.10.11 - - [08/Apr/2019:00:33:46 +0530] "GET /eproofing_wiley_v2/journalimages/epi.jpg HTTP/1.1" 404 238
71.89.17.58 - - [08/Apr/2019:00:36:55 +0530] "POST /eproofing_wiley_v2/writefile.php HTTP/1.1" 302 -
188.60.105.56 - - [08/Apr/2019:00:40:36 +0530] "GET /eproofing_wiley_v2/journalimages/liv.jpg HTTP/1.1" 404 238
71.89.17.58 - - [08/Apr/2019:00:43:52 +0530] "GET /eproofing_wiley_v2/journalimages/men.jpg HTTP/1.1" 404 238
34.232.127.140 - - [08/Apr/2019:00:43:59 +0530] "GET /eproofing_wiley_v2/journalimages/men.jpg HTTP/1.1" 404 238
38.205.130.19 - - [08/Apr/2019:00:44:24 +0530] "GET /eproofing_wiley_v2/journalimages/men.jpg HTTP/1.1" 404 238
99.254.73.4 - - [08/Apr/2019:00:46:12 +0530] "GET /eproofing_wiley_v2/journalimages/nmo.jpg HTTP/1.1" 404 238
188.60.105.56 - - [08/Apr/2019:00:47:07 +0530] "GET /eproofing_wiley_v2/journalimages/liv.jpg HTTP/1.1" 404 238
193.226.245.180 - - [08/Apr/2019:00:51:47 +0530] "GET /eproofing_wiley_v2/journalimages/ccr3.jpg HTTP/1.1" 404 239
179.6.196.83 - - [08/Apr/2019:00:57:01 +0530] "GET /eproofing_wiley_v2/journalimages/gbi.jpg HTTP/1.1" 404 238
71.178.8.64 - - [08/Apr/2019:00:58:25 +0530] "GET /favicon.ico HTTP/1.1" 404 209
157.55.39.46 - - [08/Apr/2019:00:58:28 +0530] "GET /robots.txt HTTP/1.1" 404 208
71.178.8.64 - - [08/Apr/2019:00:58:41 +0530] "GET /favicon.ico HTTP/1.1" 404 209
193.226.245.180 - - [08/Apr/2019:01:02:22 +0530] "POST /eproofing_wiley_v2/writefile.php HTTP/1.1" 302 -
193.226.245.180 - - [08/Apr/2019:01:04:32 +0530] "GET /eproofing_wiley_v2/journalimages/ccr3.jpg HTTP/1.1" 404 239
179.6.196.83 - - [08/Apr/2019:01:06:28 +0530] "GET /eproofing_wiley_v2/journalimages/gbi.jpg HTTP/1.1" 404 238
179.6.196.83 - - [08/Apr/2019:01:06:39 +0530] "GET /eproofing_wiley_v2/journalimages/gbi.jpg HTTP/1.1" 404 238
76.187.109.40 - - [08/Apr/2019:01:14:11 +0530] "GET /eproofing_wiley_v2/journalimages/ctr.jpg HTTP/1.1" 404 238
76.187.109.40 - - [08/Apr/2019:01:14:12 +0530] "GET /eproofing_wiley_v2/journalimages/ctr.jpg HTTP/1.1" 404 238
76.187.109.40 - - [08/Apr/2019:01:22:53 +0530] "GET /eproofing_wiley_v2/journalimages/ctr.jpg HTTP/1.1" 404 238
99.254.73.4 - - [08/Apr/2019:01:30:25 +0530] "GET /eproofing_wiley_v2/journalimages/nmo.jpg HTTP/1.1" 404 238
99.254.73.4 - - [08/Apr/2019:01:40:22 +0530] "GET /eproofing_wiley_v2/journalimages/nmo.jpg HTTP/1.1" 404 238
68.218.131.97 - - [08/Apr/2019:01:43:28 +0530] "POST /eproofing_wiley_v2/writefile.php HTTP/1.1" 302 -
66.249.83.91 - - [08/Apr/2019:01:44:52 +0530] "GET /favicon.ico HTTP/1.1" 404 209
76.187.109.40 - - [08/Apr/2019:01:47:01 +0530] "GET /eproofing_wiley_v2/journalimages/ctr.jpg HTTP/1.1" 404 238
118.92.32.18 - - [08/Apr/2019:01:49:15 +0530] "GET /favicon.ico HTTP/1.1" 404 209
118.92.32.18 - - [08/Apr/2019:01:49:26 +0530] "GET /favicon.ico HTTP/1.1" 404 209
76.187.109.40 - - [08/Apr/2019:01:51:22 +0530] "POST /eproofing_wiley_v2/writefile.php HTTP/1.1" 302 -
193.60.238.99 - - [08/Apr/2019:01:53:03 +0530] "GET /eproofing_wiley_v2/journalimages/hex.jpg HTTP/1.1" 404 238
85.194.10.11 - - [08/Apr/2019:01:56:32 +0530] "GET /favicon.ico HTTP/1.1" 404 209
118.92.32.18 - - [08/Apr/2019:01:58:37 +0530] "-" 408 -
74.59.241.245 - - [08/Apr/2019:02:00:19 +0530] "GET /eproofing_wiley_v2/journalimages/lamp.jpg HTTP/1.1" 404 239
99.254.73.4 - - [08/Apr/2019:02:03:11 +0530] "GET /eproofing_wiley_v2/journalimages/nmo.jpg HTTP/1.1" 404 238
202.14.85.241 - - [08/Apr/2019:02:08:55 +0530] "GET /eproofing_wiley_v2/journalimages/sdi.jpg HTTP/1.1" 404 238
202.14.85.241 - - [08/Apr/2019:02:10:03 +0530] "GET /favicon.ico HTTP/1.1" 404 209
67.182.154.52 - - [08/Apr/2019:02:11:57 +0530] "GET /apple-touch-icon-precomposed.png HTTP/1.1" 404 230
67.182.154.52 - - [08/Apr/2019:02:11:57 +0530] "GET /apple-touch-icon.png HTTP/1.1" 404 218
67.182.154.52 - - [08/Apr/2019:02:11:57 +0530] "GET /favicon.ico HTTP/1.1" 404 209
67.182.154.52 - - [08/Apr/2019:02:11:57 +0530] "GET /apple-touch-icon-precomposed.png HTTP/1.1" 404 230
67.182.154.52 - - [08/Apr/2019:02:11:57 +0530] "GET /apple-touch-icon.png HTTP/1.1" 404 218
67.182.154.52 - - [08/Apr/2019:02:11:57 +0530] "GET /favicon.ico HTTP/1.1" 404 209
67.182.154.52 - - [08/Apr/2019:02:11:57 +0530] "GET /apple-touch-icon-precomposed.png HTTP/1.1" 404 230
67.182.154.52 - - [08/Apr/2019:02:11:57 +0530] "GET /apple-touch-icon.png HTTP/1.1" 404 218
67.182.154.52 - - [08/Apr/2019:02:11:57 +0530] "GET /favicon.ico HTTP/1.1" 404 209
67.182.154.52 - - [08/Apr/2019:02:11:57 +0530] "GET /apple-touch-icon-precomposed.png HTTP/1.1" 404 230
67.182.154.52 - - [08/Apr/2019:02:11:57 +0530] "GET /apple-touch-icon.png HTTP/1.1" 404 218
67.182.154.52 - - [08/Apr/2019:02:11:57 +0530] "GET /favicon.ico HTTP/1.1" 404 209
99.254.73.4 - - [08/Apr/2019:02:12:41 +0530] "GET /eproofing_wiley_v2/journalimages/nmo.jpg HTTP/1.1" 404 238
202.14.85.241 - - [08/Apr/2019:02:13:23 +0530] "GET /eproofing_wiley_v2/journalimages/sdi.jpg HTTP/1.1" 404 238
151.49.240.120 - - [08/Apr/2019:02:13:55 +0530] "GET /eproofing_wiley_v2/journalimages/odi.jpg HTTP/1.1" 404 238
99.254.73.4 - - [08/Apr/2019:02:15:56 +0530] "GET /eproofing_wiley_v2/journalimages/nmo.jpg HTTP/1.1" 404 238
109.91.39.159 - - [08/Apr/2019:02:19:08 +0530] "GET /favicon.ico HTTP/1.1" 404 209
72.211.108.145 - - [08/Apr/2019:02:20:01 +0530] "GET /eproofing_wiley_v2/journalimages/anhu.jpg HTTP/1.1" 404 239
202.14.85.241 - - [08/Apr/2019:02:21:14 +0530] "GET /eproofing_wiley_v2/journalimages/sdi.jpg HTTP/1.1" 404 238
124.150.25.41 - - [08/Apr/2019:02:21:37 +0530] "GET /eproofing_wiley_v2/journalimages/jpe.jpg HTTP/1.1" 404 238
202.14.85.241 - - [08/Apr/2019:02:21:52 +0530] "POST /eproofing_wiley_v2/writefile.php HTTP/1.1" 302 -
72.211.108.145 - - [08/Apr/2019:02:22:02 +0530] "GET /eproofing_wiley_v2/journalimages/anhu.jpg HTTP/1.1" 404 239
72.211.108.145 - - [08/Apr/2019:02:22:02 +0530] "GET /eproofing_wiley_v2/journalimages/anhu.jpg HTTP/1.1" 404 239
66.249.88.49 - - [08/Apr/2019:02:31:11 +0530] "GET /favicon.ico HTTP/1.1" 404 209
150.217.251.120 - - [08/Apr/2019:02:32:28 +0530] "GET /eproofing_wiley_v2/journalimages/bjet.jpg HTTP/1.1" 404 239
151.49.240.120 - - [08/Apr/2019:02:32:50 +0530] "GET /eproofing_wiley_v2/journalimages/odi.jpg HTTP/1.1" 404 238
150.217.251.120 - - [08/Apr/2019:02:41:45 +0530] "GET /eproofing_wiley_v2/journalimages/bjet.jpg HTTP/1.1" 404 239
150.217.251.120 - - [08/Apr/2019:02:43:31 +0530] "GET /eproofing_wiley_v2/journalimages/bjet.jpg HTTP/1.1" 404 239
150.217.251.120 - - [08/Apr/2019:02:44:19 +0530] "GET /eproofing_wiley_v2/journalimages/bjet.jpg HTTP/1.1" 404 239
150.217.251.120 - - [08/Apr/2019:02:55:13 +0530] "POST /eproofing_wiley_v2/writefile.php HTTP/1.1" 302 -
163.7.134.35 - - [08/Apr/2019:02:55:17 +0530] "POST /eproofing_wiley_v2/writefile.php HTTP/1.1" 302 -
179.6.196.83 - - [08/Apr/2019:03:00:58 +0530] "GET /favicon.ico HTTP/1.1" 404 209
82.10.184.81 - - [08/Apr/2019:03:04:25 +0530] "GET /eproofing_wiley_v2/journalimages/coa.jpg HTTP/1.1" 404 238
82.10.184.81 - - [08/Apr/2019:03:04:37 +0530] "GET /favicon.ico HTTP/1.1" 404 209
124.150.25.41 - - [08/Apr/2019:03:05:53 +0530] "GET /eproofing_wiley_v2/journalimages/jpe.jpg HTTP/1.1" 404 238
82.10.184.81 - - [08/Apr/2019:03:10:59 +0530] "GET /eproofing_wiley_v2/journalimages/coa.jpg HTTP/1.1" 404 238
82.10.184.81 - - [08/Apr/2019:03:14:36 +0530] "GET /eproofing_wiley_v2/journalimages/coa.jpg HTTP/1.1" 404 238
75.85.178.226 - - [08/Apr/2019:03:16:22 +0530] "GET /eproofing_wiley_v2/journalimages/jocd.jpg HTTP/1.1" 404 239
75.85.178.226 - - [08/Apr/2019:03:16:22 +0530] "GET /eproofing_wiley_v2/journalimages/jocd.jpg HTTP/1.1" 404 239
124.150.25.41 - - [08/Apr/2019:03:20:47 +0530] "GET /eproofing_wiley_v2/journalimages/jpe.jpg HTTP/1.1" 404 238
124.150.25.41 - - [08/Apr/2019:03:22:08 +0530] "POST /eproofing_wiley_v2/writefile.php HTTP/1.1" 302 -
94.210.180.3 - - [08/Apr/2019:03:22:56 +0530] "GET /apple-touch-icon-precomposed.png HTTP/1.1" 404 230
94.210.180.3 - - [08/Apr/2019:03:22:56 +0530] "GET /apple-touch-icon.png HTTP/1.1" 404 218
94.210.180.3 - - [08/Apr/2019:03:22:56 +0530] "GET /favicon.ico HTTP/1.1" 404 209
94.210.180.3 - - [08/Apr/2019:03:22:56 +0530] "GET /apple-touch-icon-precomposed.png HTTP/1.1" 404 230
94.210.180.3 - - [08/Apr/2019:03:22:57 +0530] "GET /apple-touch-icon.png HTTP/1.1" 404 218
94.210.180.3 - - [08/Apr/2019:03:22:57 +0530] "GET /favicon.ico HTTP/1.1" 404 209
94.210.180.3 - - [08/Apr/2019:03:22:57 +0530] "GET /apple-touch-icon-precomposed.png HTTP/1.1" 404 230
94.210.180.3 - - [08/Apr/2019:03:22:57 +0530] "GET /apple-touch-icon.png HTTP/1.1" 404 218
94.210.180.3 - - [08/Apr/2019:03:22:58 +0530] "GET /favicon.ico HTTP/1.1" 404 209
94.210.180.3 - - [08/Apr/2019:03:22:58 +0530] "GET /apple-touch-icon-precomposed.png HTTP/1.1" 404 230
94.210.180.3 - - [08/Apr/2019:03:22:58 +0530] "GET /apple-touch-icon.png HTTP/1.1" 404 218
94.210.180.3 - - [08/Apr/2019:03:22:58 +0530] "GET /favicon.ico HTTP/1.1" 404 209
179.6.196.83 - - [08/Apr/2019:03:30:03 +0530] "GET /eproofing_wiley_v2/journalimages/gbi.jpg HTTP/1.1" 404 238
73.51.226.249 - - [08/Apr/2019:03:38:27 +0530] "GET /favicon.ico HTTP/1.1" 404 209
121.119.252.193 - - [08/Apr/2019:03:39:17 +0530] "GET /eproofing_wiley_v2/journalimages/apl.jpg HTTP/1.1" 404 238
179.6.196.83 - - [08/Apr/2019:03:40:01 +0530] "GET /eproofing_wiley_v2/journalimages/gbi.jpg HTTP/1.1" 404 238
35.205.88.232 - - [08/Apr/2019:03:40:57 +0530] "GET /stalker_portal/LICENSE HTTP/1.1" 404 220
73.60.182.186 - - [08/Apr/2019:03:42:04 +0530] "GET /favicon.ico HTTP/1.1" 404 209
179.6.196.83 - - [08/Apr/2019:03:50:23 +0530] "GET /eproofing_wiley_v2/journalimages/gbi.jpg HTTP/1.1" 404 238
76.124.38.219 - - [08/Apr/2019:03:59:24 +0530] "GET /favicon.ico HTTP/1.1" 404 209
222.236.24.129 - - [08/Apr/2019:04:01:55 +0530] "GET /eproofing_wiley_v2/journalimages/jocd.jpg HTTP/1.1" 404 239
179.6.196.83 - - [08/Apr/2019:04:04:29 +0530] "GET /eproofing_wiley_v2/journalimages/gbi.jpg HTTP/1.1" 404 238
179.6.196.83 - - [08/Apr/2019:04:09:00 +0530] "POST /eproofing_wiley_v2/writefile.php HTTP/1.1" 302 -
179.6.196.83 - - [08/Apr/2019:04:12:45 +0530] "GET /eproofing_wiley_v2/journalimages/gbi.jpg HTTP/1.1" 404 238
179.6.196.83 - - [08/Apr/2019:04:13:01 +0530] "GET /eproofing_wiley_v2/journalimages/gbi.jpg HTTP/1.1" 404 238
210.254.95.2 - - [08/Apr/2019:04:13:22 +0530] "GET /eproofing_wiley_v2/journalimages/jar3.jpg HTTP/1.1" 404 239
64.233.172.169 - - [08/Apr/2019:04:29:20 +0530] "GET /favicon.ico HTTP/1.1" 404 209
110.140.97.112 - - [08/Apr/2019:04:32:39 +0530] "GET /favicon.ico HTTP/1.1" 404 209
210.254.95.2 - - [08/Apr/2019:04:33:57 +0530] "GET /eproofing_wiley_v2/journalimages/jar3.jpg HTTP/1.1" 404 239
210.254.95.2 - - [08/Apr/2019:04:41:20 +0530] "GET /eproofing_wiley_v2/journalimages/jar3.jpg HTTP/1.1" 404 239
141.243.9.161 - - [08/Apr/2019:04:41:52 +0530] "GET /eproofing_wiley_v2/journalimages/avsc.jpg HTTP/1.1" 404 239
134.148.199.76 - - [08/Apr/2019:04:43:49 +0530] "GET /eproofing_wiley_v2/journalimages/andr.jpg HTTP/1.1" 404 239
157.55.39.40 - - [08/Apr/2019:04:46:02 +0530] "GET /robots.txt HTTP/1.1" 404 208
103.106.117.33 - - [08/Apr/2019:04:52:49 +0530] "GET /eproofing_wiley_v2/journalimages/edm2.jpg HTTP/1.1" 404 239
67.182.154.52 - - [08/Apr/2019:04:59:32 +0530] "GET /apple-touch-icon-precomposed.png HTTP/1.1" 404 230
67.182.154.52 - - [08/Apr/2019:04:59:32 +0530] "GET /apple-touch-icon.png HTTP/1.1" 404 218
67.182.154.52 - - [08/Apr/2019:04:59:32 +0530] "GET /favicon.ico HTTP/1.1" 404 209
67.182.154.52 - - [08/Apr/2019:04:59:32 +0530] "GET /apple-touch-icon-precomposed.png HTTP/1.1" 404 230
67.182.154.52 - - [08/Apr/2019:04:59:32 +0530] "GET /apple-touch-icon.png HTTP/1.1" 404 218
67.182.154.52 - - [08/Apr/2019:04:59:32 +0530] "GET /favicon.ico HTTP/1.1" 404 209
67.182.154.52 - - [08/Apr/2019:04:59:32 +0530] "GET /apple-touch-icon-precomposed.png HTTP/1.1" 404 230
67.182.154.52 - - [08/Apr/2019:04:59:32 +0530] "GET /apple-touch-icon.png HTTP/1.1" 404 218
67.182.154.52 - - [08/Apr/2019:04:59:32 +0530] "GET /favicon.ico HTTP/1.1" 404 209
67.182.154.52 - - [08/Apr/2019:04:59:32 +0530] "GET /apple-touch-icon-precomposed.png HTTP/1.1" 404 230
67.182.154.52 - - [08/Apr/2019:04:59:32 +0530] "GET /apple-touch-icon.png HTTP/1.1" 404 218
67.182.154.52 - - [08/Apr/2019:04:59:32 +0530] "GET /favicon.ico HTTP/1.1" 404 209
99.254.73.4 - - [08/Apr/2019:05:01:03 +0530] "GET /eproofing_wiley_v2/journalimages/nmo.jpg HTTP/1.1" 404 238
133.54.95.21 - - [08/Apr/2019:05:05:55 +0530] "GET /eproofing_wiley_v2/journalimages/ccr3.jpg HTTP/1.1" 404 239
133.54.95.21 - - [08/Apr/2019:05:05:55 +0530] "GET /eproofing_wiley_v2/journalimages/ccr3.jpg HTTP/1.1" 404 239
67.182.154.52 - - [08/Apr/2019:05:08:08 +0530] "GET /apple-touch-icon-precomposed.png HTTP/1.1" 404 230
67.182.154.52 - - [08/Apr/2019:05:08:08 +0530] "GET /favicon.ico HTTP/1.1" 404 209
67.182.154.52 - - [08/Apr/2019:05:08:08 +0530] "GET /apple-touch-icon.png HTTP/1.1" 404 218
104.47.60.198 - - [08/Apr/2019:05:11:38 +0530] "GET /favicon.ico HTTP/1.1" 404 209
193.60.238.99 - - [08/Apr/2019:05:14:35 +0530] "GET /eproofing_wiley_v2/journalimages/hex.jpg HTTP/1.1" 404 238
202.241.99.129 - - [08/Apr/2019:05:19:26 +0530] "GET /eproofing_wiley_v2/journalimages/jch.jpg HTTP/1.1" 404 238
202.241.99.129 - - [08/Apr/2019:05:19:26 +0530] "GET /eproofing_wiley_v2/journalimages/jch.jpg HTTP/1.1" 404 238
202.241.99.129 - - [08/Apr/2019:05:19:38 +0530] "GET /eproofing_wiley_v2/journalimages/jch.jpg HTTP/1.1" 404 238
108.225.17.189 - - [08/Apr/2019:05:21:40 +0530] "GET /eproofing_wiley_v2/journalimages/liv.jpg HTTP/1.1" 404 238
34.76.29.37 - - [08/Apr/2019:05:24:53 +0530] "GET /wp-login.php HTTP/1.1" 404 210
111.206.198.94 - - [08/Apr/2019:05:25:24 +0530] "GET /oct_tnf/css/images/ui-bg_gloss-wave_35_f6a828_500x100.png HTTP/1.1" 404 255
111.206.221.109 - - [08/Apr/2019:05:25:24 +0530] "GET /oct_tnf/css/images/ui-bg_glass_100_f6f6f6_1x400.png HTTP/1.1" 404 249
219.217.246.95 - - [08/Apr/2019:05:29:33 +0530] "GET /favicon.ico HTTP/1.1" 404 209
202.14.85.241 - - [08/Apr/2019:05:31:42 +0530] "GET /eproofing_wiley_v2/journalimages/jcpe.jpg HTTP/1.1" 404 239
109.180.23.93 - - [08/Apr/2019:05:32:07 +0530] "GET /favicon.ico HTTP/1.1" 404 209
65.96.171.211 - - [08/Apr/2019:05:32:46 +0530] "GET /favicon.ico HTTP/1.1" 404 209
179.100.17.44 - - [08/Apr/2019:05:32:59 +0530] "GET /eproofing_wiley_v2/journalimages/cen.jpg HTTP/1.1" 404 238
158.222.135.160 - - [08/Apr/2019:05:33:14 +0530] "GET /favicon.ico HTTP/1.1" 404 209
34.225.242.190 - - [08/Apr/2019:05:34:17 +0530] "GET //ldskflks HTTP/1.1" 404 206
34.225.242.190 - - [08/Apr/2019:05:34:17 +0530] "GET //login HTTP/1.1" 404 203
109.180.23.93 - - [08/Apr/2019:05:34:29 +0530] "-" 408 -
116.92.226.235 - - [08/Apr/2019:05:36:27 +0530] "GET /eproofing_wiley_v2/journalimages/anec.jpg HTTP/1.1" 404 239
71.174.177.243 - - [08/Apr/2019:05:36:42 +0530] "GET /favicon.ico HTTP/1.1" 404 209
219.217.246.95 - - [08/Apr/2019:05:36:52 +0530] "GET /favicon.ico HTTP/1.1" 404 209
179.100.17.44 - - [08/Apr/2019:05:38:07 +0530] "GET /eproofing_wiley_v2/journalimages/cen.jpg HTTP/1.1" 404 238
116.92.226.235 - - [08/Apr/2019:05:38:37 +0530] "GET /eproofing_wiley_v2/journalimages/anec.jpg HTTP/1.1" 404 239
116.92.226.235 - - [08/Apr/2019:05:38:37 +0530] "GET /eproofing_wiley_v2/journalimages/anec.jpg HTTP/1.1" 404 239
116.92.226.235 - - [08/Apr/2019:05:39:59 +0530] "GET /eproofing_wiley_v2/journalimages/anec.jpg HTTP/1.1" 404 239
210.44.221.157 - - [08/Apr/2019:05:40:02 +0530] "GET /eproofing_wiley_v2/journalimages/nmo.jpg HTTP/1.1" 404 238
69.140.157.210 - - [08/Apr/2019:05:40:23 +0530] "GET /eproofing_wiley_v2/journalimages/phn.jpg HTTP/1.1" 404 238
69.140.157.210 - - [08/Apr/2019:05:41:24 +0530] "GET /eproofing_wiley_v2/journalimages/phn.jpg HTTP/1.1" 404 238
116.92.226.235 - - [08/Apr/2019:05:41:41 +0530] "GET /eproofing_wiley_v2/journalimages/anec.jpg HTTP/1.1" 404 239
116.92.226.235 - - [08/Apr/2019:05:41:47 +0530] "GET /eproofing_wiley_v2/journalimages/anec.jpg HTTP/1.1" 404 239
69.140.157.210 - - [08/Apr/2019:05:44:08 +0530] "GET /eproofing_wiley_v2/journalimages/phn.jpg HTTP/1.1" 404 238
141.243.9.161 - - [08/Apr/2019:05:44:31 +0530] "GET /eproofing_wiley_v2/journalimages/avsc.jpg HTTP/1.1" 404 239
116.92.226.235 - - [08/Apr/2019:05:44:35 +0530] "GET /eproofing_wiley_v2/journalimages/anec.jpg HTTP/1.1" 404 239
134.148.199.76 - - [08/Apr/2019:05:44:51 +0530] "POST /eproofing_wiley_v2/writefile.php HTTP/1.1" 302 -
99.246.77.161 - - [08/Apr/2019:05:45:00 +0530] "GET /eproofing_wiley_v2/journalimages/jne.jpg HTTP/1.1" 404 238
116.92.226.235 - - [08/Apr/2019:05:45:33 +0530] "POST /eproofing_wiley_v2/writefile.php HTTP/1.1" 302 -
116.92.226.235 - - [08/Apr/2019:05:45:51 +0530] "GET /eproofing_wiley_v2/journalimages/anec.jpg HTTP/1.1" 404 239
66.249.83.92 - - [08/Apr/2019:05:46:57 +0530] "GET /favicon.ico HTTP/1.1" 404 209
122.60.94.78 - - [08/Apr/2019:05:48:49 +0530] "GET /favicon.ico HTTP/1.1" 404 209
202.117.163.33 - - [08/Apr/2019:05:49:17 +0530] "GET /favicon.ico HTTP/1.1" 404 209
202.117.163.33 - - [08/Apr/2019:05:49:24 +0530] "GET /eproofing_wiley_v2/journalimages/cep.jpg HTTP/1.1" 404 238
116.228.78.181 - - [08/Apr/2019:05:50:24 +0530] "GET /eproofing_wiley_v2/journalimages/cpr.jpg HTTP/1.1" 404 238
116.228.78.181 - - [08/Apr/2019:05:50:29 +0530] "GET /eproofing_wiley_v2/imagedump.php?token=pVrlFZIvXSAF_86WN67kwA&Img=cpr12616-fig-0002.png HTTP/1.1" 302 -
116.228.78.181 - - [08/Apr/2019:05:50:29 +0530] "GET /eproofing_wiley_v2/imagedump.php?token=pVrlFZIvXSAF_86WN67kwA&Img=cpr12616-fig-0001.png HTTP/1.1" 302 -
116.228.78.181 - - [08/Apr/2019:05:50:29 +0530] "GET /eproofing_wiley_v2/imagedump.php?token=pVrlFZIvXSAF_86WN67kwA&Img=cpr12616-fig-0004.png HTTP/1.1" 302 -
116.228.78.181 - - [08/Apr/2019:05:50:29 +0530] "GET /eproofing_wiley_v2/imagedump.php?token=pVrlFZIvXSAF_86WN67kwA&Img=cpr12616-fig-0003.png HTTP/1.1" 302 -
116.228.78.181 - - [08/Apr/2019:05:50:29 +0530] "GET /eproofing_wiley_v2/imagedump.php?token=pVrlFZIvXSAF_86WN67kwA&Img=cpr12616-fig-0005.png HTTP/1.1" 302 -
116.228.78.181 - - [08/Apr/2019:05:50:45 +0530] "GET /eproofing_wiley_v2/journalimages/cpr.jpg HTTP/1.1" 404 238
202.14.85.241 - - [08/Apr/2019:05:50:45 +0530] "GET /eproofing_wiley_v2/journalimages/ajes.jpg HTTP/1.1" 404 239
116.228.78.181 - - [08/Apr/2019:05:50:48 +0530] "GET /eproofing_wiley_v2/imagedump.php?token=pVrlFZIvXSAF_86WN67kwA&Img=cpr12616-fig-0001.png HTTP/1.1" 302 -
116.228.78.181 - - [08/Apr/2019:05:50:48 +0530] "GET /eproofing_wiley_v2/imagedump.php?token=pVrlFZIvXSAF_86WN67kwA&Img=cpr12616-fig-0002.png HTTP/1.1" 302 -
116.228.78.181 - - [08/Apr/2019:05:50:48 +0530] "GET /eproofing_wiley_v2/imagedump.php?token=pVrlFZIvXSAF_86WN67kwA&Img=cpr12616-fig-0003.png HTTP/1.1" 302 -
116.228.78.181 - - [08/Apr/2019:05:50:48 +0530] "GET /eproofing_wiley_v2/imagedump.php?token=pVrlFZIvXSAF_86WN67kwA&Img=cpr12616-fig-0004.png HTTP/1.1" 302 -
116.228.78.181 - - [08/Apr/2019:05:50:48 +0530] "GET /eproofing_wiley_v2/imagedump.php?token=pVrlFZIvXSAF_86WN67kwA&Img=cpr12616-fig-0005.png HTTP/1.1" 302 -
202.117.163.33 - - [08/Apr/2019:05:52:15 +0530] "GET /eproofing_wiley_v2/journalimages/cep.jpg HTTP/1.1" 404 238
202.117.163.33 - - [08/Apr/2019:05:52:31 +0530] "GET /eproofing_wiley_v2/journalimages/cep.jpg HTTP/1.1" 404 238
99.246.77.161 - - [08/Apr/2019:05:54:30 +0530] "GET /eproofing_wiley_v2/journalimages/jne.jpg HTTP/1.1" 404 238
60.166.5.133 - - [08/Apr/2019:05:56:32 +0530] "GET /favicon.ico HTTP/1.1" 404 209
34.234.54.252 - - [08/Apr/2019:05:59:27 +0530] "GET /robots.txt HTTP/1.1" 404 208
34.234.54.252 - - [08/Apr/2019:05:59:29 +0530] "GET /robots.txt HTTP/1.1" 404 208
34.234.54.252 - - [08/Apr/2019:05:59:34 +0530] "GET /ads.txt HTTP/1.1" 404 205
193.60.238.99 - - [08/Apr/2019:06:02:18 +0530] "GET /favicon.ico HTTP/1.1" 404 209
123.63.137.194 - - [08/Apr/2019:06:03:02 +0530] "GET /favicon.ico HTTP/1.1" 404 209
123.63.137.194 - - [08/Apr/2019:06:03:14 +0530] "GET /favicon1.ico HTTP/1.1" 404 210
202.38.65.105 - - [08/Apr/2019:06:03:24 +0530] "GET /favicon.ico HTTP/1.1" 404 209
193.60.238.99 - - [08/Apr/2019:06:03:27 +0530] "GET /eproofing_wiley_v2/journalimages/hex.jpg HTTP/1.1" 404 238
193.60.238.99 - - [08/Apr/2019:06:03:45 +0530] "GET /eproofing_wiley_v2/journalimages/hex.jpg HTTP/1.1" 404 238
193.60.238.99 - - [08/Apr/2019:06:05:54 +0530] "POST /eproofing_wiley_v2/writefile.php HTTP/1.1" 302 -
123.63.137.194 - - [08/Apr/2019:06:06:06 +0530] "GET /favicon.ico HTTP/1.1" 404 209
123.63.137.194 - - [08/Apr/2019:06:06:13 +0530] "GET /favicon1.ico HTTP/1.1" 404 210
123.63.137.194 - - [08/Apr/2019:06:06:44 +0530] "GET /sprbwf-tchy-pms/utilities/logoutBWF.php HTTP/1.1" 302 -
123.63.137.194 - - [08/Apr/2019:06:06:45 +0530] "GET /favicon.ico HTTP/1.1" 404 209
123.63.137.194 - - [08/Apr/2019:06:06:50 +0530] "GET /favicon1.ico HTTP/1.1" 404 210
123.63.137.194 - - [08/Apr/2019:06:07:27 +0530] "GET /favicon.ico HTTP/1.1" 404 209
123.63.137.194 - - [08/Apr/2019:06:07:36 +0530] "GET /favicon1.ico HTTP/1.1" 404 210
122.184.55.66 - - [08/Apr/2019:06:08:37 +0530] "GET /main.php HTTP/1.1" 302 14066
122.184.55.66 - - [08/Apr/2019:06:08:38 +0530] "GET /favicon.ico HTTP/1.1" 404 209
118.185.204.162 - - [08/Apr/2019:06:08:59 +0530] "GET /eproofing_wiley_v2/journalimages/jopy.jpg HTTP/1.1" 404 239
118.185.204.162 - - [08/Apr/2019:06:09:01 +0530] "GET /eproofing_wiley_v2/journalimages/jopy.jpg HTTP/1.1" 404 239
118.185.204.162 - - [08/Apr/2019:06:09:08 +0530] "GET /eproofing_wiley_v2/journalimages/jopy.jpg HTTP/1.1" 404 239
122.184.55.66 - - [08/Apr/2019:06:09:12 +0530] "GET /favicon.ico HTTP/1.1" 404 209
123.63.137.194 - - [08/Apr/2019:06:09:15 +0530] "GET /favicon.ico HTTP/1.1" 404 209
123.63.137.194 - - [08/Apr/2019:06:09:34 +0530] "GET /favicon1.ico HTTP/1.1" 404 210
14.143.70.66 - - [08/Apr/2019:06:09:46 +0530] "GET /sprbwf-tchy-pms/main.php HTTP/1.1" 302 16830
14.143.70.66 - - [08/Apr/2019:06:09:48 +0530] "GET /favicon.ico HTTP/1.1" 404 209
14.143.70.66 - - [08/Apr/2019:06:09:48 +0530] "GET /favicon.ico HTTP/1.1" 404 209
123.63.137.194 - - [08/Apr/2019:06:10:58 +0530] "GET /favicon.ico HTTP/1.1" 404 209
61.134.11.247 - - [08/Apr/2019:06:11:15 +0530] "GET /favicon.ico HTTP/1.1" 404 209
123.63.137.194 - - [08/Apr/2019:06:11:26 +0530] "GET /sprbwf-tchy-pms/main.php HTTP/1.1" 302 16830
123.63.137.194 - - [08/Apr/2019:06:11:27 +0530] "GET /favicon.ico HTTP/1.1" 404 209
123.63.137.194 - - [08/Apr/2019:06:11:32 +0530] "GET /favicon1.ico HTTP/1.1" 404 210
118.185.204.162 - - [08/Apr/2019:06:12:13 +0530] "GET /eproofing_wiley_v2/journalimages/jopy.jpg HTTP/1.1" 404 239
202.14.85.241 - - [08/Apr/2019:06:13:06 +0530] "GET /eproofing_wiley_v2/journalimages/sdi.jpg HTTP/1.1" 404 238
123.63.137.194 - - [08/Apr/2019:06:13:21 +0530] "GET /favicon.ico HTTP/1.1" 404 209
123.63.137.194 - - [08/Apr/2019:06:13:24 +0530] "GET /favicon1.ico HTTP/1.1" 404 210
123.63.137.194 - - [08/Apr/2019:06:13:36 +0530] "GET /favicon.ico HTTP/1.1" 404 209
123.63.137.194 - - [08/Apr/2019:06:13:43 +0530] "GET /favicon1.ico HTTP/1.1" 404 210
111.187.16.127 - - [08/Apr/2019:06:15:09 +0530] "GET /eproofing_wiley_v2/journalimages/wer.jpg HTTP/1.1" 404 238
14.143.70.66 - - [08/Apr/2019:06:15:15 +0530] "GET /favicon.ico HTTP/1.1" 404 209
14.143.70.66 - - [08/Apr/2019:06:15:30 +0530] "GET /favicon1.ico HTTP/1.1" 404 210
61.254.45.7 - - [08/Apr/2019:06:16:39 +0530] "GET /eproofing_wiley_v2/journalimages/ecc.jpg HTTP/1.1" 404 238
99.246.77.161 - - [08/Apr/2019:06:17:11 +0530] "GET /favicon.ico HTTP/1.1" 404 209
61.254.45.7 - - [08/Apr/2019:06:17:38 +0530] "GET /eproofing_wiley_v2/css/cke_style.css HTTP/1.1" 206 10
222.122.190.66 - - [08/Apr/2019:06:17:45 +0530] "GET /robots.txt HTTP/1.1" 404 208
14.143.70.66 - - [08/Apr/2019:06:18:22 +0530] "GET /favicon.ico HTTP/1.1" 404 209
14.143.70.66 - - [08/Apr/2019:06:18:31 +0530] "GET /favicon1.ico HTTP/1.1" 404 210
122.184.55.66 - - [08/Apr/2019:06:18:38 +0530] "GET /main.php HTTP/1.1" 302 14066
123.63.137.194 - - [08/Apr/2019:06:19:25 +0530] "GET /favicon1.ico HTTP/1.1" 404 210
123.63.137.194 - - [08/Apr/2019:06:19:30 +0530] "GET /favicon.ico HTTP/1.1" 404 209
123.63.137.194 - - [08/Apr/2019:06:19:36 +0530] "GET /favicon1.ico HTTP/1.1" 404 210
64.233.172.173 - - [08/Apr/2019:06:19:41 +0530] "GET /favicon.ico HTTP/1.1" 404 209
123.63.137.194 - - [08/Apr/2019:06:20:25 +0530] "GET /favicon.ico HTTP/1.1" 404 209
123.63.137.194 - - [08/Apr/2019:06:20:30 +0530] "GET /favicon1.ico HTTP/1.1" 404 210
122.184.55.66 - - [08/Apr/2019:06:20:52 +0530] "GET /main.php HTTP/1.1" 302 14066
122.184.55.66 - - [08/Apr/2019:06:20:53 +0530] "GET /favicon.ico HTTP/1.1" 404 209
122.184.55.66 - - [08/Apr/2019:06:20:53 +0530] "GET /favicon.ico HTTP/1.1" 404 209
61.254.45.7 - - [08/Apr/2019:06:20:55 +0530] "GET /eproofing_wiley_v2/journalimages/ecc.jpg HTTP/1.1" 404 238
61.254.45.7 - - [08/Apr/2019:06:20:56 +0530] "GET /eproofing_wiley_v2/css/cke_style.css HTTP/1.1" 206 10
118.185.204.162 - - [08/Apr/2019:06:21:06 +0530] "GET /eproofing_wiley_v2/journalimages/pan.jpg HTTP/1.1" 404 238
118.185.204.162 - - [08/Apr/2019:06:21:07 +0530] "GET /eproofing_wiley_v2/journalimages/pan.jpg HTTP/1.1" 404 238
122.184.55.66 - - [08/Apr/2019:06:21:26 +0530] "GET /favicon.ico HTTP/1.1" 404 209
122.184.55.66 - - [08/Apr/2019:06:21:32 +0530] "GET /favicon.ico HTTP/1.1" 404 209
123.63.137.194 - - [08/Apr/2019:06:21:37 +0530] "GET /favicon.ico HTTP/1.1" 404 209
123.63.137.194 - - [08/Apr/2019:06:21:43 +0530] "GET /favicon1.ico HTTP/1.1" 404 210
122.184.55.66 - - [08/Apr/2019:06:22:01 +0530] "GET /favicon.ico HTTP/1.1" 404 209
202.14.85.241 - - [08/Apr/2019:06:22:50 +0530] "GET /eproofing_wiley_v2/journalimages/jmp.jpg HTTP/1.1" 404 238
122.184.55.66 - - [08/Apr/2019:06:23:12 +0530] "POST /common_php/commonFunctions.php HTTP/1.1" 500 -
99.246.77.161 - - [08/Apr/2019:06:23:18 +0530] "GET /eproofing_wiley_v2/journalimages/jne.jpg HTTP/1.1" 404 238
218.1.124.161 - - [08/Apr/2019:06:24:29 +0530] "GET /eproofing_wiley_v2/journalimages/jch.jpg HTTP/1.1" 404 238
14.143.70.66 - - [08/Apr/2019:06:25:33 +0530] "GET /favicon1.ico HTTP/1.1" 404 210
14.143.70.66 - - [08/Apr/2019:06:25:33 +0530] "GET /favicon1.ico HTTP/1.1" 404 210
123.63.137.194 - - [08/Apr/2019:06:27:48 +0530] "GET /favicon.ico HTTP/1.1" 404 209
123.63.137.194 - - [08/Apr/2019:06:28:08 +0530] "GET /favicon1.ico HTTP/1.1" 404 210
118.185.204.162 - - [08/Apr/2019:06:29:54 +0530] "GET /eproofing_wiley_v2/journalimages/xen.jpg HTTP/1.1" 404 238
133.13.82.16 - - [08/Apr/2019:06:32:03 +0530] "GET /eproofing_wiley_v2/journalimages/ece3.jpg HTTP/1.1" 404 239
218.19.145.10 - - [08/Apr/2019:06:32:05 +0530] "GET /favicon.ico HTTP/1.1" 404 209
218.19.145.10 - - [08/Apr/2019:06:32:13 +0530] "GET /eproofing_wiley_v2/journalimages/ece3.jpg HTTP/1.1" 404 239
14.143.70.66 - - [08/Apr/2019:06:32:29 +0530] "GET /imagedump.php?token=iXzCeMlffh92ANReAacBsQzSstb0XLtvVWHrU7h2v0U&Img=163481_12_Nl_BookFrontmatter_Fig4_HTML.gif HTTP/1.1" 302 -
14.143.70.66 - - [08/Apr/2019:06:32:29 +0530] "GET /imagedump.php?token=iXzCeMlffh92ANReAacBsQzSstb0XLtvVWHrU7h2v0U&Img=163481_12_Nl_BookFrontmatter_Fig2_HTML.gif HTTP/1.1" 302 -
14.143.70.66 - - [08/Apr/2019:06:32:29 +0530] "GET /imagedump.php?token=iXzCeMlffh92ANReAacBsQzSstb0XLtvVWHrU7h2v0U&Img=163481_12_Nl_BookFrontmatter_Fig1_HTML.gif HTTP/1.1" 302 -
14.143.70.66 - - [08/Apr/2019:06:32:29 +0530] "GET /imagedump.php?token=iXzCeMlffh92ANReAacBsQzSstb0XLtvVWHrU7h2v0U&Img=163481_12_Nl_BookFrontmatter_Fig3_HTML.gif HTTP/1.1" 302 -
14.143.70.66 - - [08/Apr/2019:06:32:29 +0530] "GET /imagedump.php?token=iXzCeMlffh92ANReAacBsQzSstb0XLtvVWHrU7h2v0U&Img=163481_12_Nl_BookFrontmatter_Figb_HTML.gif HTTP/1.1" 302 -
14.143.70.66 - - [08/Apr/2019:06:32:29 +0530] "GET /imagedump.php?token=iXzCeMlffh92ANReAacBsQzSstb0XLtvVWHrU7h2v0U&Img=163481_12_Nl_BookFrontmatter_Figc_HTML.gif HTTP/1.1" 302 -
14.143.70.66 - - [08/Apr/2019:06:33:25 +0530] "GET /sprbwf-tchy-pms/main.php HTTP/1.1" 302 16830
123.63.137.194 - - [08/Apr/2019:06:34:39 +0530] "GET /favicon.ico HTTP/1.1" 404 209
123.63.137.194 - - [08/Apr/2019:06:34:49 +0530] "GET /favicon1.ico HTTP/1.1" 404 210
141.243.9.161 - - [08/Apr/2019:06:34:53 +0530] "GET /eproofing_wiley_v2/journalimages/avsc.jpg HTTP/1.1" 404 239
141.243.9.161 - - [08/Apr/2019:06:35:12 +0530] "GET /favicon.ico HTTP/1.1" 404 209
122.184.55.66 - - [08/Apr/2019:06:35:13 +0530] "GET /favicon.ico HTTP/1.1" 404 209
141.243.9.161 - - [08/Apr/2019:06:35:14 +0530] "GET /favicon.ico HTTP/1.1" 404 209
61.134.11.247 - - [08/Apr/2019:06:35:23 +0530] "GET /favicon.ico HTTP/1.1" 404 209
141.243.9.161 - - [08/Apr/2019:06:35:24 +0530] "GET /favicon.ico HTTP/1.1" 404 209
141.243.9.161 - - [08/Apr/2019:06:35:26 +0530] "GET /favicon.ico HTTP/1.1" 404 209
118.185.204.162 - - [08/Apr/2019:06:35:28 +0530] "GET /eproofing_wiley_v2/journalimages/mmi.jpg HTTP/1.1" 404 238
141.243.9.161 - - [08/Apr/2019:06:35:28 +0530] "GET /favicon.ico HTTP/1.1" 404 209
118.185.204.162 - - [08/Apr/2019:06:35:30 +0530] "GET /eproofing_wiley_v2/journalimages/mmi.jpg HTTP/1.1" 404 238
141.243.9.161 - - [08/Apr/2019:06:35:30 +0530] "GET /favicon.ico HTTP/1.1" 404 209
141.243.9.161 - - [08/Apr/2019:06:35:32 +0530] "GET /favicon.ico HTTP/1.1" 404 209
141.243.9.161 - - [08/Apr/2019:06:35:36 +0530] "GET /favicon.ico HTTP/1.1" 404 209
202.14.85.241 - - [08/Apr/2019:06:35:55 +0530] "GET /eproofing_wiley_v2/journalimages/jmp.jpg HTTP/1.1" 404 238
118.185.204.162 - - [08/Apr/2019:06:36:42 +0530] "GET /eproofing_wiley_v2/journalimages/pan.jpg HTTP/1.1" 404 238
118.185.204.162 - - [08/Apr/2019:06:36:57 +0530] "GET /eproofing_wiley_v2/journalimages/jfpp.jpg HTTP/1.1" 404 239
118.185.204.162 - - [08/Apr/2019:06:36:58 +0530] "GET /eproofing_wiley_v2/journalimages/jfpp.jpg HTTP/1.1" 404 239
14.143.70.66 - - [08/Apr/2019:06:37:04 +0530] "GET /sprbwf-tchy-pms/main.php HTTP/1.1" 302 16830
14.143.70.66 - - [08/Apr/2019:06:37:05 +0530] "GET /favicon.ico HTTP/1.1" 404 209
14.143.70.66 - - [08/Apr/2019:06:37:05 +0530] "GET /favicon.ico HTTP/1.1" 404 209
118.185.204.162 - - [08/Apr/2019:06:37:10 +0530] "GET /eproofing_wiley_v2/journalimages/pan.jpg HTTP/1.1" 404 238
14.143.70.66 - - [08/Apr/2019:06:37:15 +0530] "GET /favicon1.ico HTTP/1.1" 404 210
172.105.229.238 - - [08/Apr/2019:06:38:43 +0530] "GET /eproofing_wiley_v2/journalimages/nmo.jpg HTTP/1.1" 404 238
112.17.235.19 - - [08/Apr/2019:06:39:18 +0530] "GET /eproofing_wiley_v2/journalimages/jvs.jpg HTTP/1.1" 404 238
202.14.85.241 - - [08/Apr/2019:06:39:37 +0530] "GET /eproofing_wiley_v2/journalimages/nmo.jpg HTTP/1.1" 404 238
133.13.82.16 - - [08/Apr/2019:06:39:43 +0530] "GET /eproofing_wiley_v2/journalimages/ece3.jpg HTTP/1.1" 404 239
202.14.85.241 - - [08/Apr/2019:06:40:25 +0530] "GET /favicon.ico HTTP/1.1" 404 209
123.63.137.194 - - [08/Apr/2019:06:41:12 +0530] "GET /favicon.ico HTTP/1.1" 404 209
118.185.204.162 - - [08/Apr/2019:06:42:06 +0530] "GET /eproofing_wiley_v2/journalimages/jen.jpg HTTP/1.1" 404 238
118.185.204.162 - - [08/Apr/2019:06:42:07 +0530] "GET /eproofing_wiley_v2/journalimages/jen.jpg HTTP/1.1" 404 238
123.63.137.194 - - [08/Apr/2019:06:42:29 +0530] "GET /favicon.ico HTTP/1.1" 404 209
123.63.137.194 - - [08/Apr/2019:06:42:38 +0530] "GET /favicon1.ico HTTP/1.1" 404 210
106.37.181.104 - - [08/Apr/2019:06:43:06 +0530] "GET /favicon.ico HTTP/1.1" 404 209
106.37.181.104 - - [08/Apr/2019:06:43:11 +0530] "GET /eproofing_wiley_v2/journalimages/ece3.jpg HTTP/1.1" 404 239
14.143.70.66 - - [08/Apr/2019:06:43:25 +0530] "GET /imagedump.php?token=iXzCeMlffh92ANReAacBsQzSstb0XLtvVWHrU7h2v0U&Img=163481_12_Nl_BookFrontmatter_Fig1_HTML.gif HTTP/1.1" 302 -
14.143.70.66 - - [08/Apr/2019:06:43:25 +0530] "GET /imagedump.php?token=iXzCeMlffh92ANReAacBsQzSstb0XLtvVWHrU7h2v0U&Img=163481_12_Nl_BookFrontmatter_Fig2_HTML.gif HTTP/1.1" 302 -
14.143.70.66 - - [08/Apr/2019:06:43:25 +0530] "GET /imagedump.php?token=iXzCeMlffh92ANReAacBsQzSstb0XLtvVWHrU7h2v0U&Img=163481_12_Nl_BookFrontmatter_Fig3_HTML.gif HTTP/1.1" 302 -
14.143.70.66 - - [08/Apr/2019:06:43:25 +0530] "GET /imagedump.php?token=iXzCeMlffh92ANReAacBsQzSstb0XLtvVWHrU7h2v0U&Img=163481_12_Nl_BookFrontmatter_Fig4_HTML.gif HTTP/1.1" 302 -
14.143.70.66 - - [08/Apr/2019:06:43:25 +0530] "GET /imagedump.php?token=iXzCeMlffh92ANReAacBsQzSstb0XLtvVWHrU7h2v0U&Img=163481_12_Nl_BookFrontmatter_Figb_HTML.gif HTTP/1.1" 302 -
14.143.70.66 - - [08/Apr/2019:06:43:25 +0530] "GET /imagedump.php?token=iXzCeMlffh92ANReAacBsQzSstb0XLtvVWHrU7h2v0U&Img=163481_12_Nl_BookFrontmatter_Figc_HTML.gif HTTP/1.1" 302 -
14.143.70.66 - - [08/Apr/2019:06:43:34 +0530] "GET /imagedump.php?token=iXzCeMlffh92ANReAacBsQzSstb0XLtvVWHrU7h2v0U&Img=163481_12_Nl_BookFrontmatter_Fig2_HTML.gif HTTP/1.1" 302 -
14.143.70.66 - - [08/Apr/2019:06:43:34 +0530] "GET /imagedump.php?token=iXzCeMlffh92ANReAacBsQzSstb0XLtvVWHrU7h2v0U&Img=163481_12_Nl_BookFrontmatter_Fig3_HTML.gif HTTP/1.1" 302 -
14.143.70.66 - - [08/Apr/2019:06:43:34 +0530] "GET /imagedump.php?token=iXzCeMlffh92ANReAacBsQzSstb0XLtvVWHrU7h2v0U&Img=163481_12_Nl_BookFrontmatter_Fig4_HTML.gif HTTP/1.1" 302 -
14.143.70.66 - - [08/Apr/2019:06:43:34 +0530] "GET /imagedump.php?token=iXzCeMlffh92ANReAacBsQzSstb0XLtvVWHrU7h2v0U&Img=163481_12_Nl_BookFrontmatter_Figb_HTML.gif HTTP/1.1" 302 -
14.143.70.66 - - [08/Apr/2019:06:43:34 +0530] "GET /imagedump.php?token=iXzCeMlffh92ANReAacBsQzSstb0XLtvVWHrU7h2v0U&Img=163481_12_Nl_BookFrontmatter_Fig1_HTML.gif HTTP/1.1" 302 -
14.143.70.66 - - [08/Apr/2019:06:43:34 +0530] "GET /imagedump.php?token=iXzCeMlffh92ANReAacBsQzSstb0XLtvVWHrU7h2v0U&Img=163481_12_Nl_BookFrontmatter_Figc_HTML.gif HTTP/1.1" 302 -
123.63.137.194 - - [08/Apr/2019:06:45:37 +0530] "GET /favicon1.ico HTTP/1.1" 404 210
118.185.204.162 - - [08/Apr/2019:06:45:45 +0530] "GET /eproofing_wiley_v2/journalimages/capa.jpg HTTP/1.1" 404 239
118.185.204.162 - - [08/Apr/2019:06:45:45 +0530] "GET /eproofing_wiley_v2/journalimages/capa.jpg HTTP/1.1" 404 239
118.185.204.162 - - [08/Apr/2019:06:46:03 +0530] "GET /eproofing_wiley_v2/journalimages/crj.jpg HTTP/1.1" 404 238
118.185.204.162 - - [08/Apr/2019:06:46:07 +0530] "GET /eproofing_wiley_v2/journalimages/crj.jpg HTTP/1.1" 404 238
123.63.137.194 - - [08/Apr/2019:06:47:03 +0530] "GET /favicon.ico HTTP/1.1" 404 209
123.63.137.194 - - [08/Apr/2019:06:47:16 +0530] "GET /favicon1.ico HTTP/1.1" 404 210
118.185.204.162 - - [08/Apr/2019:06:47:56 +0530] "GET /eproofing_wiley_v2/journalimages/jfpp.jpg HTTP/1.1" 404 239
202.14.85.241 - - [08/Apr/2019:06:49:34 +0530] "GET /eproofing_wiley_v2/journalimages/ecc.jpg HTTP/1.1" 404 238
202.14.85.241 - - [08/Apr/2019:06:49:57 +0530] "GET /eproofing_wiley_v2/journalimages/ecc.jpg HTTP/1.1" 404 238
141.243.9.161 - - [08/Apr/2019:06:50:03 +0530] "GET /favicon.ico HTTP/1.1" 404 209
141.243.9.161 - - [08/Apr/2019:06:50:14 +0530] "GET /favicon.ico HTTP/1.1" 404 209
58.213.51.66 - - [08/Apr/2019:06:50:48 +0530] "GET /eproofing_wiley_v2/journalimages/cam4.jpg HTTP/1.1" 404 239
118.185.204.162 - - [08/Apr/2019:06:51:15 +0530] "GET /eproofing_wiley_v2/journalimages/jfpp.jpg HTTP/1.1" 404 239
141.243.9.161 - - [08/Apr/2019:06:51:28 +0530] "GET /favicon.ico HTTP/1.1" 404 209
141.243.9.161 - - [08/Apr/2019:06:51:30 +0530] "GET /favicon.ico HTTP/1.1" 404 209
141.243.9.161 - - [08/Apr/2019:06:51:33 +0530] "GET /favicon.ico HTTP/1.1" 404 209
141.243.9.161 - - [08/Apr/2019:06:51:52 +0530] "GET /favicon.ico HTTP/1.1" 404 209
141.243.9.161 - - [08/Apr/2019:06:51:53 +0530] "GET /favicon.ico HTTP/1.1" 404 209
141.243.9.161 - - [08/Apr/2019:06:51:55 +0530] "GET /favicon.ico HTTP/1.1" 404 209
202.14.85.241 - - [08/Apr/2019:06:52:58 +0530] "GET /eproofing_wiley_v2/journalimages/ece3.jpg HTTP/1.1" 404 239
141.243.9.161 - - [08/Apr/2019:06:53:03 +0530] "GET /favicon.ico HTTP/1.1" 404 209
141.243.9.161 - - [08/Apr/2019:06:53:09 +0530] "GET /favicon.ico HTTP/1.1" 404 209
141.243.9.161 - - [08/Apr/2019:06:53:13 +0530] "GET /favicon.ico HTTP/1.1" 404 209
118.185.204.162 - - [08/Apr/2019:06:53:20 +0530] "GET /eproofing_wiley_v2/journalimages/exd.jpg HTTP/1.1" 404 238
121.237.229.11 - - [08/Apr/2019:06:53:23 +0530] "GET /eproofing_wiley_v2/journalimages/wer.jpg HTTP/1.1" 404 238
141.243.9.161 - - [08/Apr/2019:06:53:32 +0530] "GET /favicon.ico HTTP/1.1" 404 209
141.243.9.161 - - [08/Apr/2019:06:53:38 +0530] "GET /favicon.ico HTTP/1.1" 404 209
141.243.9.161 - - [08/Apr/2019:06:53:41 +0530] "GET /favicon.ico HTTP/1.1" 404 209
141.243.9.161 - - [08/Apr/2019:06:53:44 +0530] "GET /favicon.ico HTTP/1.1" 404 209
141.243.9.161 - - [08/Apr/2019:06:53:46 +0530] "GET /favicon.ico HTTP/1.1" 404 209
141.243.9.161 - - [08/Apr/2019:06:53:51 +0530] "GET /favicon.ico HTTP/1.1" 404 209
141.243.9.161 - - [08/Apr/2019:06:53:55 +0530] "GET /favicon.ico HTTP/1.1" 404 209
118.185.204.162 - - [08/Apr/2019:06:53:56 +0530] "GET /eproofing_wiley_v2/journalimages/jen.jpg HTTP/1.1" 404 238
141.243.9.161 - - [08/Apr/2019:06:54:00 +0530] "GET /favicon.ico HTTP/1.1" 404 209
61.157.97.82 - - [08/Apr/2019:06:54:33 +0530] "GET /favicon.ico HTTP/1.1" 404 209
202.14.85.241 - - [08/Apr/2019:06:55:52 +0530] "GET /eproofing_wiley_v2/journalimages/ecc.jpg HTTP/1.1" 404 238
123.63.137.194 - - [08/Apr/2019:06:56:00 +0530] "GET /favicon.ico HTTP/1.1" 404 209
123.63.137.194 - - [08/Apr/2019:06:56:13 +0530] "GET /favicon1.ico HTTP/1.1" 404 210
124.19.25.1 - - [08/Apr/2019:06:56:44 +0530] "GET /eproofing_wiley_v2/journalimages/eva.jpg HTTP/1.1" 404 238
104.47.117.249 - - [08/Apr/2019:06:57:01 +0530] "GET /eproofing_wiley_v2/journalimages/eva.jpg HTTP/1.1" 404 238
104.47.117.249 - - [08/Apr/2019:06:57:04 +0530] "GET /favicon.ico HTTP/1.1" 404 209
121.237.229.11 - - [08/Apr/2019:06:57:08 +0530] "GET /eproofing_wiley_v2/journalimages/wer.jpg HTTP/1.1" 404 238
14.143.70.66 - - [08/Apr/2019:06:57:28 +0530] "GET /favicon.ico HTTP/1.1" 404 209
202.14.85.241 - - [08/Apr/2019:06:57:29 +0530] "GET /eproofing_wiley_v2/journalimages/sdi.jpg HTTP/1.1" 404 238
123.63.137.194 - - [08/Apr/2019:06:57:44 +0530] "GET /ckeditor4.4/ckeditor.js HTTP/1.1" 206 81292
123.63.137.194 - - [08/Apr/2019:06:57:47 +0530] "GET /eproofing_wiley_v2/journalimages/jph.jpg HTTP/1.1" 404 238
14.143.70.66 - - [08/Apr/2019:06:57:48 +0530] "GET /favicon1.ico HTTP/1.1" 404 210
118.185.204.162 - - [08/Apr/2019:06:57:54 +0530] "GET /eproofing_wiley_v2/journalimages/jen.jpg HTTP/1.1" 404 238
118.185.204.162 - - [08/Apr/2019:06:57:55 +0530] "GET /eproofing_wiley_v2/journalimages/jen.jpg HTTP/1.1" 404 238
186.207.135.8 - - [08/Apr/2019:06:58:17 +0530] "GET /eproofing_wiley_v2/journalimages/cen.jpg HTTP/1.1" 404 238
122.184.55.66 - - [08/Apr/2019:07:00:16 +0530] "GET /favicon.ico HTTP/1.1" 404 209
