115.230.109.235 - - [08/Apr/2019:17:08:35 +0530] "POST /eproofing_wiley_v2/writefile.php HTTP/1.1" 302 -
115.230.109.235 - - [08/Apr/2019:17:09:18 +0530] "GET /eproofing_wiley_v2/journalimages/cam4.jpg HTTP/1.1" 404 239
73.198.124.200 - - [08/Apr/2019:17:09:25 +0530] "GET /eproofing_wiley_v2/journalimages/jvh.jpg HTTP/1.1" 404 238
202.192.88.235 - - [08/Apr/2019:17:09:35 +0530] "GET /eproofing_wiley_v2/journalimages/jfpp.jpg HTTP/1.1" 404 239
14.143.70.66 - - [08/Apr/2019:17:10:16 +0530] "-" 408 -
123.63.137.194 - - [08/Apr/2019:17:10:54 +0530] "GET /favicon.ico HTTP/1.1" 404 209
123.63.137.194 - - [08/Apr/2019:17:11:06 +0530] "GET /favicon1.ico HTTP/1.1" 404 210
106.180.4.114 - - [08/Apr/2019:17:11:14 +0530] "GET /eproofing_wiley_v2/journalimages/rth2.jpg HTTP/1.1" 404 239
83.38.66.82 - - [08/Apr/2019:17:12:11 +0530] "GET /favicon.ico HTTP/1.1" 404 209
117.136.77.2 - - [08/Apr/2019:17:12:14 +0530] "GET /eproofing_wiley_v2/journalimages/cam4.jpg HTTP/1.1" 404 239
24.61.241.205 - - [08/Apr/2019:17:12:17 +0530] "GET /eproofing_wiley_v2/journalimages/geb.jpg HTTP/1.1" 404 238
52.44.93.197 - - [08/Apr/2019:17:12:21 +0530] "GET /eproofing_wiley_v2/journalimages/geb.jpg HTTP/1.1" 404 238
123.63.137.194 - - [08/Apr/2019:17:12:41 +0530] "GET /favicon.ico HTTP/1.1" 404 209
123.63.137.194 - - [08/Apr/2019:17:12:42 +0530] "GET /favicon.ico HTTP/1.1" 404 209
24.61.241.205 - - [08/Apr/2019:17:12:50 +0530] "GET /favicon.ico HTTP/1.1" 404 209
38.132.96.35 - - [08/Apr/2019:17:12:50 +0530] "GET /eproofing_wiley_v2/journalimages/geb.jpg HTTP/1.1" 404 238
117.136.77.2 - - [08/Apr/2019:17:12:52 +0530] "GET /eproofing_wiley_v2/journalimages/cam4.jpg HTTP/1.1" 404 239
123.63.137.194 - - [08/Apr/2019:17:12:58 +0530] "GET /sprbwf-tchy-pms/main.php HTTP/1.1" 302 16830
123.63.137.194 - - [08/Apr/2019:17:12:59 +0530] "GET /favicon.ico HTTP/1.1" 404 209
83.38.66.82 - - [08/Apr/2019:17:13:02 +0530] "-" 408 -
117.136.77.2 - - [08/Apr/2019:17:13:13 +0530] "GET /eproofing_wiley_v2/journalimages/cam4.jpg HTTP/1.1" 404 239
123.63.137.194 - - [08/Apr/2019:17:13:26 +0530] "GET /sprbwf-tchy-pms/main.php HTTP/1.1" 302 16830
123.63.137.194 - - [08/Apr/2019:17:13:28 +0530] "GET /favicon.ico HTTP/1.1" 404 209
123.63.137.194 - - [08/Apr/2019:17:13:32 +0530] "GET /favicon.ico HTTP/1.1" 404 209
123.63.137.194 - - [08/Apr/2019:17:13:34 +0530] "GET /favicon1.ico HTTP/1.1" 404 210
14.143.70.66 - - [08/Apr/2019:17:13:35 +0530] "GET /eproofing_wiley_v2/journalimages/tbj.jpg HTTP/1.1" 404 238
123.63.137.194 - - [08/Apr/2019:17:13:36 +0530] "GET /favicon.ico HTTP/1.1" 404 209
123.63.137.194 - - [08/Apr/2019:17:13:45 +0530] "GET /favicon1.ico HTTP/1.1" 404 210
202.14.85.241 - - [08/Apr/2019:17:14:31 +0530] "GET /eproofing_wiley_v2/journalimages/jvh.jpg HTTP/1.1" 404 238
167.98.22.132 - - [08/Apr/2019:17:15:03 +0530] "POST /eproofing_wiley_v2/writefile.php HTTP/1.1" 302 -
120.144.141.212 - - [08/Apr/2019:17:15:52 +0530] "GET /favicon.ico HTTP/1.1" 404 209
123.63.137.194 - - [08/Apr/2019:17:15:53 +0530] "GET /sprbwf-tchy-pms/main.php HTTP/1.1" 302 16830
123.63.137.194 - - [08/Apr/2019:17:15:54 +0530] "GET /favicon.ico HTTP/1.1" 404 209
123.63.137.194 - - [08/Apr/2019:17:16:00 +0530] "GET /favicon1.ico HTTP/1.1" 404 210
14.143.70.66 - - [08/Apr/2019:17:16:10 +0530] "GET /sprbwf-tchy-pms/utilities/logoutBWF.php HTTP/1.1" 302 -
117.136.77.2 - - [08/Apr/2019:17:16:33 +0530] "GET /eproofing_wiley_v2/journalimages/cam4.jpg HTTP/1.1" 404 239
14.143.70.66 - - [08/Apr/2019:17:17:01 +0530] "GET /favicon.ico HTTP/1.1" 404 209
66.102.8.173 - - [08/Apr/2019:17:17:06 +0530] "GET /sprjwfflce/support/php/fileDownload.php HTTP/1.1" 500 -
121.220.145.85 - - [08/Apr/2019:17:17:20 +0530] "GET /favicon.ico HTTP/1.1" 404 209
14.143.70.66 - - [08/Apr/2019:17:18:13 +0530] "GET /sprbwf-tchy-pms/utilities/logoutBWF.php HTTP/1.1" 302 -
115.230.109.235 - - [08/Apr/2019:17:19:08 +0530] "GET /eproofing_wiley_v2/journalimages/cam4.jpg HTTP/1.1" 404 239
14.143.70.66 - - [08/Apr/2019:17:19:12 +0530] "GET /eproofing_wiley_v2/journalimages/clr.jpg HTTP/1.1" 404 238
123.63.137.194 - - [08/Apr/2019:17:19:19 +0530] "GET /favicon.ico HTTP/1.1" 404 209
123.63.137.194 - - [08/Apr/2019:17:19:30 +0530] "GET /favicon1.ico HTTP/1.1" 404 210
14.143.70.66 - - [08/Apr/2019:17:20:59 +0530] "GET /eproofing_wiley_v2/journalimages/clr.jpg HTTP/1.1" 404 238
14.143.70.66 - - [08/Apr/2019:17:21:08 +0530] "GET /eproofing_wiley_v2/journalimages/cen.jpg HTTP/1.1" 404 238
122.184.55.66 - - [08/Apr/2019:17:21:13 +0530] "-" 408 -
122.184.55.66 - - [08/Apr/2019:17:21:19 +0530] "POST /common_php/commonFunctions.php HTTP/1.1" 500 -
14.143.70.66 - - [08/Apr/2019:17:21:34 +0530] "GET /eproofing_wiley_v2/journalimages/cen.jpg HTTP/1.1" 404 238
14.143.70.66 - - [08/Apr/2019:17:22:30 +0530] "POST /eproofing_wiley_v2/writefile.php HTTP/1.1" 302 -
177.159.195.146 - - [08/Apr/2019:17:22:34 +0530] "GET /eproofing_wiley_v2/journalimages/odi.jpg HTTP/1.1" 404 238
177.159.195.146 - - [08/Apr/2019:17:22:34 +0530] "GET /eproofing_wiley_v2/journalimages/odi.jpg HTTP/1.1" 404 238
129.206.90.2 - - [08/Apr/2019:17:22:38 +0530] "GET /favicon.ico HTTP/1.1" 404 209
177.159.195.146 - - [08/Apr/2019:17:22:58 +0530] "GET /eproofing_wiley_v2/journalimages/odi.jpg HTTP/1.1" 404 238
14.143.70.66 - - [08/Apr/2019:17:23:14 +0530] "GET /eproofing_wiley_v2/journalimages/ijac.jpg HTTP/1.1" 404 239
14.143.70.66 - - [08/Apr/2019:17:23:30 +0530] "GET /eproofing_wiley_v2/journalimages/aogs.jpg HTTP/1.1" 404 239
117.136.77.2 - - [08/Apr/2019:17:23:53 +0530] "GET /eproofing_wiley_v2/journalimages/cam4.jpg HTTP/1.1" 404 239
14.143.70.66 - - [08/Apr/2019:17:24:22 +0530] "GET /sprbwf-tchy-pms/utilities/logoutBWF.php HTTP/1.1" 302 -
14.143.70.66 - - [08/Apr/2019:17:24:53 +0530] "-" 408 -
157.55.39.35 - - [08/Apr/2019:17:25:38 +0530] "GET /robots.txt HTTP/1.1" 404 208
14.143.70.66 - - [08/Apr/2019:17:25:42 +0530] "GET /eproofing_wiley_v2/journalimages/aogs.jpg HTTP/1.1" 404 239
40.77.167.10 - - [08/Apr/2019:17:25:44 +0530] "GET /oxe_tf_v3/oxe_help.php?token=.zC0Jg0R75iOYssRiFvruTEDa36JKS9hSrIqGXAISgVI...Please HTTP/1.1" 404 220
117.136.77.2 - - [08/Apr/2019:17:25:50 +0530] "GET /eproofing_wiley_v2/journalimages/cam4.jpg HTTP/1.1" 404 239
202.14.85.241 - - [08/Apr/2019:17:27:30 +0530] "GET /eproofing_wiley_v2/journalimages/ddi.jpg HTTP/1.1" 404 238
14.143.70.66 - - [08/Apr/2019:17:27:34 +0530] "GET /sprbwf-tchy-pms/main.php HTTP/1.1" 302 16830
14.143.70.66 - - [08/Apr/2019:17:27:48 +0530] "GET /favicon1.ico HTTP/1.1" 404 210
103.9.97.234 - - [08/Apr/2019:17:27:54 +0530] "GET /eproofing_wiley_v2/journalimages/srt.jpg HTTP/1.1" 404 238
193.255.241.5 - - [08/Apr/2019:17:28:12 +0530] "GET /eproofing_wiley_v2/journalimages/jfbc.jpg HTTP/1.1" 404 239
117.136.77.2 - - [08/Apr/2019:17:28:41 +0530] "GET /eproofing_wiley_v2/journalimages/cam4.jpg HTTP/1.1" 404 239
24.46.2.50 - - [08/Apr/2019:17:28:45 +0530] "GET /eproofing_wiley_v2/journalimages/roie.jpg HTTP/1.1" 404 239
113.4.219.224 - - [08/Apr/2019:17:29:03 +0530] "GET /eproofing_wiley_v2/journalimages/jpn.jpg HTTP/1.1" 404 238
24.46.2.50 - - [08/Apr/2019:17:29:19 +0530] "GET /favicon.ico HTTP/1.1" 404 209
117.136.77.2 - - [08/Apr/2019:17:29:20 +0530] "GET /eproofing_wiley_v2/journalimages/cam4.jpg HTTP/1.1" 404 239
193.255.241.5 - - [08/Apr/2019:17:29:26 +0530] "GET /eproofing_wiley_v2/journalimages/jfbc.jpg HTTP/1.1" 404 239
150.174.50.1 - - [08/Apr/2019:17:30:01 +0530] "GET /eproofing_wiley_v2/journalimages/fsn3.jpg HTTP/1.1" 404 239
14.143.70.66 - - [08/Apr/2019:17:30:34 +0530] "-" 408 -
24.46.2.50 - - [08/Apr/2019:17:31:01 +0530] "GET /eproofing_wiley_v2/journalimages/roie.jpg HTTP/1.1" 404 239
14.143.70.66 - - [08/Apr/2019:17:31:01 +0530] "GET /eproofing_wiley_v2/journalimages/liv.jpg HTTP/1.1" 404 238
150.174.50.1 - - [08/Apr/2019:17:32:13 +0530] "GET /eproofing_wiley_v2/journalimages/fsn3.jpg HTTP/1.1" 404 239
123.63.137.194 - - [08/Apr/2019:17:32:31 +0530] "GET /favicon.ico HTTP/1.1" 404 209
160.2.54.212 - - [08/Apr/2019:17:33:14 +0530] "GET /eproofing_wiley_v2/journalimages/dev.jpg HTTP/1.1" 404 238
160.2.54.212 - - [08/Apr/2019:17:33:15 +0530] "GET /eproofing_wiley_v2/journalimages/dev.jpg HTTP/1.1" 404 238
14.143.70.66 - - [08/Apr/2019:17:33:26 +0530] "GET /eproofing_wiley_v2/journalimages/capa.jpg HTTP/1.1" 404 239
14.143.70.66 - - [08/Apr/2019:17:33:33 +0530] "GET /eproofing_wiley_v2/journalimages/capa.jpg HTTP/1.1" 404 239
120.147.19.249 - - [08/Apr/2019:17:33:56 +0530] "POST /eproofing_wiley_v2/writefile.php HTTP/1.1" 302 -
202.14.85.241 - - [08/Apr/2019:17:34:34 +0530] "GET /eproofing_wiley_v2/journalimages/ccr3.jpg HTTP/1.1" 404 239
146.198.55.50 - - [08/Apr/2019:17:35:02 +0530] "GET /eproofing_wiley_v2/index.php?token=X9l9WypzHfJwgajlBoDcIoX2cbLSP1J4_3lsBFv_up2ZEAP9KweMeXi_Mftoa_IIGY8IIUNHD7Mk_uhrA7yK3q3inAjED-XtERhu9u4W5GY HTTP/1.1" 302 -
146.198.55.50 - - [08/Apr/2019:17:35:04 +0530] "GET /favicon.ico HTTP/1.1" 404 209
14.143.70.66 - - [08/Apr/2019:17:35:17 +0530] "-" 408 -
14.143.70.66 - - [08/Apr/2019:17:35:18 +0530] "-" 408 -
83.103.212.20 - - [08/Apr/2019:17:35:50 +0530] "GET /eproofing_wiley_v2/journalimages/ccr3.jpg HTTP/1.1" 404 239
14.143.70.66 - - [08/Apr/2019:17:37:03 +0530] "-" 408 -
129.206.90.2 - - [08/Apr/2019:17:37:47 +0530] "POST /eproofing_wiley_v2/writefile.php HTTP/1.1" 302 -
83.103.212.20 - - [08/Apr/2019:17:37:54 +0530] "POST /eproofing_wiley_v2/writefile.php HTTP/1.1" 302 -
123.63.137.194 - - [08/Apr/2019:17:38:04 +0530] "GET /favicon.ico HTTP/1.1" 404 209
65.96.154.10 - - [08/Apr/2019:17:40:24 +0530] "GET /eproofing_wiley_v2/journalimages/jgc4.jpg HTTP/1.1" 404 239
14.143.70.66 - - [08/Apr/2019:17:41:00 +0530] "GET /eproofing_wiley_v2/journalimages/aogs.jpg HTTP/1.1" 404 239
117.136.77.2 - - [08/Apr/2019:17:41:16 +0530] "GET /eproofing_wiley_v2/journalimages/cam4.jpg HTTP/1.1" 404 239
123.63.137.194 - - [08/Apr/2019:17:43:20 +0530] "GET /favicon1.ico HTTP/1.1" 404 210
123.63.137.194 - - [08/Apr/2019:17:43:44 +0530] "GET /sprbwf-tchy-pms/utilities/logoutBWF.php HTTP/1.1" 302 -
123.63.137.194 - - [08/Apr/2019:17:43:45 +0530] "GET /favicon.ico HTTP/1.1" 404 209
117.136.86.51 - - [08/Apr/2019:17:43:58 +0530] "GET /eproofing_wiley_v2/journalimages/cpr.jpg HTTP/1.1" 404 238
194.254.71.135 - - [08/Apr/2019:17:44:30 +0530] "GET /eproofing_wiley_v2/journalimages/jsr.jpg HTTP/1.1" 404 238
117.136.87.39 - - [08/Apr/2019:17:45:30 +0530] "GET /eproofing_wiley_v2/journalimages/cpr.jpg HTTP/1.1" 404 238
206.201.80.36 - - [08/Apr/2019:17:45:40 +0530] "GET /eproofing_wiley_v2/journalimages/hesr.jpg HTTP/1.1" 404 239
182.207.216.33 - - [08/Apr/2019:17:45:54 +0530] "GET /eproofing_wiley_v2/journalimages/gcb.jpg HTTP/1.1" 404 238
122.184.55.66 - - [08/Apr/2019:17:46:10 +0530] "GET /favicon.ico HTTP/1.1" 404 209
150.174.50.1 - - [08/Apr/2019:17:46:18 +0530] "GET /favicon.ico HTTP/1.1" 404 209
206.201.80.36 - - [08/Apr/2019:17:47:22 +0530] "GET /eproofing_wiley_v2/journalimages/hesr.jpg HTTP/1.1" 404 239
150.174.50.1 - - [08/Apr/2019:17:47:47 +0530] "GET /eproofing_wiley_v2/journalimages/fsn3.jpg HTTP/1.1" 404 239
150.174.50.1 - - [08/Apr/2019:17:47:58 +0530] "GET /eproofing_wiley_v2/journalimages/fsn3.jpg HTTP/1.1" 404 239
206.201.80.36 - - [08/Apr/2019:17:49:44 +0530] "GET /eproofing_wiley_v2/journalimages/hesr.jpg HTTP/1.1" 404 239
206.201.80.36 - - [08/Apr/2019:17:50:32 +0530] "GET /eproofing_wiley_v2/journalimages/hesr.jpg HTTP/1.1" 404 239
206.201.80.36 - - [08/Apr/2019:17:51:18 +0530] "GET /eproofing_wiley_v2/journalimages/hesr.jpg HTTP/1.1" 404 239
123.63.137.194 - - [08/Apr/2019:17:51:51 +0530] "GET /favicon.ico HTTP/1.1" 404 209
106.39.190.178 - - [08/Apr/2019:17:52:55 +0530] "GET /eproofing_wiley_v2/journalimages/cam4.jpg HTTP/1.1" 404 239
106.39.190.178 - - [08/Apr/2019:17:53:20 +0530] "GET /eproofing_wiley_v2/journalimages/cam4.jpg HTTP/1.1" 404 239
106.39.190.178 - - [08/Apr/2019:17:53:29 +0530] "GET /favicon.ico HTTP/1.1" 404 209
106.39.190.178 - - [08/Apr/2019:17:53:51 +0530] "GET /favicon.ico HTTP/1.1" 404 209
106.39.190.178 - - [08/Apr/2019:17:53:53 +0530] "GET /favicon.ico HTTP/1.1" 404 209
122.184.55.66 - - [08/Apr/2019:17:53:54 +0530] "GET /favicon.ico HTTP/1.1" 404 209
118.185.204.162 - - [08/Apr/2019:17:54:24 +0530] "GET /eproofing_wiley_v2/journalimages/hex.jpg HTTP/1.1" 404 238
206.201.80.36 - - [08/Apr/2019:17:55:10 +0530] "GET /eproofing_wiley_v2/journalimages/hesr.jpg HTTP/1.1" 404 239
206.201.80.36 - - [08/Apr/2019:17:56:33 +0530] "GET /eproofing_wiley_v2/journalimages/hesr.jpg HTTP/1.1" 404 239
118.185.204.162 - - [08/Apr/2019:17:57:02 +0530] "GET /eproofing_wiley_v2/journalimages/jvs.jpg HTTP/1.1" 404 238
118.185.204.162 - - [08/Apr/2019:17:57:03 +0530] "GET /eproofing_wiley_v2/journalimages/jvs.jpg HTTP/1.1" 404 238
206.201.80.36 - - [08/Apr/2019:17:57:10 +0530] "GET /eproofing_wiley_v2/journalimages/hesr.jpg HTTP/1.1" 404 239
118.185.204.162 - - [08/Apr/2019:17:57:54 +0530] "GET /eproofing_wiley_v2/journalimages/avsc.jpg HTTP/1.1" 404 239
202.14.85.241 - - [08/Apr/2019:17:57:59 +0530] "GET /eproofing_wiley_v2/journalimages/hequ.jpg HTTP/1.1" 404 239
108.222.85.36 - - [08/Apr/2019:17:58:57 +0530] "GET /eproofing_wiley_v2/journalimages/bjos.jpg HTTP/1.1" 404 239
1.180.25.129 - - [08/Apr/2019:17:59:21 +0530] "GET /favicon.ico HTTP/1.1" 404 209
206.201.80.36 - - [08/Apr/2019:17:59:26 +0530] "GET /eproofing_wiley_v2/journalimages/hesr.jpg HTTP/1.1" 404 239
123.63.137.194 - - [08/Apr/2019:17:59:58 +0530] "GET /favicon1.ico HTTP/1.1" 404 210
206.201.80.36 - - [08/Apr/2019:18:00:07 +0530] "GET /eproofing_wiley_v2/journalimages/hesr.jpg HTTP/1.1" 404 239
14.143.70.66 - - [08/Apr/2019:18:00:18 +0530] "-" 408 -
73.5.205.2 - - [08/Apr/2019:18:00:37 +0530] "GET /eproofing_wiley_v2/journalimages/crj.jpg HTTP/1.1" 404 238
118.185.204.162 - - [08/Apr/2019:18:02:43 +0530] "GET /eproofing_wiley_v2/journalimages/ajes.jpg HTTP/1.1" 404 239
123.63.137.194 - - [08/Apr/2019:18:03:10 +0530] "GET /sprbwf-tchy-pms/main.php HTTP/1.1" 302 16830
123.63.137.194 - - [08/Apr/2019:18:03:11 +0530] "GET /favicon.ico HTTP/1.1" 404 209
123.63.137.194 - - [08/Apr/2019:18:03:16 +0530] "GET /favicon1.ico HTTP/1.1" 404 210
197.210.45.11 - - [08/Apr/2019:18:03:21 +0530] "GET /eproofing_wiley_v2/journalimages/ece3.jpg HTTP/1.1" 404 239
118.185.204.162 - - [08/Apr/2019:18:03:34 +0530] "GET /eproofing_wiley_v2/journalimages/ajes.jpg HTTP/1.1" 404 239
118.185.204.162 - - [08/Apr/2019:18:04:08 +0530] "GET /eproofing_wiley_v2/journalimages/ajes.jpg HTTP/1.1" 404 239
118.185.204.162 - - [08/Apr/2019:18:04:12 +0530] "GET /eproofing_wiley_v2/journalimages/ajes.jpg HTTP/1.1" 404 239
183.129.190.162 - - [08/Apr/2019:18:05:34 +0530] "GET /eproofing_wiley_v2/journalimages/apl.jpg HTTP/1.1" 404 238
183.129.190.162 - - [08/Apr/2019:18:05:48 +0530] "GET /ckeditor4.4/plugins/widget/plugin.js?t=E3OD HTTP/1.1" 206 1
183.129.190.162 - - [08/Apr/2019:18:05:49 +0530] "GET /ckeditor4.4/plugins/widget/plugin.js?t=E3OD HTTP/1.1" 206 23643
206.201.80.36 - - [08/Apr/2019:18:06:43 +0530] "POST /eproofing_wiley_v2/writefile.php HTTP/1.1" 302 -
206.201.80.36 - - [08/Apr/2019:18:06:46 +0530] "GET /favicon.ico HTTP/1.1" 404 209
206.201.80.36 - - [08/Apr/2019:18:06:50 +0530] "GET /eproofing_wiley_v2/journalimages/hesr.jpg HTTP/1.1" 404 239
14.143.70.66 - - [08/Apr/2019:18:09:30 +0530] "GET /sprbwf-tchy-pms/main.php HTTP/1.1" 302 16830
14.143.70.66 - - [08/Apr/2019:18:09:31 +0530] "GET /favicon.ico HTTP/1.1" 404 209
152.7.255.226 - - [08/Apr/2019:18:10:44 +0530] "GET /eproofing_wiley_v2/journalimages/ropr.jpg HTTP/1.1" 404 239
152.7.255.226 - - [08/Apr/2019:18:10:44 +0530] "GET /eproofing_wiley_v2/journalimages/ropr.jpg HTTP/1.1" 404 239
14.143.70.66 - - [08/Apr/2019:18:11:11 +0530] "GET /favicon1.ico HTTP/1.1" 404 210
108.222.85.36 - - [08/Apr/2019:18:12:30 +0530] "GET /eproofing_wiley_v2/journalimages/bjos.jpg HTTP/1.1" 404 239
124.67.115.194 - - [08/Apr/2019:18:14:56 +0530] "GET /favicon.ico HTTP/1.1" 404 209
108.222.85.36 - - [08/Apr/2019:18:15:28 +0530] "GET /eproofing_wiley_v2/journalimages/bjos.jpg HTTP/1.1" 404 239
108.222.85.36 - - [08/Apr/2019:18:15:36 +0530] "GET /eproofing_wiley_v2/journalimages/bjos.jpg HTTP/1.1" 404 239
118.185.204.162 - - [08/Apr/2019:18:16:15 +0530] "GET /eproofing_wiley_v2/journalimages/ajes.jpg HTTP/1.1" 404 239
165.230.224.84 - - [08/Apr/2019:18:16:50 +0530] "GET /eproofing_wiley_v2/journalimages/ejn.jpg HTTP/1.1" 404 238
194.254.71.135 - - [08/Apr/2019:18:17:32 +0530] "GET /favicon.ico HTTP/1.1" 404 209
194.254.71.135 - - [08/Apr/2019:18:18:09 +0530] "POST /eproofing_wiley_v2/writefile.php HTTP/1.1" 302 -
81.196.106.97 - - [08/Apr/2019:18:18:18 +0530] "GET /eproofing_wiley_v2/journalimages/ccr3.jpg HTTP/1.1" 404 239
123.63.137.194 - - [08/Apr/2019:18:18:58 +0530] "GET /eproofing_wiley_v2/journalimages/ecc.jpg HTTP/1.1" 404 238
123.63.137.194 - - [08/Apr/2019:18:18:58 +0530] "GET /eproofing_wiley_v2/journalimages/ecc.jpg HTTP/1.1" 404 238
118.185.204.162 - - [08/Apr/2019:18:19:18 +0530] "GET /eproofing_wiley_v2/journalimages/tbj.jpg HTTP/1.1" 404 238
194.254.71.135 - - [08/Apr/2019:18:19:29 +0530] "GET /eproofing_wiley_v2/journalimages/jsr.jpg HTTP/1.1" 404 238
194.254.71.135 - - [08/Apr/2019:18:19:33 +0530] "GET /eproofing_wiley_v2/journalimages/jsr.jpg HTTP/1.1" 404 238
122.184.55.66 - - [08/Apr/2019:18:19:56 +0530] "GET /favicon.ico HTTP/1.1" 404 209
123.63.137.194 - - [08/Apr/2019:18:21:13 +0530] "GET /sprbwf-tchy-pms/main.php HTTP/1.1" 302 16830
123.63.137.194 - - [08/Apr/2019:18:21:14 +0530] "GET /favicon.ico HTTP/1.1" 404 209
123.63.137.194 - - [08/Apr/2019:18:21:20 +0530] "GET /favicon1.ico HTTP/1.1" 404 210
71.235.76.91 - - [08/Apr/2019:18:21:24 +0530] "GET /eproofing_wiley_v2/journalimages/ecc.jpg HTTP/1.1" 404 238
217.62.200.236 - - [08/Apr/2019:18:22:28 +0530] "GET /oxe_tf_v3/success.php?token=._UgQ7Ualb9hJz-RWu0HSUTEUseIHkgTzh0CqgonQlCM HTTP/1.1" 404 219
217.62.200.236 - - [08/Apr/2019:18:22:28 +0530] "GET /apple-touch-icon-120x120-precomposed.png HTTP/1.1" 404 238
217.62.200.236 - - [08/Apr/2019:18:22:28 +0530] "GET /apple-touch-icon-120x120.png HTTP/1.1" 404 226
217.62.200.236 - - [08/Apr/2019:18:22:28 +0530] "GET /apple-touch-icon-precomposed.png HTTP/1.1" 404 230
217.62.200.236 - - [08/Apr/2019:18:22:29 +0530] "GET /apple-touch-icon.png HTTP/1.1" 404 218
217.62.200.236 - - [08/Apr/2019:18:22:29 +0530] "GET /favicon.ico HTTP/1.1" 404 209
217.62.200.236 - - [08/Apr/2019:18:22:29 +0530] "GET /apple-touch-icon-120x120-precomposed.png HTTP/1.1" 404 238
217.62.200.236 - - [08/Apr/2019:18:22:29 +0530] "GET /apple-touch-icon-120x120.png HTTP/1.1" 404 226
217.62.200.236 - - [08/Apr/2019:18:22:29 +0530] "GET /apple-touch-icon-precomposed.png HTTP/1.1" 404 230
217.62.200.236 - - [08/Apr/2019:18:22:30 +0530] "GET /apple-touch-icon.png HTTP/1.1" 404 218
217.62.200.236 - - [08/Apr/2019:18:22:30 +0530] "GET /favicon.ico HTTP/1.1" 404 209
66.249.93.73 - - [08/Apr/2019:18:24:20 +0530] "GET /favicon.ico HTTP/1.1" 404 209
126.75.217.131 - - [08/Apr/2019:18:25:31 +0530] "GET /eproofing_wiley_v2/journalimages/jar3.jpg HTTP/1.1" 404 239
14.143.70.66 - - [08/Apr/2019:18:25:59 +0530] "GET /sprbwf-tchy-pms/utilities/logoutBWF.php HTTP/1.1" 302 -
118.185.204.162 - - [08/Apr/2019:18:26:43 +0530] "GET /eproofing_wiley_v2/journalimages/jfpp.jpg HTTP/1.1" 404 239
73.51.226.249 - - [08/Apr/2019:18:26:59 +0530] "GET /favicon.ico HTTP/1.1" 404 209
97.95.82.117 - - [08/Apr/2019:18:27:26 +0530] "-" 408 -
14.143.70.66 - - [08/Apr/2019:18:28:39 +0530] "GET /favicon.ico HTTP/1.1" 404 209
14.143.70.66 - - [08/Apr/2019:18:28:50 +0530] "GET /favicon1.ico HTTP/1.1" 404 210
123.63.137.194 - - [08/Apr/2019:18:29:44 +0530] "GET /favicon.ico HTTP/1.1" 404 209
118.185.204.162 - - [08/Apr/2019:18:29:48 +0530] "GET /eproofing_wiley_v2/journalimages/hsc.jpg HTTP/1.1" 404 238
14.143.70.66 - - [08/Apr/2019:18:30:24 +0530] "-" 408 -
130.79.38.17 - - [08/Apr/2019:18:30:33 +0530] "GET /eproofing_wiley_v2/journalimages/jpi.jpg HTTP/1.1" 404 238
118.185.204.162 - - [08/Apr/2019:18:31:14 +0530] "GET /eproofing_wiley_v2/journalimages/jfpp.jpg HTTP/1.1" 404 239
123.63.137.194 - - [08/Apr/2019:18:32:34 +0530] "GET /favicon.ico HTTP/1.1" 404 209
123.63.137.194 - - [08/Apr/2019:18:33:16 +0530] "GET /favicon1.ico HTTP/1.1" 404 210
170.238.148.187 - - [08/Apr/2019:18:33:47 +0530] "GET /eproofing_wiley_v2/journalimages/jne.jpg HTTP/1.1" 404 238
71.234.64.39 - - [08/Apr/2019:18:34:45 +0530] "GET /eproofing_wiley_v2/journalimages/cdev.jpg HTTP/1.1" 404 239
71.234.64.39 - - [08/Apr/2019:18:34:45 +0530] "GET /eproofing_wiley_v2/journalimages/cdev.jpg HTTP/1.1" 404 239
118.185.204.162 - - [08/Apr/2019:18:35:01 +0530] "GET /eproofing_wiley_v2/journalimages/ecc.jpg HTTP/1.1" 404 238
118.185.204.162 - - [08/Apr/2019:18:35:05 +0530] "GET /eproofing_wiley_v2/journalimages/ecc.jpg HTTP/1.1" 404 238
123.63.137.194 - - [08/Apr/2019:18:36:23 +0530] "GET /favicon1.ico HTTP/1.1" 404 210
123.63.137.194 - - [08/Apr/2019:18:36:38 +0530] "GET /sprbwf-tchy-pms/utilities/logoutBWF.php HTTP/1.1" 302 -
123.63.137.194 - - [08/Apr/2019:18:36:39 +0530] "GET /favicon.ico HTTP/1.1" 404 209
123.63.137.194 - - [08/Apr/2019:18:36:43 +0530] "GET /favicon1.ico HTTP/1.1" 404 210
24.146.251.35 - - [08/Apr/2019:18:37:40 +0530] "GET /favicon.ico HTTP/1.1" 404 209
75.130.39.133 - - [08/Apr/2019:18:38:10 +0530] "GET /favicon.ico HTTP/1.1" 404 209
75.130.39.133 - - [08/Apr/2019:18:38:10 +0530] "GET /apple-touch-icon-precomposed.png HTTP/1.1" 404 230
75.130.39.133 - - [08/Apr/2019:18:38:11 +0530] "GET /apple-touch-icon.png HTTP/1.1" 404 218
199.168.151.91 - - [08/Apr/2019:18:38:52 +0530] "GET /eproofing_wiley_v2/journalimages/epi.jpg HTTP/1.1" 404 238
199.168.151.91 - - [08/Apr/2019:18:38:52 +0530] "GET /eproofing_wiley_v2/journalimages/epi.jpg HTTP/1.1" 404 238
126.75.217.131 - - [08/Apr/2019:18:39:00 +0530] "GET /favicon.ico HTTP/1.1" 404 209
123.63.137.194 - - [08/Apr/2019:18:39:05 +0530] "GET /sprbwf-tchy-pms/main.php HTTP/1.1" 302 16830
123.63.137.194 - - [08/Apr/2019:18:39:06 +0530] "GET /favicon.ico HTTP/1.1" 404 209
123.63.137.194 - - [08/Apr/2019:18:39:11 +0530] "GET /favicon1.ico HTTP/1.1" 404 210
126.75.217.131 - - [08/Apr/2019:18:39:33 +0530] "POST /eproofing_wiley_v2/writefile.php HTTP/1.1" 302 -
129.194.101.208 - - [08/Apr/2019:18:40:14 +0530] "GET /eproofing_wiley_v2/journalimages/liv.jpg HTTP/1.1" 404 238
126.75.217.131 - - [08/Apr/2019:18:40:15 +0530] "GET /eproofing_wiley_v2/journalimages/jar3.jpg HTTP/1.1" 404 239
130.113.109.82 - - [08/Apr/2019:18:40:31 +0530] "GET /eproofing_wiley_v2/journalimages/nmo.jpg HTTP/1.1" 404 238
130.113.109.82 - - [08/Apr/2019:18:40:31 +0530] "GET /eproofing_wiley_v2/journalimages/nmo.jpg HTTP/1.1" 404 238
130.132.173.234 - - [08/Apr/2019:18:40:45 +0530] "GET /eproofing_wiley_v2/journalimages/ecc.jpg HTTP/1.1" 404 238
130.132.173.234 - - [08/Apr/2019:18:41:10 +0530] "GET /eproofing_wiley_v2/journalimages/ecc.jpg HTTP/1.1" 404 238
199.168.151.91 - - [08/Apr/2019:18:41:36 +0530] "GET /eproofing_wiley_v2/journalimages/epi.jpg HTTP/1.1" 404 238
199.168.151.91 - - [08/Apr/2019:18:41:36 +0530] "GET /eproofing_wiley_v2/journalimages/epi.jpg HTTP/1.1" 404 238
123.63.137.194 - - [08/Apr/2019:18:41:51 +0530] "GET /sprbwf-tchy-pms/main.php HTTP/1.1" 302 16830
123.63.137.194 - - [08/Apr/2019:18:41:52 +0530] "GET /favicon.ico HTTP/1.1" 404 209
123.63.137.194 - - [08/Apr/2019:18:41:58 +0530] "GET /favicon1.ico HTTP/1.1" 404 210
118.185.204.162 - - [08/Apr/2019:18:42:19 +0530] "GET /eproofing_wiley_v2/journalimages/cen.jpg HTTP/1.1" 404 238
118.185.204.162 - - [08/Apr/2019:18:42:20 +0530] "GET /eproofing_wiley_v2/journalimages/cen.jpg HTTP/1.1" 404 238
118.185.204.162 - - [08/Apr/2019:18:42:23 +0530] "GET /eproofing_wiley_v2/imagedump.php?token=ANz7nfBNBkNCl-AtJ2RpJA&Img=cen13980-fig-0001.png HTTP/1.1" 302 -
118.185.204.162 - - [08/Apr/2019:18:42:23 +0530] "GET /eproofing_wiley_v2/imagedump.php?token=ANz7nfBNBkNCl-AtJ2RpJA&Img=cen13980-fig-0002.png HTTP/1.1" 302 -
118.185.204.162 - - [08/Apr/2019:18:42:23 +0530] "GET /eproofing_wiley_v2/imagedump.php?token=ANz7nfBNBkNCl-AtJ2RpJA&Img=cen13980-fig-0005.png HTTP/1.1" 302 -
118.185.204.162 - - [08/Apr/2019:18:42:23 +0530] "GET /eproofing_wiley_v2/imagedump.php?token=ANz7nfBNBkNCl-AtJ2RpJA&Img=cen13980-fig-0003.png HTTP/1.1" 302 -
118.185.204.162 - - [08/Apr/2019:18:42:23 +0530] "GET /eproofing_wiley_v2/imagedump.php?token=ANz7nfBNBkNCl-AtJ2RpJA&Img=cen13980-fig-0004.png HTTP/1.1" 302 -
73.227.220.104 - - [08/Apr/2019:18:42:54 +0530] "GET /eproofing_wiley_v2/journalimages/ecc.jpg HTTP/1.1" 404 238
73.227.220.104 - - [08/Apr/2019:18:43:03 +0530] "GET /eproofing_wiley_v2/css/cke_style.css HTTP/1.1" 206 10
40.107.246.53 - - [08/Apr/2019:18:43:13 +0530] "GET /eproofing_wiley_v2/journalimages/ecc.jpg HTTP/1.1" 404 238
40.107.246.31 - - [08/Apr/2019:18:43:16 +0530] "GET /favicon.ico HTTP/1.1" 404 209
86.130.75.120 - - [08/Apr/2019:18:43:21 +0530] "GET /favicon.ico HTTP/1.1" 404 209
118.185.204.162 - - [08/Apr/2019:18:43:21 +0530] "GET /eproofing_wiley_v2/journalimages/hsc.jpg HTTP/1.1" 404 238
130.132.173.37 - - [08/Apr/2019:18:43:29 +0530] "GET /eproofing_wiley_v2/journalimages/ecc.jpg HTTP/1.1" 404 238
118.185.204.162 - - [08/Apr/2019:18:43:31 +0530] "GET /eproofing_wiley_v2/journalimages/eci.jpg HTTP/1.1" 404 238
86.130.75.120 - - [08/Apr/2019:18:43:32 +0530] "GET /favicon.ico HTTP/1.1" 404 209
118.185.204.162 - - [08/Apr/2019:18:44:20 +0530] "GET /eproofing_wiley_v2/journalimages/jace.jpg HTTP/1.1" 404 239
122.184.55.66 - - [08/Apr/2019:18:44:23 +0530] "GET /main.php HTTP/1.1" 302 14066
5.63.15.175 - - [08/Apr/2019:18:44:32 +0530] "GET /eproofing_wiley_v2/journalimages/and.jpg HTTP/1.1" 404 238
5.63.15.175 - - [08/Apr/2019:18:44:55 +0530] "GET /ckeditor4.4/plugins/widget/plugin.js?t=E3OD HTTP/1.1" 206 72795
122.184.55.66 - - [08/Apr/2019:18:44:58 +0530] "GET /favicon.ico HTTP/1.1" 404 209
118.185.204.162 - - [08/Apr/2019:18:44:59 +0530] "GET /eproofing_wiley_v2/journalimages/jace.jpg HTTP/1.1" 404 239
199.168.151.91 - - [08/Apr/2019:18:45:13 +0530] "GET /eproofing_wiley_v2/journalimages/epi.jpg HTTP/1.1" 404 238
118.185.204.162 - - [08/Apr/2019:18:45:20 +0530] "GET /eproofing_wiley_v2/journalimages/apa.jpg HTTP/1.1" 404 238
130.132.173.37 - - [08/Apr/2019:18:46:11 +0530] "GET /eproofing_wiley_v2/journalimages/ecc.jpg HTTP/1.1" 404 238
130.132.173.37 - - [08/Apr/2019:18:46:59 +0530] "GET /eproofing_wiley_v2/journalimages/ecc.jpg HTTP/1.1" 404 238
130.132.173.37 - - [08/Apr/2019:18:47:56 +0530] "GET /eproofing_wiley_v2/journalimages/ecc.jpg HTTP/1.1" 404 238
170.223.207.85 - - [08/Apr/2019:18:48:36 +0530] "GET /eproofing_wiley_v2/journalimages/andr.jpg HTTP/1.1" 404 239
182.207.216.33 - - [08/Apr/2019:18:48:57 +0530] "GET /eproofing_wiley_v2/journalimages/gcb.jpg HTTP/1.1" 404 238
5.63.15.175 - - [08/Apr/2019:18:49:07 +0530] "GET /eproofing_wiley_v2/css/cke_style.css HTTP/1.1" 206 10
5.63.15.175 - - [08/Apr/2019:18:49:09 +0530] "GET /eproofing_wiley_v2/css/cke_style.css HTTP/1.1" 206 10
86.170.219.170 - - [08/Apr/2019:18:49:40 +0530] "GET /favicon.ico HTTP/1.1" 404 209
132.247.116.25 - - [08/Apr/2019:18:50:00 +0530] "GET /eproofing_wiley_v2/journalimages/tbed.jpg HTTP/1.1" 404 239
118.185.204.162 - - [08/Apr/2019:18:50:13 +0530] "GET /eproofing_wiley_v2/journalimages/hsc.jpg HTTP/1.1" 404 238
66.249.73.220 - - [08/Apr/2019:18:50:20 +0530] "GET /robots.txt HTTP/1.1" 404 208
123.63.137.194 - - [08/Apr/2019:18:50:39 +0530] "GET /eproofing_wiley_v2/journalimages/jar.jpg HTTP/1.1" 404 238
130.132.173.37 - - [08/Apr/2019:18:50:43 +0530] "GET /eproofing_wiley_v2/journalimages/ecc.jpg HTTP/1.1" 404 238
213.32.242.217 - - [08/Apr/2019:18:51:12 +0530] "GET /eproofing_wiley_v2/journalimages/anhu.jpg HTTP/1.1" 404 239
118.185.204.162 - - [08/Apr/2019:18:52:00 +0530] "GET /eproofing_wiley_v2/journalimages/jace.jpg HTTP/1.1" 404 239
147.96.65.71 - - [08/Apr/2019:18:52:16 +0530] "GET /eproofing_wiley_v2/journalimages/tbed.jpg HTTP/1.1" 404 239
118.185.204.162 - - [08/Apr/2019:18:52:26 +0530] "GET /eproofing_wiley_v2/journalimages/jace.jpg HTTP/1.1" 404 239
5.63.15.175 - - [08/Apr/2019:18:52:46 +0530] "GET /eproofing_wiley_v2/css/cke_style.css HTTP/1.1" 206 11
80.42.129.161 - - [08/Apr/2019:18:52:55 +0530] "GET /eproofing_wiley_v2/journalimages/hequ.jpg HTTP/1.1" 404 239
80.42.129.161 - - [08/Apr/2019:18:52:56 +0530] "GET /eproofing_wiley_v2/journalimages/hequ.jpg HTTP/1.1" 404 239
122.184.55.66 - - [08/Apr/2019:18:53:12 +0530] "GET /favicon.ico HTTP/1.1" 404 209
142.1.44.137 - - [08/Apr/2019:18:53:23 +0530] "GET /eproofing_wiley_v2/journalimages/jne.jpg HTTP/1.1" 404 238
5.63.15.175 - - [08/Apr/2019:18:53:37 +0530] "GET /eproofing_wiley_v2/css/cke_style.css HTTP/1.1" 206 11
118.185.204.162 - - [08/Apr/2019:18:54:09 +0530] "GET /eproofing_wiley_v2/journalimages/jzs.jpg HTTP/1.1" 404 238
5.63.15.175 - - [08/Apr/2019:18:54:13 +0530] "GET /eproofing_wiley_v2/css/cke_style.css HTTP/1.1" 206 11
164.111.99.106 - - [08/Apr/2019:18:54:22 +0530] "GET /eproofing_wiley_v2/journalimages/xen.jpg HTTP/1.1" 404 238
52.44.93.197 - - [08/Apr/2019:18:54:26 +0530] "GET /eproofing_wiley_v2/journalimages/xen.jpg HTTP/1.1" 404 238
164.111.99.106 - - [08/Apr/2019:18:54:47 +0530] "GET /eproofing_wiley_v2/css/cke_style.css HTTP/1.1" 206 10
5.63.15.175 - - [08/Apr/2019:18:54:54 +0530] "GET /eproofing_wiley_v2/css/cke_style.css HTTP/1.1" 206 11
162.129.251.72 - - [08/Apr/2019:18:55:05 +0530] "GET /eproofing_wiley_v2/journalimages/exd.jpg HTTP/1.1" 404 238
118.185.204.162 - - [08/Apr/2019:18:55:11 +0530] "GET /eproofing_wiley_v2/journalimages/ajes.jpg HTTP/1.1" 404 239
162.129.251.72 - - [08/Apr/2019:18:55:25 +0530] "GET /eproofing_wiley_v2/journalimages/exd.jpg HTTP/1.1" 404 238
5.63.15.175 - - [08/Apr/2019:18:55:43 +0530] "GET /eproofing_wiley_v2/css/cke_style.css HTTP/1.1" 206 11
73.60.182.186 - - [08/Apr/2019:18:55:55 +0530] "GET /favicon.ico HTTP/1.1" 404 209
183.129.190.162 - - [08/Apr/2019:18:56:25 +0530] "GET /favicon.ico HTTP/1.1" 404 209
38.206.0.25 - - [08/Apr/2019:18:56:31 +0530] "GET /eproofing_wiley_v2/journalimages/xen.jpg HTTP/1.1" 404 238
73.198.124.200 - - [08/Apr/2019:18:56:47 +0530] "GET /eproofing_wiley_v2/journalimages/jvh.jpg HTTP/1.1" 404 238
183.129.190.162 - - [08/Apr/2019:18:56:48 +0530] "POST /eproofing_wiley_v2/writefile.php HTTP/1.1" 302 -
165.230.224.84 - - [08/Apr/2019:18:58:32 +0530] "GET /eproofing_wiley_v2/journalimages/ejn.jpg HTTP/1.1" 404 238
165.230.224.84 - - [08/Apr/2019:19:00:09 +0530] "POST /eproofing_wiley_v2/writefile.php HTTP/1.1" 302 -
206.201.80.36 - - [08/Apr/2019:19:00:31 +0530] "GET /eproofing_wiley_v2/journalimages/hesr.jpg HTTP/1.1" 404 239
14.143.70.66 - - [08/Apr/2019:19:00:31 +0530] "GET /sprbwf-tchy-pms/main.php HTTP/1.1" 302 16830
164.111.99.106 - - [08/Apr/2019:19:00:39 +0530] "GET /favicon.ico HTTP/1.1" 404 209
72.70.248.86 - - [08/Apr/2019:19:00:44 +0530] "GET /apple-touch-icon-precomposed.png HTTP/1.1" 404 230
72.70.248.86 - - [08/Apr/2019:19:00:45 +0530] "GET /apple-touch-icon.png HTTP/1.1" 404 218
72.70.248.86 - - [08/Apr/2019:19:00:45 +0530] "GET /favicon.ico HTTP/1.1" 404 209
72.70.248.86 - - [08/Apr/2019:19:00:45 +0530] "GET /apple-touch-icon-precomposed.png HTTP/1.1" 404 230
72.70.248.86 - - [08/Apr/2019:19:00:45 +0530] "GET /apple-touch-icon.png HTTP/1.1" 404 218
72.70.248.86 - - [08/Apr/2019:19:00:45 +0530] "GET /favicon.ico HTTP/1.1" 404 209
72.70.248.86 - - [08/Apr/2019:19:00:45 +0530] "GET /apple-touch-icon-precomposed.png HTTP/1.1" 404 230
72.70.248.86 - - [08/Apr/2019:19:00:45 +0530] "GET /apple-touch-icon.png HTTP/1.1" 404 218
72.70.248.86 - - [08/Apr/2019:19:00:45 +0530] "GET /favicon.ico HTTP/1.1" 404 209
72.70.248.86 - - [08/Apr/2019:19:00:45 +0530] "GET /apple-touch-icon-precomposed.png HTTP/1.1" 404 230
72.70.248.86 - - [08/Apr/2019:19:00:46 +0530] "GET /apple-touch-icon.png HTTP/1.1" 404 218
72.70.248.86 - - [08/Apr/2019:19:00:46 +0530] "GET /favicon.ico HTTP/1.1" 404 209
118.185.204.162 - - [08/Apr/2019:19:01:07 +0530] "GET /favicon.ico HTTP/1.1" 404 209
206.201.80.36 - - [08/Apr/2019:19:02:32 +0530] "GET /eproofing_wiley_v2/journalimages/hesr.jpg HTTP/1.1" 404 239
94.210.180.3 - - [08/Apr/2019:19:03:05 +0530] "GET /apple-touch-icon-precomposed.png HTTP/1.1" 404 230
94.210.180.3 - - [08/Apr/2019:19:03:05 +0530] "GET /apple-touch-icon.png HTTP/1.1" 404 218
94.210.180.3 - - [08/Apr/2019:19:03:05 +0530] "GET /favicon.ico HTTP/1.1" 404 209
94.210.180.3 - - [08/Apr/2019:19:03:05 +0530] "GET /apple-touch-icon-precomposed.png HTTP/1.1" 404 230
94.210.180.3 - - [08/Apr/2019:19:03:05 +0530] "GET /apple-touch-icon.png HTTP/1.1" 404 218
94.210.180.3 - - [08/Apr/2019:19:03:06 +0530] "GET /favicon.ico HTTP/1.1" 404 209
94.210.180.3 - - [08/Apr/2019:19:03:06 +0530] "GET /apple-touch-icon-precomposed.png HTTP/1.1" 404 230
94.210.180.3 - - [08/Apr/2019:19:03:06 +0530] "GET /apple-touch-icon.png HTTP/1.1" 404 218
94.210.180.3 - - [08/Apr/2019:19:03:07 +0530] "GET /favicon.ico HTTP/1.1" 404 209
94.210.180.3 - - [08/Apr/2019:19:03:07 +0530] "GET /apple-touch-icon-precomposed.png HTTP/1.1" 404 230
94.210.180.3 - - [08/Apr/2019:19:03:07 +0530] "GET /apple-touch-icon.png HTTP/1.1" 404 218
94.210.180.3 - - [08/Apr/2019:19:03:07 +0530] "GET /favicon.ico HTTP/1.1" 404 209
123.63.137.194 - - [08/Apr/2019:19:03:26 +0530] "GET /sprbwf-tchy-pms/main.php HTTP/1.1" 302 16830
123.63.137.194 - - [08/Apr/2019:19:03:28 +0530] "GET /favicon.ico HTTP/1.1" 404 209
123.63.137.194 - - [08/Apr/2019:19:03:34 +0530] "GET /favicon1.ico HTTP/1.1" 404 210
118.185.204.162 - - [08/Apr/2019:19:04:12 +0530] "GET /eproofing_wiley_v2/js/oxe_sps.min.js HTTP/1.1" 206 28181
118.185.204.162 - - [08/Apr/2019:19:04:13 +0530] "GET /eproofing_wiley_v2/journalimages/mmi.jpg HTTP/1.1" 404 238
118.185.204.162 - - [08/Apr/2019:19:04:14 +0530] "GET /favicon.ico HTTP/1.1" 404 209
118.185.204.162 - - [08/Apr/2019:19:04:18 +0530] "GET /eproofing_wiley_v2/journalimages/mmi.jpg HTTP/1.1" 404 238
8.25.157.165 - - [08/Apr/2019:19:04:35 +0530] "GET /eproofing_wiley_v2/journalimages/jar.jpg HTTP/1.1" 404 238
118.185.204.162 - - [08/Apr/2019:19:06:17 +0530] "GET /favicon.ico HTTP/1.1" 404 209
130.79.39.203 - - [08/Apr/2019:19:07:57 +0530] "GET /eproofing_wiley_v2/journalimages/jpi.jpg HTTP/1.1" 404 238
36.48.25.22 - - [08/Apr/2019:19:08:22 +0530] "GET /eproofing_wiley_v2/journalimages/mgg3.jpg HTTP/1.1" 404 239
130.113.170.127 - - [08/Apr/2019:19:09:02 +0530] "GET /eproofing_wiley_v2/journalimages/all.jpg HTTP/1.1" 404 238
36.48.25.22 - - [08/Apr/2019:19:09:27 +0530] "GET /favicon.ico HTTP/1.1" 404 209
122.184.55.66 - - [08/Apr/2019:19:09:59 +0530] "GET /favicon.ico HTTP/1.1" 404 209
122.184.55.66 - - [08/Apr/2019:19:10:28 +0530] "POST /common_php/commonFunctions.php HTTP/1.1" 500 -
36.48.25.22 - - [08/Apr/2019:19:10:37 +0530] "GET /favicon.ico HTTP/1.1" 404 209
129.194.98.22 - - [08/Apr/2019:19:10:40 +0530] "POST /eproofing_wiley_v2/writefile.php HTTP/1.1" 302 -
132.183.113.12 - - [08/Apr/2019:19:10:54 +0530] "GET /eproofing_wiley_v2/journalimages/jocd.jpg HTTP/1.1" 404 239
129.194.98.22 - - [08/Apr/2019:19:10:58 +0530] "GET /eproofing_wiley_v2/journalimages/liv.jpg HTTP/1.1" 404 238
118.185.204.162 - - [08/Apr/2019:19:11:01 +0530] "GET /eproofing_wiley_v2/journalimages/jzs.jpg HTTP/1.1" 404 238
5.81.193.149 - - [08/Apr/2019:19:11:51 +0530] "GET /favicon.ico HTTP/1.1" 404 209
137.204.140.126 - - [08/Apr/2019:19:11:59 +0530] "GET /eproofing_wiley_v2/journalimages/raju.jpg HTTP/1.1" 404 239
118.185.204.162 - - [08/Apr/2019:19:13:11 +0530] "GET /eproofing_wiley_v2/journalimages/mmi.jpg HTTP/1.1" 404 238
118.185.204.162 - - [08/Apr/2019:19:13:16 +0530] "GET /eproofing_wiley_v2/journalimages/wer.jpg HTTP/1.1" 404 238
118.185.204.162 - - [08/Apr/2019:19:13:17 +0530] "GET /eproofing_wiley_v2/journalimages/pbr.jpg HTTP/1.1" 404 238
8.25.157.165 - - [08/Apr/2019:19:13:29 +0530] "GET /eproofing_wiley_v2/journalimages/jar.jpg HTTP/1.1" 404 238
87.53.131.88 - - [08/Apr/2019:19:13:32 +0530] "GET /eproofing_wiley_v2/journalimages/cen.jpg HTTP/1.1" 404 238
118.185.204.162 - - [08/Apr/2019:19:14:03 +0530] "GET /eproofing_wiley_v2/journalimages/liv.jpg HTTP/1.1" 404 238
118.185.204.162 - - [08/Apr/2019:19:14:04 +0530] "GET /eproofing_wiley_v2/journalimages/liv.jpg HTTP/1.1" 404 238
199.168.151.91 - - [08/Apr/2019:19:14:04 +0530] "GET /eproofing_wiley_v2/journalimages/epi.jpg HTTP/1.1" 404 238
199.168.151.91 - - [08/Apr/2019:19:14:05 +0530] "GET /eproofing_wiley_v2/journalimages/epi.jpg HTTP/1.1" 404 238
118.185.204.162 - - [08/Apr/2019:19:14:32 +0530] "GET /eproofing_wiley_v2/journalimages/pbr.jpg HTTP/1.1" 404 238
118.185.204.162 - - [08/Apr/2019:19:15:00 +0530] "GET /eproofing_wiley_v2/journalimages/pbr.jpg HTTP/1.1" 404 238
118.185.204.162 - - [08/Apr/2019:19:15:19 +0530] "GET /eproofing_wiley_v2/journalimages/wer.jpg HTTP/1.1" 404 238
123.63.137.194 - - [08/Apr/2019:19:15:34 +0530] "GET /favicon.ico HTTP/1.1" 404 209
84.51.142.212 - - [08/Apr/2019:19:16:04 +0530] "GET /favicon.ico HTTP/1.1" 404 209
118.185.204.162 - - [08/Apr/2019:19:16:22 +0530] "GET /eproofing_wiley_v2/journalimages/liv.jpg HTTP/1.1" 404 238
54.71.187.124 - - [08/Apr/2019:19:16:47 +0530] "GET /eproofing_wiley_v2/journalimages/jace.jpg HTTP/1.1" 404 239
24.145.33.227 - - [08/Apr/2019:19:16:48 +0530] "GET /eproofing_wiley_v2/journalimages/jace.jpg HTTP/1.1" 404 239
137.216.178.53 - - [08/Apr/2019:19:16:55 +0530] "GET /eproofing_wiley_v2/journalimages/anu.jpg HTTP/1.1" 404 238
137.216.178.53 - - [08/Apr/2019:19:17:01 +0530] "GET /eproofing_wiley_v2/journalimages/anu.jpg HTTP/1.1" 404 238
137.216.178.53 - - [08/Apr/2019:19:17:01 +0530] "GET /eproofing_wiley_v2/journalimages/anu.jpg HTTP/1.1" 404 238
118.185.204.162 - - [08/Apr/2019:19:17:57 +0530] "GET /eproofing_wiley_v2/journalimages/wer.jpg HTTP/1.1" 404 238
118.185.204.162 - - [08/Apr/2019:19:19:22 +0530] "GET /eproofing_wiley_v2/journalimages/pbr.jpg HTTP/1.1" 404 238
65.120.34.66 - - [08/Apr/2019:19:19:26 +0530] "GET /eproofing_wiley_v2/journalimages/jocd.jpg HTTP/1.1" 404 239
65.120.34.66 - - [08/Apr/2019:19:19:26 +0530] "GET /eproofing_wiley_v2/journalimages/jocd.jpg HTTP/1.1" 404 239
27.62.122.233 - - [08/Apr/2019:19:20:12 +0530] "GET /main.php HTTP/1.1" 302 14066
27.62.122.233 - - [08/Apr/2019:19:20:14 +0530] "GET /apple-touch-icon-120x120-precomposed.png HTTP/1.1" 404 238
27.62.122.233 - - [08/Apr/2019:19:20:15 +0530] "GET /apple-touch-icon-120x120.png HTTP/1.1" 404 226
27.62.122.233 - - [08/Apr/2019:19:20:15 +0530] "GET /apple-touch-icon-precomposed.png HTTP/1.1" 404 230
27.62.122.233 - - [08/Apr/2019:19:20:16 +0530] "GET /apple-touch-icon.png HTTP/1.1" 404 218
27.62.122.233 - - [08/Apr/2019:19:20:17 +0530] "GET /favicon.ico HTTP/1.1" 404 209
27.62.122.233 - - [08/Apr/2019:19:20:17 +0530] "GET /apple-touch-icon-120x120-precomposed.png HTTP/1.1" 404 238
27.62.122.233 - - [08/Apr/2019:19:20:18 +0530] "GET /apple-touch-icon-120x120.png HTTP/1.1" 404 226
27.62.122.233 - - [08/Apr/2019:19:20:18 +0530] "GET /apple-touch-icon-precomposed.png HTTP/1.1" 404 230
27.62.122.233 - - [08/Apr/2019:19:20:19 +0530] "GET /apple-touch-icon.png HTTP/1.1" 404 218
27.62.122.233 - - [08/Apr/2019:19:20:19 +0530] "GET /favicon.ico HTTP/1.1" 404 209
76.181.240.41 - - [08/Apr/2019:19:20:23 +0530] "GET /favicon.ico HTTP/1.1" 404 209
118.185.204.162 - - [08/Apr/2019:19:20:26 +0530] "GET /eproofing_wiley_v2/journalimages/wer.jpg HTTP/1.1" 404 238
130.113.170.127 - - [08/Apr/2019:19:20:30 +0530] "GET /eproofing_wiley_v2/journalimages/all.jpg HTTP/1.1" 404 238
76.181.240.41 - - [08/Apr/2019:19:20:33 +0530] "GET /favicon.ico HTTP/1.1" 404 209
130.226.236.22 - - [08/Apr/2019:19:20:35 +0530] "GET /eproofing_wiley_v2/journalimages/anhu.jpg HTTP/1.1" 404 239
72.200.92.180 - - [08/Apr/2019:19:20:36 +0530] "GET /favicon.ico HTTP/1.1" 404 209
123.63.137.194 - - [08/Apr/2019:19:20:56 +0530] "GET /favicon.ico HTTP/1.1" 404 209
118.185.204.162 - - [08/Apr/2019:19:21:04 +0530] "GET /eproofing_wiley_v2/journalimages/mmi.jpg HTTP/1.1" 404 238
118.185.204.162 - - [08/Apr/2019:19:21:04 +0530] "GET /eproofing_wiley_v2/journalimages/mmi.jpg HTTP/1.1" 404 238
118.185.204.162 - - [08/Apr/2019:19:21:05 +0530] "GET /eproofing_wiley_v2/journalimages/mmi.jpg HTTP/1.1" 404 238
123.63.137.194 - - [08/Apr/2019:19:21:10 +0530] "GET /favicon1.ico HTTP/1.1" 404 210
72.200.92.180 - - [08/Apr/2019:19:21:32 +0530] "GET /favicon.ico HTTP/1.1" 404 209
130.226.236.22 - - [08/Apr/2019:19:21:36 +0530] "GET /eproofing_wiley_v2/journalimages/anhu.jpg HTTP/1.1" 404 239
193.225.92.126 - - [08/Apr/2019:19:21:38 +0530] "GET /eproofing_wiley_v2/journalimages/jbi.jpg HTTP/1.1" 404 238
130.226.236.22 - - [08/Apr/2019:19:21:42 +0530] "GET /eproofing_wiley_v2/journalimages/anhu.jpg HTTP/1.1" 404 239
123.63.137.194 - - [08/Apr/2019:19:21:48 +0530] "GET /sprbwf-tchy-pms/main.php HTTP/1.1" 302 16830
51.6.158.179 - - [08/Apr/2019:19:21:59 +0530] "GET /favicon.ico HTTP/1.1" 404 209
164.111.99.106 - - [08/Apr/2019:19:22:04 +0530] "GET /eproofing_wiley_v2/journalimages/xen.jpg HTTP/1.1" 404 238
164.111.99.106 - - [08/Apr/2019:19:22:04 +0530] "GET /eproofing_wiley_v2/css/cke_style.css HTTP/1.1" 206 10
164.111.99.106 - - [08/Apr/2019:19:22:07 +0530] "GET /eproofing_wiley_v2/css/cke_style.css HTTP/1.1" 206 10
72.200.92.180 - - [08/Apr/2019:19:22:24 +0530] "-" 408 -
72.200.92.180 - - [08/Apr/2019:19:22:31 +0530] "-" 408 -
130.113.170.127 - - [08/Apr/2019:19:22:31 +0530] "GET /eproofing_wiley_v2/journalimages/all.jpg HTTP/1.1" 404 238
130.226.236.22 - - [08/Apr/2019:19:22:51 +0530] "GET /eproofing_wiley_v2/journalimages/anhu.jpg HTTP/1.1" 404 239
92.7.165.190 - - [08/Apr/2019:19:23:16 +0530] "GET /favicon.ico HTTP/1.1" 404 209
92.7.165.190 - - [08/Apr/2019:19:24:35 +0530] "-" 408 -
130.226.236.22 - - [08/Apr/2019:19:24:40 +0530] "GET /eproofing_wiley_v2/journalimages/anhu.jpg HTTP/1.1" 404 239
130.113.170.127 - - [08/Apr/2019:19:24:44 +0530] "GET /favicon.ico HTTP/1.1" 404 209
118.185.204.162 - - [08/Apr/2019:19:25:17 +0530] "GET /eproofing_wiley_v2/journalimages/mmi.jpg HTTP/1.1" 404 238
130.226.236.22 - - [08/Apr/2019:19:25:51 +0530] "GET /eproofing_wiley_v2/journalimages/anhu.jpg HTTP/1.1" 404 239
130.226.236.22 - - [08/Apr/2019:19:26:18 +0530] "GET /eproofing_wiley_v2/journalimages/anhu.jpg HTTP/1.1" 404 239
92.7.165.190 - - [08/Apr/2019:19:26:23 +0530] "GET /favicon.ico HTTP/1.1" 404 209
130.113.170.127 - - [08/Apr/2019:19:26:35 +0530] "POST /eproofing_wiley_v2/writefile.php HTTP/1.1" 302 -
182.207.216.33 - - [08/Apr/2019:19:27:41 +0530] "GET /eproofing_wiley_v2/journalimages/gcb.jpg HTTP/1.1" 404 238
130.226.236.22 - - [08/Apr/2019:19:27:58 +0530] "GET /eproofing_wiley_v2/journalimages/anhu.jpg HTTP/1.1" 404 239
83.38.66.82 - - [08/Apr/2019:19:28:54 +0530] "GET /favicon.ico HTTP/1.1" 404 209
193.43.160.37 - - [08/Apr/2019:19:30:00 +0530] "GET /eproofing_wiley_v2/journalimages/odi.jpg HTTP/1.1" 404 238
118.185.204.162 - - [08/Apr/2019:19:30:01 +0530] "GET /eproofing_wiley_v2/journalimages/hex.jpg HTTP/1.1" 404 238
193.43.160.37 - - [08/Apr/2019:19:30:09 +0530] "GET /eproofing_wiley_v2/journalimages/odi.jpg HTTP/1.1" 404 238
123.63.137.194 - - [08/Apr/2019:19:30:13 +0530] "GET /favicon.ico HTTP/1.1" 404 209
123.63.137.194 - - [08/Apr/2019:19:30:13 +0530] "GET /favicon.ico HTTP/1.1" 404 209
123.63.137.194 - - [08/Apr/2019:19:30:27 +0530] "GET /sprbwf-tchy-pms/main.php HTTP/1.1" 302 16830
123.63.137.194 - - [08/Apr/2019:19:30:38 +0530] "GET /sprbwf-tchy-pms/main.php HTTP/1.1" 302 16830
123.63.137.194 - - [08/Apr/2019:19:30:42 +0530] "GET /sprbwf-tchy-pms/main.php HTTP/1.1" 302 16830
123.63.137.194 - - [08/Apr/2019:19:30:43 +0530] "GET /favicon.ico HTTP/1.1" 404 209
123.63.137.194 - - [08/Apr/2019:19:30:51 +0530] "GET /favicon1.ico HTTP/1.1" 404 210
132.247.116.25 - - [08/Apr/2019:19:31:38 +0530] "GET /favicon.ico HTTP/1.1" 404 209
98.122.141.119 - - [08/Apr/2019:19:31:45 +0530] "GET /eproofing_wiley_v2/journalimages/ece3.jpg HTTP/1.1" 404 239
193.43.160.37 - - [08/Apr/2019:19:32:40 +0530] "GET /eproofing_wiley_v2/journalimages/odi.jpg HTTP/1.1" 404 238
193.43.160.37 - - [08/Apr/2019:19:32:46 +0530] "GET /eproofing_wiley_v2/journalimages/odi.jpg HTTP/1.1" 404 238
129.133.43.35 - - [08/Apr/2019:19:33:19 +0530] "GET /eproofing_wiley_v2/journalimages/josp.jpg HTTP/1.1" 404 239
182.207.216.33 - - [08/Apr/2019:19:34:14 +0530] "GET /eproofing_wiley_v2/journalimages/gcb.jpg HTTP/1.1" 404 238
122.184.55.66 - - [08/Apr/2019:19:35:01 +0530] "GET /favicon.ico HTTP/1.1" 404 209
14.143.70.66 - - [08/Apr/2019:19:35:15 +0530] "GET /sprbwf-tchy-pms/main.php HTTP/1.1" 302 16830
14.143.70.66 - - [08/Apr/2019:19:35:19 +0530] "GET /favicon.ico HTTP/1.1" 404 209
123.63.137.194 - - [08/Apr/2019:19:36:02 +0530] "GET /favicon.ico HTTP/1.1" 404 209
14.143.70.66 - - [08/Apr/2019:19:36:25 +0530] "GET /sprbwf-tchy-pms/main.php HTTP/1.1" 302 16830
14.143.70.66 - - [08/Apr/2019:19:36:59 +0530] "GET /imagedump.php?token=-ayW-AT2rk8nB_20k6GTV9MJrk-wSYLPs9o6AD7HtZY&Img=372153_5_Nl_BookBackmatter_Figb_HTML.jpg HTTP/1.1" 302 -
14.143.70.66 - - [08/Apr/2019:19:36:59 +0530] "GET /imagedump.php?token=-ayW-AT2rk8nB_20k6GTV9MJrk-wSYLPs9o6AD7HtZY&Img=372153_5_Nl_BookBackmatter_Figd_HTML.jpg HTTP/1.1" 302 -
14.143.70.66 - - [08/Apr/2019:19:36:59 +0530] "GET /imagedump.php?token=-ayW-AT2rk8nB_20k6GTV9MJrk-wSYLPs9o6AD7HtZY&Img=372153_5_Nl_BookBackmatter_Fige_HTML.jpg HTTP/1.1" 302 -
14.143.70.66 - - [08/Apr/2019:19:36:59 +0530] "GET /imagedump.php?token=-ayW-AT2rk8nB_20k6GTV9MJrk-wSYLPs9o6AD7HtZY&Img=372153_5_Nl_BookBackmatter_Figa_HTML.jpg HTTP/1.1" 302 -
14.143.70.66 - - [08/Apr/2019:19:36:59 +0530] "GET /imagedump.php?token=-ayW-AT2rk8nB_20k6GTV9MJrk-wSYLPs9o6AD7HtZY&Img=372153_5_Nl_BookBackmatter_Figc_HTML.jpg HTTP/1.1" 302 -
14.143.70.66 - - [08/Apr/2019:19:36:59 +0530] "GET /imagedump.php?token=-ayW-AT2rk8nB_20k6GTV9MJrk-wSYLPs9o6AD7HtZY&Img=372153_5_Nl_BookBackmatter_Figf_HTML.jpg HTTP/1.1" 302 -
14.143.70.66 - - [08/Apr/2019:19:36:59 +0530] "GET /imagedump.php?token=-ayW-AT2rk8nB_20k6GTV9MJrk-wSYLPs9o6AD7HtZY&Img=372153_5_Nl_BookBackmatter_Figg_HTML.jpg HTTP/1.1" 302 -
14.143.70.66 - - [08/Apr/2019:19:36:59 +0530] "GET /imagedump.php?token=-ayW-AT2rk8nB_20k6GTV9MJrk-wSYLPs9o6AD7HtZY&Img=372153_5_Nl_BookBackmatter_Figj_HTML.jpg HTTP/1.1" 302 -
14.143.70.66 - - [08/Apr/2019:19:36:59 +0530] "GET /imagedump.php?token=-ayW-AT2rk8nB_20k6GTV9MJrk-wSYLPs9o6AD7HtZY&Img=372153_5_Nl_BookBackmatter_Figh_HTML.jpg HTTP/1.1" 302 -
14.143.70.66 - - [08/Apr/2019:19:36:59 +0530] "GET /imagedump.php?token=-ayW-AT2rk8nB_20k6GTV9MJrk-wSYLPs9o6AD7HtZY&Img=372153_5_Nl_BookBackmatter_Figi_HTML.jpg HTTP/1.1" 302 -
14.143.70.66 - - [08/Apr/2019:19:37:00 +0530] "GET /imagedump.php?token=-ayW-AT2rk8nB_20k6GTV9MJrk-wSYLPs9o6AD7HtZY&Img=372153_5_Nl_BookBackmatter_Figk_HTML.jpg HTTP/1.1" 302 -
14.143.70.66 - - [08/Apr/2019:19:37:00 +0530] "GET /imagedump.php?token=-ayW-AT2rk8nB_20k6GTV9MJrk-wSYLPs9o6AD7HtZY&Img=372153_5_Nl_BookBackmatter_Figl_HTML.jpg HTTP/1.1" 302 -
14.143.70.66 - - [08/Apr/2019:19:37:00 +0530] "GET /imagedump.php?token=-ayW-AT2rk8nB_20k6GTV9MJrk-wSYLPs9o6AD7HtZY&Img=372153_5_Nl_BookBackmatter_Figo_HTML.jpg HTTP/1.1" 302 -
14.143.70.66 - - [08/Apr/2019:19:37:00 +0530] "GET /imagedump.php?token=-ayW-AT2rk8nB_20k6GTV9MJrk-wSYLPs9o6AD7HtZY&Img=372153_5_Nl_BookBackmatter_Figm_HTML.jpg HTTP/1.1" 302 -
14.143.70.66 - - [08/Apr/2019:19:37:00 +0530] "GET /imagedump.php?token=-ayW-AT2rk8nB_20k6GTV9MJrk-wSYLPs9o6AD7HtZY&Img=372153_5_Nl_BookBackmatter_Fign_HTML.jpg HTTP/1.1" 302 -
14.143.70.66 - - [08/Apr/2019:19:37:00 +0530] "GET /imagedump.php?token=-ayW-AT2rk8nB_20k6GTV9MJrk-wSYLPs9o6AD7HtZY&Img=372153_5_Nl_BookBackmatter_Figp_HTML.jpg HTTP/1.1" 302 -
14.143.70.66 - - [08/Apr/2019:19:37:00 +0530] "GET /imagedump.php?token=-ayW-AT2rk8nB_20k6GTV9MJrk-wSYLPs9o6AD7HtZY&Img=372153_5_Nl_BookBackmatter_Figq_HTML.jpg HTTP/1.1" 302 -
14.143.70.66 - - [08/Apr/2019:19:37:00 +0530] "GET /imagedump.php?token=-ayW-AT2rk8nB_20k6GTV9MJrk-wSYLPs9o6AD7HtZY&Img=372153_5_Nl_BookBackmatter_Figr_HTML.jpg HTTP/1.1" 302 -
14.143.70.66 - - [08/Apr/2019:19:37:00 +0530] "GET /imagedump.php?token=-ayW-AT2rk8nB_20k6GTV9MJrk-wSYLPs9o6AD7HtZY&Img=372153_5_Nl_BookBackmatter_Figu_HTML.jpg HTTP/1.1" 302 -
14.143.70.66 - - [08/Apr/2019:19:37:00 +0530] "GET /imagedump.php?token=-ayW-AT2rk8nB_20k6GTV9MJrk-wSYLPs9o6AD7HtZY&Img=372153_5_Nl_BookBackmatter_Figs_HTML.jpg HTTP/1.1" 302 -
14.143.70.66 - - [08/Apr/2019:19:37:00 +0530] "GET /imagedump.php?token=-ayW-AT2rk8nB_20k6GTV9MJrk-wSYLPs9o6AD7HtZY&Img=372153_5_Nl_BookBackmatter_Figt_HTML.jpg HTTP/1.1" 302 -
14.143.70.66 - - [08/Apr/2019:19:37:00 +0530] "GET /imagedump.php?token=-ayW-AT2rk8nB_20k6GTV9MJrk-wSYLPs9o6AD7HtZY&Img=372153_5_Nl_BookBackmatter_Figv_HTML.jpg HTTP/1.1" 302 -
14.143.70.66 - - [08/Apr/2019:19:37:00 +0530] "GET /imagedump.php?token=-ayW-AT2rk8nB_20k6GTV9MJrk-wSYLPs9o6AD7HtZY&Img=372153_5_Nl_BookBackmatter_Figw_HTML.jpg HTTP/1.1" 302 -
14.143.70.66 - - [08/Apr/2019:19:37:00 +0530] "GET /imagedump.php?token=-ayW-AT2rk8nB_20k6GTV9MJrk-wSYLPs9o6AD7HtZY&Img=372153_5_Nl_BookBackmatter_Figx_HTML.jpg HTTP/1.1" 302 -
14.143.70.66 - - [08/Apr/2019:19:37:00 +0530] "GET /imagedump.php?token=-ayW-AT2rk8nB_20k6GTV9MJrk-wSYLPs9o6AD7HtZY&Img=372153_5_Nl_BookBackmatter_Figz_HTML.jpg HTTP/1.1" 302 -
14.143.70.66 - - [08/Apr/2019:19:37:00 +0530] "GET /imagedump.php?token=-ayW-AT2rk8nB_20k6GTV9MJrk-wSYLPs9o6AD7HtZY&Img=372153_5_Nl_BookBackmatter_Figy_HTML.jpg HTTP/1.1" 302 -
14.143.70.66 - - [08/Apr/2019:19:37:00 +0530] "GET /imagedump.php?token=-ayW-AT2rk8nB_20k6GTV9MJrk-wSYLPs9o6AD7HtZY&Img=372153_5_Nl_BookBackmatter_Figaa_HTML.jpg HTTP/1.1" 302 -
14.143.70.66 - - [08/Apr/2019:19:37:00 +0530] "GET /imagedump.php?token=-ayW-AT2rk8nB_20k6GTV9MJrk-wSYLPs9o6AD7HtZY&Img=372153_5_Nl_BookBackmatter_Figab_HTML.jpg HTTP/1.1" 302 -
14.143.70.66 - - [08/Apr/2019:19:37:00 +0530] "GET /imagedump.php?token=-ayW-AT2rk8nB_20k6GTV9MJrk-wSYLPs9o6AD7HtZY&Img=372153_5_Nl_BookBackmatter_Figac_HTML.jpg HTTP/1.1" 302 -
14.143.70.66 - - [08/Apr/2019:19:37:00 +0530] "GET /imagedump.php?token=-ayW-AT2rk8nB_20k6GTV9MJrk-wSYLPs9o6AD7HtZY&Img=372153_5_Nl_BookBackmatter_Figad_HTML.jpg HTTP/1.1" 302 -
