202.14.85.241 - - [08/Apr/2019:07:00:18 +0530] "GET /eproofing_wiley_v2/journalimages/ece3.jpg HTTP/1.1" 404 239
118.185.204.162 - - [08/Apr/2019:07:01:39 +0530] "GET /eproofing_wiley_v2/journalimages/jre.jpg HTTP/1.1" 404 238
123.63.137.194 - - [08/Apr/2019:07:01:47 +0530] "GET /sprbwf-tchy-pms/main.php HTTP/1.1" 302 16830
123.63.137.194 - - [08/Apr/2019:07:01:48 +0530] "GET /favicon.ico HTTP/1.1" 404 209
123.63.137.194 - - [08/Apr/2019:07:01:54 +0530] "GET /favicon1.ico HTTP/1.1" 404 210
118.185.204.162 - - [08/Apr/2019:07:01:54 +0530] "GET /eproofing_wiley_v2/journalimages/jre.jpg HTTP/1.1" 404 238
61.157.97.82 - - [08/Apr/2019:07:01:55 +0530] "GET /favicon.ico HTTP/1.1" 404 209
202.14.85.241 - - [08/Apr/2019:07:03:05 +0530] "GET /eproofing_wiley_v2/journalimages/fog.jpg HTTP/1.1" 404 238
123.63.137.194 - - [08/Apr/2019:07:03:12 +0530] "GET /favicon.ico HTTP/1.1" 404 209
123.63.137.194 - - [08/Apr/2019:07:03:22 +0530] "GET /favicon1.ico HTTP/1.1" 404 210
40.77.167.197 - - [08/Apr/2019:07:03:57 +0530] "GET /robots.txt HTTP/1.1" 404 208
202.14.85.241 - - [08/Apr/2019:07:04:14 +0530] "GET /eproofing_wiley_v2/journalimages/fog.jpg HTTP/1.1" 404 238
61.157.97.82 - - [08/Apr/2019:07:04:29 +0530] "GET /favicon.ico HTTP/1.1" 404 209
202.14.85.241 - - [08/Apr/2019:07:04:45 +0530] "GET /eproofing_wiley_v2/journalimages/fog.jpg HTTP/1.1" 404 238
118.185.204.162 - - [08/Apr/2019:07:04:54 +0530] "GET /eproofing_wiley_v2/journalimages/gean.jpg HTTP/1.1" 404 239
118.185.204.162 - - [08/Apr/2019:07:04:57 +0530] "GET /eproofing_wiley_v2/journalimages/gean.jpg HTTP/1.1" 404 239
118.185.204.162 - - [08/Apr/2019:07:04:58 +0530] "GET /eproofing_wiley_v2/journalimages/gean.jpg HTTP/1.1" 404 239
123.63.137.194 - - [08/Apr/2019:07:05:19 +0530] "GET /sprbwf-tchy-pms/utilities/logoutBWF.php HTTP/1.1" 302 -
202.119.178.4 - - [08/Apr/2019:07:05:23 +0530] "GET /eproofing_wiley_v2/journalimages/wer.jpg HTTP/1.1" 404 238
120.92.72.197 - - [08/Apr/2019:07:05:28 +0530] "GET /ckeditor4.4/top HTTP/1.1" 404 213
58.213.137.211 - - [08/Apr/2019:07:06:03 +0530] "GET /eproofing_wiley_v2/journalimages/wer.jpg HTTP/1.1" 404 238
58.213.137.211 - - [08/Apr/2019:07:06:12 +0530] "GET /eproofing_wiley_v2/journalimages/wer.jpg HTTP/1.1" 404 238
120.92.72.108 - - [08/Apr/2019:07:06:15 +0530] "GET /ckeditor4.4/top HTTP/1.1" 404 213
120.92.72.199 - - [08/Apr/2019:07:06:16 +0530] "GET /ckeditor4.4/top HTTP/1.1" 404 213
58.213.137.211 - - [08/Apr/2019:07:06:25 +0530] "GET /eproofing_wiley_v2/journalimages/wer.jpg HTTP/1.1" 404 238
202.119.178.4 - - [08/Apr/2019:07:06:34 +0530] "GET /eproofing_wiley_v2/journalimages/wer.jpg HTTP/1.1" 404 238
202.14.85.241 - - [08/Apr/2019:07:06:39 +0530] "POST /eproofing_wiley_v2/writefile.php HTTP/1.1" 302 -
120.92.72.50 - - [08/Apr/2019:07:06:44 +0530] "GET /ckeditor4.4/top HTTP/1.1" 404 213
58.213.137.211 - - [08/Apr/2019:07:06:53 +0530] "GET /eproofing_wiley_v2/journalimages/wer.jpg HTTP/1.1" 404 238
58.213.137.211 - - [08/Apr/2019:07:07:06 +0530] "GET /eproofing_wiley_v2/journalimages/wer.jpg HTTP/1.1" 404 238
120.92.72.72 - - [08/Apr/2019:07:07:10 +0530] "GET /ckeditor4.4/top HTTP/1.1" 404 213
58.213.137.211 - - [08/Apr/2019:07:07:11 +0530] "GET /eproofing_wiley_v2/journalimages/wer.jpg HTTP/1.1" 404 238
58.213.137.211 - - [08/Apr/2019:07:07:28 +0530] "GET /eproofing_wiley_v2/journalimages/wer.jpg HTTP/1.1" 404 238
58.213.137.211 - - [08/Apr/2019:07:07:37 +0530] "GET /eproofing_wiley_v2/journalimages/wer.jpg HTTP/1.1" 404 238
202.117.163.33 - - [08/Apr/2019:07:09:08 +0530] "GET /favicon.ico HTTP/1.1" 404 209
61.157.97.82 - - [08/Apr/2019:07:11:55 +0530] "GET /favicon.ico HTTP/1.1" 404 209
123.63.137.194 - - [08/Apr/2019:07:13:17 +0530] "GET /favicon.ico HTTP/1.1" 404 209
58.213.137.211 - - [08/Apr/2019:07:14:12 +0530] "GET /eproofing_wiley_v2/css/cke_style.css HTTP/1.1" 206 11
120.92.72.144 - - [08/Apr/2019:07:14:22 +0530] "GET /ckeditor4.4/top HTTP/1.1" 404 213
202.117.163.33 - - [08/Apr/2019:07:14:36 +0530] "POST /eproofing_wiley_v2/writefile.php HTTP/1.1" 302 -
202.14.85.241 - - [08/Apr/2019:07:14:42 +0530] "GET /eproofing_wiley_v2/journalimages/ece3.jpg HTTP/1.1" 404 239
58.213.137.211 - - [08/Apr/2019:07:15:27 +0530] "GET /eproofing_wiley_v2/journalimages/wer.jpg HTTP/1.1" 404 238
58.213.137.211 - - [08/Apr/2019:07:15:35 +0530] "GET /eproofing_wiley_v2/journalimages/wer.jpg HTTP/1.1" 404 238
58.213.137.211 - - [08/Apr/2019:07:15:41 +0530] "GET /eproofing_wiley_v2/journalimages/wer.jpg HTTP/1.1" 404 238
58.213.137.211 - - [08/Apr/2019:07:15:47 +0530] "GET /eproofing_wiley_v2/journalimages/wer.jpg HTTP/1.1" 404 238
123.63.137.194 - - [08/Apr/2019:07:16:03 +0530] "GET /favicon.ico HTTP/1.1" 404 209
118.185.204.162 - - [08/Apr/2019:07:16:55 +0530] "GET /eproofing_wiley_v2/journalimages/capa.jpg HTTP/1.1" 404 239
58.213.137.211 - - [08/Apr/2019:07:17:47 +0530] "GET /eproofing_wiley_v2/journalimages/wer.jpg HTTP/1.1" 404 238
115.236.180.19 - - [08/Apr/2019:07:18:06 +0530] "GET /favicon.ico HTTP/1.1" 404 209
58.213.137.211 - - [08/Apr/2019:07:18:11 +0530] "GET /eproofing_wiley_v2/journalimages/wer.jpg HTTP/1.1" 404 238
115.236.180.19 - - [08/Apr/2019:07:18:15 +0530] "GET /eproofing_wiley_v2/journalimages/mgg3.jpg HTTP/1.1" 404 239
58.213.137.211 - - [08/Apr/2019:07:18:20 +0530] "GET /eproofing_wiley_v2/journalimages/wer.jpg HTTP/1.1" 404 238
115.236.180.19 - - [08/Apr/2019:07:18:22 +0530] "GET /eproofing_wiley_v2/journalimages/mgg3.jpg HTTP/1.1" 404 239
58.213.137.211 - - [08/Apr/2019:07:19:13 +0530] "GET /eproofing_wiley_v2/journalimages/wer.jpg HTTP/1.1" 404 238
203.229.137.1 - - [08/Apr/2019:07:19:22 +0530] "GET /eproofing_wiley_v2/journalimages/jcla.jpg HTTP/1.1" 404 239
113.140.84.107 - - [08/Apr/2019:07:19:36 +0530] "GET /favicon.ico HTTP/1.1" 404 209
113.140.84.107 - - [08/Apr/2019:07:19:42 +0530] "GET /favicon.ico HTTP/1.1" 404 209
113.140.84.107 - - [08/Apr/2019:07:19:43 +0530] "GET /favicon.ico HTTP/1.1" 404 209
58.213.137.211 - - [08/Apr/2019:07:19:45 +0530] "GET /eproofing_wiley_v2/journalimages/wer.jpg HTTP/1.1" 404 238
113.140.84.107 - - [08/Apr/2019:07:19:46 +0530] "GET /favicon.ico HTTP/1.1" 404 209
118.185.204.162 - - [08/Apr/2019:07:19:47 +0530] "GET /eproofing_wiley_v2/journalimages/hequ.jpg HTTP/1.1" 404 239
118.185.204.162 - - [08/Apr/2019:07:19:47 +0530] "GET /eproofing_wiley_v2/journalimages/hequ.jpg HTTP/1.1" 404 239
118.185.204.162 - - [08/Apr/2019:07:20:06 +0530] "GET /eproofing_wiley_v2/journalimages/jfpp.jpg HTTP/1.1" 404 239
118.185.204.162 - - [08/Apr/2019:07:20:06 +0530] "GET /eproofing_wiley_v2/journalimages/jfpp.jpg HTTP/1.1" 404 239
146.203.128.25 - - [08/Apr/2019:07:20:22 +0530] "GET /eproofing_wiley_v2/journalimages/ctr.jpg HTTP/1.1" 404 238
58.213.137.211 - - [08/Apr/2019:07:20:27 +0530] "GET /eproofing_wiley_v2/journalimages/wer.jpg HTTP/1.1" 404 238
34.231.157.157 - - [08/Apr/2019:07:20:28 +0530] "GET /eproofing_wiley_v2/journalimages/ctr.jpg HTTP/1.1" 404 238
113.140.84.107 - - [08/Apr/2019:07:20:28 +0530] "GET /favicon.ico HTTP/1.1" 404 209
146.203.128.25 - - [08/Apr/2019:07:20:34 +0530] "GET /eproofing_wiley_v2/journalimages/ctr.jpg HTTP/1.1" 404 238
146.203.128.25 - - [08/Apr/2019:07:20:34 +0530] "GET /eproofing_wiley_v2/css/cke_style.css HTTP/1.1" 206 10
146.203.128.25 - - [08/Apr/2019:07:20:37 +0530] "GET /eproofing_wiley_v2/css/cke_style.css HTTP/1.1" 206 11
120.92.72.144 - - [08/Apr/2019:07:20:41 +0530] "GET /ckeditor4.4/top HTTP/1.1" 404 213
146.203.128.25 - - [08/Apr/2019:07:20:45 +0530] "GET /eproofing_wiley_v2/css/cke_style.css HTTP/1.1" 206 10
87.101.93.245 - - [08/Apr/2019:07:20:51 +0530] "GET /eproofing_wiley_v2/journalimages/ctr.jpg HTTP/1.1" 404 238
58.213.137.211 - - [08/Apr/2019:07:20:59 +0530] "GET /eproofing_wiley_v2/css/cke_style.css HTTP/1.1" 206 11
146.203.128.25 - - [08/Apr/2019:07:21:06 +0530] "GET /eproofing_wiley_v2/css/cke_style.css HTTP/1.1" 206 11
146.203.128.25 - - [08/Apr/2019:07:21:19 +0530] "GET /eproofing_wiley_v2/journalimages/ctr.jpg HTTP/1.1" 404 238
146.203.128.25 - - [08/Apr/2019:07:21:24 +0530] "GET /eproofing_wiley_v2/css/cke_style.css HTTP/1.1" 206 11
58.213.137.211 - - [08/Apr/2019:07:21:50 +0530] "GET /eproofing_wiley_v2/css/cke_style.css HTTP/1.1" 206 10
58.213.137.211 - - [08/Apr/2019:07:21:55 +0530] "GET /eproofing_wiley_v2/css/cke_style.css HTTP/1.1" 206 11
146.203.128.25 - - [08/Apr/2019:07:22:21 +0530] "GET /eproofing_wiley_v2/journalimages/ctr.jpg HTTP/1.1" 404 238
146.203.128.25 - - [08/Apr/2019:07:22:21 +0530] "GET /eproofing_wiley_v2/css/cke_style.css HTTP/1.1" 206 11
146.203.128.25 - - [08/Apr/2019:07:22:24 +0530] "GET /eproofing_wiley_v2/css/cke_style.css HTTP/1.1" 206 10
146.203.128.25 - - [08/Apr/2019:07:22:26 +0530] "GET /eproofing_wiley_v2/css/cke_style.css HTTP/1.1" 206 11
146.203.128.25 - - [08/Apr/2019:07:22:35 +0530] "GET /eproofing_wiley_v2/css/cke_style.css HTTP/1.1" 206 11
146.203.128.25 - - [08/Apr/2019:07:22:55 +0530] "GET /eproofing_wiley_v2/journalimages/ctr.jpg HTTP/1.1" 404 238
123.63.137.194 - - [08/Apr/2019:07:23:21 +0530] "GET /favicon.ico HTTP/1.1" 404 209
123.63.137.194 - - [08/Apr/2019:07:23:26 +0530] "GET /favicon1.ico HTTP/1.1" 404 210
146.203.128.25 - - [08/Apr/2019:07:23:36 +0530] "GET /eproofing_wiley_v2/journalimages/ctr.jpg HTTP/1.1" 404 238
202.150.112.2 - - [08/Apr/2019:07:23:51 +0530] "GET /favicon.ico HTTP/1.1" 404 209
146.203.128.25 - - [08/Apr/2019:07:24:04 +0530] "GET /eproofing_wiley_v2/journalimages/ctr.jpg HTTP/1.1" 404 238
202.150.112.2 - - [08/Apr/2019:07:24:41 +0530] "-" 408 -
58.213.137.211 - - [08/Apr/2019:07:25:05 +0530] "GET /eproofing_wiley_v2/css/cke_style.css HTTP/1.1" 206 10
58.213.137.211 - - [08/Apr/2019:07:25:09 +0530] "GET /eproofing_wiley_v2/css/cke_style.css HTTP/1.1" 206 10
146.203.128.25 - - [08/Apr/2019:07:25:18 +0530] "GET /eproofing_wiley_v2/journalimages/ctr.jpg HTTP/1.1" 404 238
122.184.55.66 - - [08/Apr/2019:07:25:19 +0530] "GET /favicon.ico HTTP/1.1" 404 209
202.14.85.241 - - [08/Apr/2019:07:25:55 +0530] "GET /eproofing_wiley_v2/journalimages/ece3.jpg HTTP/1.1" 404 239
146.203.128.25 - - [08/Apr/2019:07:26:00 +0530] "GET /eproofing_wiley_v2/journalimages/ctr.jpg HTTP/1.1" 404 238
146.203.128.25 - - [08/Apr/2019:07:26:02 +0530] "GET /eproofing_wiley_v2/journalimages/ctr.jpg HTTP/1.1" 404 238
202.127.155.41 - - [08/Apr/2019:07:27:16 +0530] "GET /favicon.ico HTTP/1.1" 404 209
123.63.137.194 - - [08/Apr/2019:07:27:32 +0530] "GET /favicon.ico HTTP/1.1" 404 209
123.63.137.194 - - [08/Apr/2019:07:27:40 +0530] "GET /favicon1.ico HTTP/1.1" 404 210
123.63.137.194 - - [08/Apr/2019:07:30:20 +0530] "GET /favicon.ico HTTP/1.1" 404 209
118.185.204.162 - - [08/Apr/2019:07:30:33 +0530] "GET /eproofing_wiley_v2/journalimages/jre.jpg HTTP/1.1" 404 238
118.185.204.162 - - [08/Apr/2019:07:30:34 +0530] "GET /eproofing_wiley_v2/journalimages/jre.jpg HTTP/1.1" 404 238
123.63.137.194 - - [08/Apr/2019:07:30:36 +0530] "GET /favicon1.ico HTTP/1.1" 404 210
40.107.221.30 - - [08/Apr/2019:07:30:36 +0530] "GET /favicon.ico HTTP/1.1" 404 209
123.63.137.194 - - [08/Apr/2019:07:31:41 +0530] "GET /favicon.ico HTTP/1.1" 404 209
74.217.90.250 - - [08/Apr/2019:07:31:45 +0530] "GET /favicon.ico HTTP/1.1" 404 209
123.63.137.194 - - [08/Apr/2019:07:31:54 +0530] "GET /favicon.ico HTTP/1.1" 404 209
123.63.137.194 - - [08/Apr/2019:07:31:59 +0530] "GET /favicon1.ico HTTP/1.1" 404 210
61.157.97.82 - - [08/Apr/2019:07:34:29 +0530] "GET /favicon.ico HTTP/1.1" 404 209
122.184.55.66 - - [08/Apr/2019:07:36:10 +0530] "GET /main.php HTTP/1.1" 302 14066
118.185.204.162 - - [08/Apr/2019:07:36:53 +0530] "GET /eproofing_wiley_v2/journalimages/pan.jpg HTTP/1.1" 404 238
14.143.70.66 - - [08/Apr/2019:07:36:53 +0530] "GET /favicon.ico HTTP/1.1" 404 209
218.76.28.113 - - [08/Apr/2019:07:37:01 +0530] "GET /eproofing_wiley_v2/journalimages/jocd.jpg HTTP/1.1" 404 239
14.143.70.66 - - [08/Apr/2019:07:37:09 +0530] "GET /favicon1.ico HTTP/1.1" 404 210
120.92.72.108 - - [08/Apr/2019:07:37:09 +0530] "GET /ckeditor4.4/top HTTP/1.1" 404 213
202.14.85.241 - - [08/Apr/2019:07:38:14 +0530] "GET /eproofing_wiley_v2/journalimages/ajsp.jpg HTTP/1.1" 404 239
118.185.204.162 - - [08/Apr/2019:07:39:12 +0530] "GET /eproofing_wiley_v2/journalimages/pan.jpg HTTP/1.1" 404 238
202.14.85.241 - - [08/Apr/2019:07:39:48 +0530] "GET /eproofing_wiley_v2/journalimages/and.jpg HTTP/1.1" 404 238
202.14.85.241 - - [08/Apr/2019:07:40:06 +0530] "GET /eproofing_wiley_v2/journalimages/hel.jpg HTTP/1.1" 404 238
123.63.137.194 - - [08/Apr/2019:07:40:24 +0530] "GET /favicon.ico HTTP/1.1" 404 209
123.63.137.194 - - [08/Apr/2019:07:40:28 +0530] "GET /favicon1.ico HTTP/1.1" 404 210
122.184.55.66 - - [08/Apr/2019:07:41:00 +0530] "POST /common_php/commonFunctions.php HTTP/1.1" 500 -
61.157.97.82 - - [08/Apr/2019:07:41:57 +0530] "GET /favicon.ico HTTP/1.1" 404 209
123.63.137.194 - - [08/Apr/2019:07:42:20 +0530] "GET /sprbwf-tchy-pms/main.php HTTP/1.1" 302 16830
123.63.137.194 - - [08/Apr/2019:07:42:21 +0530] "GET /favicon.ico HTTP/1.1" 404 209
120.92.72.108 - - [08/Apr/2019:07:42:23 +0530] "GET /ckeditor4.4/top HTTP/1.1" 404 213
123.63.137.194 - - [08/Apr/2019:07:42:26 +0530] "GET /favicon1.ico HTTP/1.1" 404 210
124.19.25.1 - - [08/Apr/2019:07:42:27 +0530] "GET /eproofing_wiley_v2/journalimages/eva.jpg HTTP/1.1" 404 238
122.184.55.66 - - [08/Apr/2019:07:42:42 +0530] "POST /common_php/commonFunctions.php HTTP/1.1" 500 -
104.47.116.247 - - [08/Apr/2019:07:42:46 +0530] "GET /eproofing_wiley_v2/journalimages/eva.jpg HTTP/1.1" 404 238
111.187.16.127 - - [08/Apr/2019:07:42:48 +0530] "GET /eproofing_wiley_v2/journalimages/wer.jpg HTTP/1.1" 404 238
64.246.103.84 - - [08/Apr/2019:07:43:32 +0530] "GET /eproofing_wiley_v2/journalimages/dome.jpg HTTP/1.1" 404 239
124.19.25.1 - - [08/Apr/2019:07:43:48 +0530] "GET /eproofing_wiley_v2/journalimages/eva.jpg HTTP/1.1" 404 238
118.185.204.162 - - [08/Apr/2019:07:45:15 +0530] "GET /eproofing_wiley_v2/journalimages/cbdd.jpg HTTP/1.1" 404 239
118.185.204.162 - - [08/Apr/2019:07:45:15 +0530] "GET /eproofing_wiley_v2/journalimages/cbdd.jpg HTTP/1.1" 404 239
115.236.180.19 - - [08/Apr/2019:07:45:20 +0530] "POST /eproofing_wiley_v2/writefile.php HTTP/1.1" 302 -
118.185.204.162 - - [08/Apr/2019:07:46:17 +0530] "GET /eproofing_wiley_v2/journalimages/gean.jpg HTTP/1.1" 404 239
122.184.55.66 - - [08/Apr/2019:07:47:11 +0530] "POST /common_php/commonFunctions.php HTTP/1.1" 500 -
14.143.70.66 - - [08/Apr/2019:07:47:49 +0530] "GET /sprbwf-tchy-pms/utilities/logoutBWF.php HTTP/1.1" 302 -
118.185.204.162 - - [08/Apr/2019:07:47:59 +0530] "GET /eproofing_wiley_v2/journalimages/pan.jpg HTTP/1.1" 404 238
118.185.204.162 - - [08/Apr/2019:07:48:30 +0530] "GET /eproofing_wiley_v2/journalimages/pan.jpg HTTP/1.1" 404 238
122.184.55.66 - - [08/Apr/2019:07:49:51 +0530] "POST /common_php/commonFunctions.php HTTP/1.1" 500 -
14.143.70.66 - - [08/Apr/2019:07:49:55 +0530] "GET /sprbwf-tchy-pms/utilities/logoutBWF.php HTTP/1.1" 302 -
174.241.132.217 - - [08/Apr/2019:07:50:10 +0530] "GET /eproofing_wiley_v2/journalimages/eva.jpg HTTP/1.1" 404 238
122.184.55.66 - - [08/Apr/2019:07:50:22 +0530] "GET /favicon.ico HTTP/1.1" 404 209
14.143.70.66 - - [08/Apr/2019:07:51:06 +0530] "GET /sprbwf-tchy-pms/utilities/logoutBWF.php HTTP/1.1" 302 -
118.185.204.162 - - [08/Apr/2019:07:51:13 +0530] "GET /eproofing_wiley_v2/journalimages/hequ.jpg HTTP/1.1" 404 239
122.184.55.66 - - [08/Apr/2019:07:51:27 +0530] "GET /common_php/dLink.php?url=https://vtw.elsevier.com/asset/egi/10PFSQN9T47?ver=dba934bae89709fdef6c548e28472562 HTTP/1.1" 302 -
118.185.204.162 - - [08/Apr/2019:07:51:50 +0530] "GET /eproofing_wiley_v2/journalimages/cbdd.jpg HTTP/1.1" 404 239
118.185.204.162 - - [08/Apr/2019:07:51:51 +0530] "GET /eproofing_wiley_v2/journalimages/cbdd.jpg HTTP/1.1" 404 239
118.185.204.162 - - [08/Apr/2019:07:51:51 +0530] "GET /eproofing_wiley_v2/journalimages/cbdd.jpg HTTP/1.1" 404 239
129.127.137.111 - - [08/Apr/2019:07:51:53 +0530] "GET /eproofing_wiley_v2/journalimages/men.jpg HTTP/1.1" 404 238
124.183.144.246 - - [08/Apr/2019:07:52:43 +0530] "GET /favicon.ico HTTP/1.1" 404 209
202.14.85.241 - - [08/Apr/2019:07:52:54 +0530] "GET /eproofing_wiley_v2/journalimages/sms.jpg HTTP/1.1" 404 238
202.14.85.241 - - [08/Apr/2019:07:53:10 +0530] "GET /eproofing_wiley_v2/journalimages/sms.jpg HTTP/1.1" 404 238
129.127.137.111 - - [08/Apr/2019:07:53:44 +0530] "GET /eproofing_wiley_v2/journalimages/men.jpg HTTP/1.1" 404 238
42.112.155.243 - - [08/Apr/2019:07:56:13 +0530] "GET /eproofing_wiley_v2/journalimages/anu.jpg HTTP/1.1" 404 238
122.184.55.66 - - [08/Apr/2019:07:57:22 +0530] "POST /common_php/commonFunctions.php HTTP/1.1" 500 -
202.14.85.241 - - [08/Apr/2019:07:57:32 +0530] "GET /eproofing_wiley_v2/journalimages/jar.jpg HTTP/1.1" 404 238
202.202.232.160 - - [08/Apr/2019:07:57:39 +0530] "GET /eproofing_wiley_v2/journalimages/mgg3.jpg HTTP/1.1" 404 239
202.202.232.160 - - [08/Apr/2019:07:57:52 +0530] "GET /eproofing_wiley_v2/journalimages/mgg3.jpg HTTP/1.1" 404 239
58.213.137.214 - - [08/Apr/2019:07:59:06 +0530] "GET /eproofing_wiley_v2/journalimages/cpr.jpg HTTP/1.1" 404 238
14.143.70.66 - - [08/Apr/2019:07:59:45 +0530] "GET /sprbwf-tchy-pms/main.php HTTP/1.1" 302 16830
14.143.70.66 - - [08/Apr/2019:07:59:46 +0530] "GET /favicon.ico HTTP/1.1" 404 209
14.143.70.66 - - [08/Apr/2019:07:59:46 +0530] "GET /favicon.ico HTTP/1.1" 404 209
123.63.137.194 - - [08/Apr/2019:07:59:48 +0530] "GET /eproofing_wiley_v2/journalimages/jph.jpg HTTP/1.1" 404 238
123.63.137.194 - - [08/Apr/2019:07:59:49 +0530] "GET /eproofing_wiley_v2/journalimages/jph.jpg HTTP/1.1" 404 238
14.143.70.66 - - [08/Apr/2019:07:59:57 +0530] "GET /favicon1.ico HTTP/1.1" 404 210
14.143.70.66 - - [08/Apr/2019:07:59:58 +0530] "GET /favicon1.ico HTTP/1.1" 404 210
14.143.70.66 - - [08/Apr/2019:08:00:59 +0530] "GET /sprbwf-tchy-pms/main.php HTTP/1.1" 302 16830
14.143.70.66 - - [08/Apr/2019:08:01:30 +0530] "GET /sprbwf-tchy-pms/utilities/logoutBWF.php HTTP/1.1" 302 -
14.143.70.66 - - [08/Apr/2019:08:04:49 +0530] "GET /sprbwf-tchy-pms/main.php HTTP/1.1" 302 16830
122.184.55.66 - - [08/Apr/2019:08:07:50 +0530] "GET /common_php/dLink.php?url=https://vtw.elsevier.com/asset/egi/10KTWZ8JCFH?ver=aefd214b106566253b8bddfd31f085d2 HTTP/1.1" 302 -
182.255.102.162 - - [08/Apr/2019:08:08:19 +0530] "GET /eproofing_wiley_v2/journalimages/men.jpg HTTP/1.1" 404 238
118.185.204.162 - - [08/Apr/2019:08:08:55 +0530] "GET /eproofing_wiley_v2/journalimages/cbdd.jpg HTTP/1.1" 404 239
118.185.204.162 - - [08/Apr/2019:08:08:56 +0530] "GET /eproofing_wiley_v2/journalimages/cbdd.jpg HTTP/1.1" 404 239
202.14.85.241 - - [08/Apr/2019:08:09:51 +0530] "GET /eproofing_wiley_v2/journalimages/ijcp.jpg HTTP/1.1" 404 239
130.220.8.175 - - [08/Apr/2019:08:09:57 +0530] "GET /eproofing_wiley_v2/journalimages/men.jpg HTTP/1.1" 404 238
141.243.9.161 - - [08/Apr/2019:08:11:01 +0530] "GET /favicon.ico HTTP/1.1" 404 209
202.14.85.241 - - [08/Apr/2019:08:11:34 +0530] "GET /eproofing_wiley_v2/journalimages/ijcp.jpg HTTP/1.1" 404 239
222.236.24.129 - - [08/Apr/2019:08:12:30 +0530] "GET /eproofing_wiley_v2/journalimages/jocd.jpg HTTP/1.1" 404 239
219.137.251.4 - - [08/Apr/2019:08:15:04 +0530] "GET /favicon.ico HTTP/1.1" 404 209
122.184.55.66 - - [08/Apr/2019:08:15:24 +0530] "GET /favicon.ico HTTP/1.1" 404 209
122.184.55.66 - - [08/Apr/2019:08:15:45 +0530] "POST /common_php/commonFunctions.php HTTP/1.1" 500 -
141.243.9.161 - - [08/Apr/2019:08:15:56 +0530] "GET /eproofing_wiley_v2/journalimages/avsc.jpg HTTP/1.1" 404 239
141.243.9.161 - - [08/Apr/2019:08:16:42 +0530] "GET /eproofing_wiley_v2/journalimages/avsc.jpg HTTP/1.1" 404 239
141.243.9.161 - - [08/Apr/2019:08:17:00 +0530] "GET /favicon.ico HTTP/1.1" 404 209
122.184.55.66 - - [08/Apr/2019:08:18:52 +0530] "POST /common_php/commonFunctions.php HTTP/1.1" 500 -
141.243.9.161 - - [08/Apr/2019:08:19:37 +0530] "POST /eproofing_wiley_v2/writefile.php HTTP/1.1" 302 -
202.14.85.241 - - [08/Apr/2019:08:21:03 +0530] "GET /eproofing_wiley_v2/journalimages/asj.jpg HTTP/1.1" 404 238
61.157.97.82 - - [08/Apr/2019:08:24:28 +0530] "GET /favicon.ico HTTP/1.1" 404 209
112.200.203.199 - - [08/Apr/2019:08:27:36 +0530] "GET /eproofing_wiley_v2/journalimages/aspp.jpg HTTP/1.1" 404 239
202.14.85.241 - - [08/Apr/2019:08:27:54 +0530] "GET /eproofing_wiley_v2/journalimages/jar.jpg HTTP/1.1" 404 238
157.41.254.201 - - [08/Apr/2019:08:31:29 +0530] "GET /eproofing_wiley_v2/journalimages/are.jpg HTTP/1.1" 404 238
123.63.137.194 - - [08/Apr/2019:08:31:54 +0530] "GET /favicon.ico HTTP/1.1" 404 209
61.157.97.82 - - [08/Apr/2019:08:31:57 +0530] "GET /favicon.ico HTTP/1.1" 404 209
123.63.137.194 - - [08/Apr/2019:08:32:01 +0530] "GET /favicon1.ico HTTP/1.1" 404 210
123.63.137.194 - - [08/Apr/2019:08:34:58 +0530] "GET /favicon.ico HTTP/1.1" 404 209
123.63.137.194 - - [08/Apr/2019:08:36:11 +0530] "GET /favicon1.ico HTTP/1.1" 404 210
210.145.120.80 - - [08/Apr/2019:08:40:08 +0530] "GET /eproofing_wiley_v2/journalimages/jar3.jpg HTTP/1.1" 404 239
122.184.55.66 - - [08/Apr/2019:08:40:26 +0530] "GET /favicon.ico HTTP/1.1" 404 209
123.63.137.194 - - [08/Apr/2019:08:41:34 +0530] "GET /sprbwf-tchy-pms/utilities/logoutBWF.php HTTP/1.1" 302 -
123.63.137.194 - - [08/Apr/2019:08:41:35 +0530] "GET /favicon.ico HTTP/1.1" 404 209
123.63.137.194 - - [08/Apr/2019:08:41:39 +0530] "GET /favicon1.ico HTTP/1.1" 404 210
123.63.137.194 - - [08/Apr/2019:08:41:55 +0530] "GET /favicon.ico HTTP/1.1" 404 209
123.63.137.194 - - [08/Apr/2019:08:42:11 +0530] "GET /favicon1.ico HTTP/1.1" 404 210
123.63.137.194 - - [08/Apr/2019:08:42:42 +0530] "GET /favicon.ico HTTP/1.1" 404 209
123.63.137.194 - - [08/Apr/2019:08:42:59 +0530] "GET /sprbwf-tchy-pms/main.php HTTP/1.1" 302 16830
123.63.137.194 - - [08/Apr/2019:08:43:03 +0530] "GET /favicon.ico HTTP/1.1" 404 209
210.145.120.80 - - [08/Apr/2019:08:43:26 +0530] "GET /eproofing_wiley_v2/journalimages/jar3.jpg HTTP/1.1" 404 239
123.63.137.194 - - [08/Apr/2019:08:43:44 +0530] "-" 408 -
108.102.65.219 - - [08/Apr/2019:08:45:09 +0530] "GET /favicon.ico HTTP/1.1" 404 209
108.102.65.219 - - [08/Apr/2019:08:46:26 +0530] "-" 408 -
108.102.65.219 - - [08/Apr/2019:08:48:46 +0530] "-" 408 -
123.63.137.194 - - [08/Apr/2019:08:50:56 +0530] "GET /favicon.ico HTTP/1.1" 404 209
123.63.137.194 - - [08/Apr/2019:08:51:01 +0530] "GET /favicon1.ico HTTP/1.1" 404 210
123.63.137.194 - - [08/Apr/2019:08:51:59 +0530] "-" 408 -
123.63.137.194 - - [08/Apr/2019:08:51:59 +0530] "-" 408 -
123.63.137.194 - - [08/Apr/2019:08:52:45 +0530] "GET /sprbwf-tchy-pms/utilities/logoutBWF.php HTTP/1.1" 302 -
118.185.204.162 - - [08/Apr/2019:08:53:02 +0530] "GET /eproofing_wiley_v2/journalimages/ccr3.jpg HTTP/1.1" 404 239
163.143.124.166 - - [08/Apr/2019:08:53:30 +0530] "GET /eproofing_wiley_v2/journalimages/jar3.jpg HTTP/1.1" 404 239
123.63.137.194 - - [08/Apr/2019:08:53:56 +0530] "-" 408 -
123.63.137.194 - - [08/Apr/2019:08:54:09 +0530] "GET /sprbwf-tchy-pms/utilities/logoutBWF.php HTTP/1.1" 302 -
14.143.70.66 - - [08/Apr/2019:08:54:17 +0530] "GET /sprbwf-tchy-pms/main.php HTTP/1.1" 302 16830
118.185.204.162 - - [08/Apr/2019:08:54:27 +0530] "GET /eproofing_wiley_v2/journalimages/capa.jpg HTTP/1.1" 404 239
123.63.137.194 - - [08/Apr/2019:08:55:13 +0530] "GET /sprbwf-tchy-pms/main.php HTTP/1.1" 302 16830
123.63.137.194 - - [08/Apr/2019:08:55:14 +0530] "GET /favicon.ico HTTP/1.1" 404 209
123.63.137.194 - - [08/Apr/2019:08:55:27 +0530] "GET /favicon1.ico HTTP/1.1" 404 210
123.63.137.194 - - [08/Apr/2019:08:55:58 +0530] "GET /favicon.ico HTTP/1.1" 404 209
123.63.137.194 - - [08/Apr/2019:08:56:04 +0530] "GET /favicon1.ico HTTP/1.1" 404 210
123.63.137.194 - - [08/Apr/2019:08:56:13 +0530] "GET /sprbwf-tchy-pms/utilities/logoutBWF.php HTTP/1.1" 302 -
123.63.137.194 - - [08/Apr/2019:08:56:14 +0530] "GET /favicon.ico HTTP/1.1" 404 209
123.63.137.194 - - [08/Apr/2019:08:56:19 +0530] "GET /favicon1.ico HTTP/1.1" 404 210
134.115.215.88 - - [08/Apr/2019:08:56:55 +0530] "GET /eproofing_wiley_v2/journalimages/eva.jpg HTTP/1.1" 404 238
123.63.137.194 - - [08/Apr/2019:08:57:03 +0530] "-" 408 -
122.184.55.66 - - [08/Apr/2019:08:57:39 +0530] "GET /main.php HTTP/1.1" 302 14066
122.184.55.66 - - [08/Apr/2019:08:57:48 +0530] "GET /favicon.ico HTTP/1.1" 404 209
14.143.70.66 - - [08/Apr/2019:09:01:11 +0530] "GET /favicon.ico HTTP/1.1" 404 209
14.143.70.66 - - [08/Apr/2019:09:01:23 +0530] "GET /sprbwf-tchy-pms/main.php HTTP/1.1" 302 16830
122.184.55.66 - - [08/Apr/2019:09:01:53 +0530] "GET /main.php HTTP/1.1" 302 14066
122.184.55.66 - - [08/Apr/2019:09:01:54 +0530] "GET /favicon.ico HTTP/1.1" 404 209
123.63.137.194 - - [08/Apr/2019:09:01:55 +0530] "GET /favicon.ico HTTP/1.1" 404 209
123.63.137.194 - - [08/Apr/2019:09:02:04 +0530] "GET /favicon1.ico HTTP/1.1" 404 210
123.63.137.194 - - [08/Apr/2019:09:02:53 +0530] "GET /sprbwf-tchy-pms/utilities/logoutBWF.php HTTP/1.1" 302 -
123.63.137.194 - - [08/Apr/2019:09:02:54 +0530] "GET /favicon.ico HTTP/1.1" 404 209
123.63.137.194 - - [08/Apr/2019:09:02:59 +0530] "GET /sprbwf-tchy-pms/main.php HTTP/1.1" 302 16830
123.63.137.194 - - [08/Apr/2019:09:02:59 +0530] "GET /favicon1.ico HTTP/1.1" 404 210
123.63.137.194 - - [08/Apr/2019:09:03:00 +0530] "GET /favicon.ico HTTP/1.1" 404 209
14.143.70.66 - - [08/Apr/2019:09:03:03 +0530] "GET /favicon1.ico HTTP/1.1" 404 210
123.63.137.194 - - [08/Apr/2019:09:03:14 +0530] "GET /favicon1.ico HTTP/1.1" 404 210
123.63.137.194 - - [08/Apr/2019:09:04:13 +0530] "GET /sprbwf-tchy-pms/main.php HTTP/1.1" 302 16830
122.184.55.66 - - [08/Apr/2019:09:05:29 +0530] "GET /favicon.ico HTTP/1.1" 404 209
118.185.204.162 - - [08/Apr/2019:09:06:08 +0530] "GET /eproofing_wiley_v2/journalimages/mmi.jpg HTTP/1.1" 404 238
118.185.204.162 - - [08/Apr/2019:09:06:09 +0530] "GET /eproofing_wiley_v2/journalimages/mmi.jpg HTTP/1.1" 404 238
123.63.137.194 - - [08/Apr/2019:09:06:20 +0530] "GET /sprbwf-tchy-pms/utilities/logoutBWF.php HTTP/1.1" 302 -
123.63.137.194 - - [08/Apr/2019:09:06:21 +0530] "GET /favicon.ico HTTP/1.1" 404 209
123.63.137.194 - - [08/Apr/2019:09:06:26 +0530] "GET /favicon1.ico HTTP/1.1" 404 210
122.184.55.66 - - [08/Apr/2019:09:06:53 +0530] "GET /favicon.ico HTTP/1.1" 404 209
223.2.47.84 - - [08/Apr/2019:09:08:26 +0530] "GET /eproofing_wiley_v2/journalimages/ece3.jpg HTTP/1.1" 404 239
123.63.137.194 - - [08/Apr/2019:09:09:29 +0530] "GET /favicon.ico HTTP/1.1" 404 209
123.63.137.194 - - [08/Apr/2019:09:09:51 +0530] "GET /favicon1.ico HTTP/1.1" 404 210
58.213.137.211 - - [08/Apr/2019:09:09:52 +0530] "GET /eproofing_wiley_v2/journalimages/wer.jpg HTTP/1.1" 404 238
118.185.204.162 - - [08/Apr/2019:09:10:11 +0530] "GET /eproofing_wiley_v2/journalimages/pan.jpg HTTP/1.1" 404 238
174.241.132.217 - - [08/Apr/2019:09:10:38 +0530] "GET /eproofing_wiley_v2/journalimages/eva.jpg HTTP/1.1" 404 238
174.241.132.217 - - [08/Apr/2019:09:10:38 +0530] "GET /eproofing_wiley_v2/journalimages/eva.jpg HTTP/1.1" 404 238
205.251.113.5 - - [08/Apr/2019:09:10:41 +0530] "GET /favicon.ico HTTP/1.1" 404 209
174.241.132.217 - - [08/Apr/2019:09:11:13 +0530] "GET /eproofing_wiley_v2/journalimages/eva.jpg HTTP/1.1" 404 238
219.137.251.3 - - [08/Apr/2019:09:11:48 +0530] "GET /favicon.ico HTTP/1.1" 404 209
118.185.204.162 - - [08/Apr/2019:09:12:03 +0530] "GET /eproofing_wiley_v2/journalimages/cbdd.jpg HTTP/1.1" 404 239
58.213.137.211 - - [08/Apr/2019:09:12:09 +0530] "GET /eproofing_wiley_v2/journalimages/wer.jpg HTTP/1.1" 404 238
58.213.137.211 - - [08/Apr/2019:09:12:29 +0530] "GET /eproofing_wiley_v2/journalimages/wer.jpg HTTP/1.1" 404 238
123.63.137.194 - - [08/Apr/2019:09:12:30 +0530] "GET /favicon.ico HTTP/1.1" 404 209
123.63.137.194 - - [08/Apr/2019:09:12:40 +0530] "GET /favicon1.ico HTTP/1.1" 404 210
118.185.204.162 - - [08/Apr/2019:09:12:46 +0530] "GET /eproofing_wiley_v2/journalimages/cbdd.jpg HTTP/1.1" 404 239
122.184.55.66 - - [08/Apr/2019:09:12:46 +0530] "GET /common_php/dLink.php?url=https://vtw.elsevier.com/asset/egi/10P12ZQ7WF3?ver=1a170b878c69ba824cf87f38e06f2e32 HTTP/1.1" 302 -
118.185.204.162 - - [08/Apr/2019:09:12:47 +0530] "GET /eproofing_wiley_v2/journalimages/cbdd.jpg HTTP/1.1" 404 239
118.185.204.162 - - [08/Apr/2019:09:12:51 +0530] "GET /eproofing_wiley_v2/journalimages/hequ.jpg HTTP/1.1" 404 239
123.63.137.194 - - [08/Apr/2019:09:13:01 +0530] "GET /favicon.ico HTTP/1.1" 404 209
123.63.137.194 - - [08/Apr/2019:09:13:06 +0530] "GET /favicon1.ico HTTP/1.1" 404 210
122.184.55.66 - - [08/Apr/2019:09:13:27 +0530] "POST /common_php/commonFunctions.php HTTP/1.1" 500 -
123.63.137.194 - - [08/Apr/2019:09:13:54 +0530] "GET /favicon.ico HTTP/1.1" 404 209
49.255.1.192 - - [08/Apr/2019:09:13:58 +0530] "GET /eproofing_wiley_v2/journalimages/tbed.jpg HTTP/1.1" 404 239
123.63.137.194 - - [08/Apr/2019:09:14:00 +0530] "GET /favicon1.ico HTTP/1.1" 404 210
122.184.55.66 - - [08/Apr/2019:09:14:24 +0530] "POST /common_php/commonFunctions.php HTTP/1.1" 500 -
122.184.55.66 - - [08/Apr/2019:09:15:07 +0530] "GET /common_php/dLink.php?url=https://vtw.elsevier.com/asset/egi/1070CPGGPSK?ver=29a4b2e337b6e96b14a523c221653431 HTTP/1.1" 302 -
123.63.137.194 - - [08/Apr/2019:09:15:35 +0530] "GET /favicon.ico HTTP/1.1" 404 209
122.184.55.66 - - [08/Apr/2019:09:16:13 +0530] "POST /common_php/commonFunctions.php HTTP/1.1" 500 -
64.246.103.84 - - [08/Apr/2019:09:17:18 +0530] "GET /eproofing_wiley_v2/journalimages/dome.jpg HTTP/1.1" 404 239
123.63.137.194 - - [08/Apr/2019:09:18:14 +0530] "GET /favicon.ico HTTP/1.1" 404 209
123.63.137.194 - - [08/Apr/2019:09:18:19 +0530] "GET /favicon1.ico HTTP/1.1" 404 210
118.185.204.162 - - [08/Apr/2019:09:19:03 +0530] "GET /eproofing_wiley_v2/journalimages/ccr3.jpg HTTP/1.1" 404 239
122.184.55.66 - - [08/Apr/2019:09:19:29 +0530] "POST /common_php/commonFunctions.php HTTP/1.1" 500 -
122.184.55.66 - - [08/Apr/2019:09:19:30 +0530] "POST /common_php/commonFunctions.php HTTP/1.1" 500 -
122.184.55.66 - - [08/Apr/2019:09:19:49 +0530] "POST /common_php/commonFunctions.php HTTP/1.1" 500 -
210.145.120.80 - - [08/Apr/2019:09:20:16 +0530] "GET /favicon.ico HTTP/1.1" 404 209
118.185.204.162 - - [08/Apr/2019:09:20:23 +0530] "GET /eproofing_wiley_v2/journalimages/capa.jpg HTTP/1.1" 404 239
14.143.70.66 - - [08/Apr/2019:09:20:33 +0530] "GET /main.php HTTP/1.1" 302 14066
14.143.70.66 - - [08/Apr/2019:09:20:34 +0530] "GET /main.php HTTP/1.1" 302 14066
14.143.70.66 - - [08/Apr/2019:09:20:38 +0530] "GET /main.php HTTP/1.1" 302 14066
14.143.70.66 - - [08/Apr/2019:09:20:45 +0530] "GET /favicon.ico HTTP/1.1" 404 209
14.143.70.66 - - [08/Apr/2019:09:20:45 +0530] "GET /favicon.ico HTTP/1.1" 404 209
14.143.70.66 - - [08/Apr/2019:09:20:45 +0530] "GET /favicon.ico HTTP/1.1" 404 209
123.63.137.194 - - [08/Apr/2019:09:21:52 +0530] "GET /favicon.ico HTTP/1.1" 404 209
58.213.137.211 - - [08/Apr/2019:09:22:15 +0530] "GET /eproofing_wiley_v2/journalimages/wer.jpg HTTP/1.1" 404 238
202.14.85.241 - - [08/Apr/2019:09:22:19 +0530] "GET /eproofing_wiley_v2/journalimages/jar.jpg HTTP/1.1" 404 238
58.213.137.211 - - [08/Apr/2019:09:22:19 +0530] "GET /eproofing_wiley_v2/journalimages/wer.jpg HTTP/1.1" 404 238
58.213.137.211 - - [08/Apr/2019:09:22:24 +0530] "GET /eproofing_wiley_v2/journalimages/wer.jpg HTTP/1.1" 404 238
58.213.137.211 - - [08/Apr/2019:09:22:34 +0530] "GET /eproofing_wiley_v2/journalimages/wer.jpg HTTP/1.1" 404 238
58.213.137.211 - - [08/Apr/2019:09:22:39 +0530] "GET /eproofing_wiley_v2/journalimages/wer.jpg HTTP/1.1" 404 238
58.213.137.211 - - [08/Apr/2019:09:22:44 +0530] "GET /eproofing_wiley_v2/journalimages/wer.jpg HTTP/1.1" 404 238
123.63.137.194 - - [08/Apr/2019:09:22:51 +0530] "GET /sprbwf-tchy-pms/main.php HTTP/1.1" 302 16830
123.63.137.194 - - [08/Apr/2019:09:22:52 +0530] "GET /favicon.ico HTTP/1.1" 404 209
123.63.137.194 - - [08/Apr/2019:09:22:59 +0530] "GET /favicon1.ico HTTP/1.1" 404 210
14.143.70.66 - - [08/Apr/2019:09:24:50 +0530] "GET /favicon.ico HTTP/1.1" 404 209
118.185.204.162 - - [08/Apr/2019:09:25:09 +0530] "GET /eproofing_wiley_v2/journalimages/jfpp.jpg HTTP/1.1" 404 239
118.185.204.162 - - [08/Apr/2019:09:25:56 +0530] "GET /favicon.ico HTTP/1.1" 404 209
118.185.204.162 - - [08/Apr/2019:09:25:56 +0530] "GET /favicon.ico HTTP/1.1" 404 209
118.185.204.162 - - [08/Apr/2019:09:26:11 +0530] "GET /eproofing_wiley_v2/journalimages/jfpp.jpg HTTP/1.1" 404 239
118.185.204.162 - - [08/Apr/2019:09:26:29 +0530] "GET /eproofing_wiley_v2/journalimages/jfpp.jpg HTTP/1.1" 404 239
14.143.70.66 - - [08/Apr/2019:09:26:49 +0530] "-" 408 -
123.63.137.194 - - [08/Apr/2019:09:26:52 +0530] "GET /favicon.ico HTTP/1.1" 404 209
123.63.137.194 - - [08/Apr/2019:09:27:46 +0530] "GET /favicon.ico HTTP/1.1" 404 209
118.185.204.162 - - [08/Apr/2019:09:27:58 +0530] "GET /eproofing_wiley_v2/journalimages/jre.jpg HTTP/1.1" 404 238
118.185.204.162 - - [08/Apr/2019:09:27:58 +0530] "GET /eproofing_wiley_v2/journalimages/jre.jpg HTTP/1.1" 404 238
123.63.137.194 - - [08/Apr/2019:09:28:05 +0530] "GET /favicon.ico HTTP/1.1" 404 209
123.63.137.194 - - [08/Apr/2019:09:28:14 +0530] "GET /favicon1.ico HTTP/1.1" 404 210
123.63.137.194 - - [08/Apr/2019:09:28:17 +0530] "GET /favicon1.ico HTTP/1.1" 404 210
118.185.204.162 - - [08/Apr/2019:09:28:51 +0530] "GET /eproofing_wiley_v2/journalimages/pan.jpg HTTP/1.1" 404 238
123.63.137.194 - - [08/Apr/2019:09:28:51 +0530] "GET /favicon.ico HTTP/1.1" 404 209
123.63.137.194 - - [08/Apr/2019:09:28:58 +0530] "GET /favicon1.ico HTTP/1.1" 404 210
118.185.204.162 - - [08/Apr/2019:09:29:16 +0530] "GET /eproofing_wiley_v2/journalimages/ipd.jpg HTTP/1.1" 404 238
14.200.218.30 - - [08/Apr/2019:09:29:23 +0530] "GET /eproofing_wiley_v2/journalimages/men.jpg HTTP/1.1" 404 238
123.63.137.194 - - [08/Apr/2019:09:29:52 +0530] "GET /favicon.ico HTTP/1.1" 404 209
123.63.137.194 - - [08/Apr/2019:09:29:52 +0530] "GET /favicon.ico HTTP/1.1" 404 209
123.63.137.194 - - [08/Apr/2019:09:30:04 +0530] "GET /favicon1.ico HTTP/1.1" 404 210
123.63.137.194 - - [08/Apr/2019:09:30:04 +0530] "GET /favicon1.ico HTTP/1.1" 404 210
122.184.55.66 - - [08/Apr/2019:09:30:32 +0530] "GET /favicon.ico HTTP/1.1" 404 209
14.200.218.30 - - [08/Apr/2019:09:30:41 +0530] "GET /eproofing_wiley_v2/journalimages/men.jpg HTTP/1.1" 404 238
14.200.218.30 - - [08/Apr/2019:09:30:51 +0530] "GET /eproofing_wiley_v2/journalimages/men.jpg HTTP/1.1" 404 238
14.143.70.66 - - [08/Apr/2019:09:31:23 +0530] "-" 408 -
118.185.204.162 - - [08/Apr/2019:09:31:24 +0530] "GET /favicon.ico HTTP/1.1" 404 209
82.181.40.189 - - [08/Apr/2019:09:31:32 +0530] "GET /eproofing_wiley_v2/journalimages/anec.jpg HTTP/1.1" 404 239
123.63.137.194 - - [08/Apr/2019:09:31:54 +0530] "GET /favicon1.ico HTTP/1.1" 404 210
118.185.204.162 - - [08/Apr/2019:09:32:04 +0530] "GET /eproofing_wiley_v2/journalimages/gean.jpg HTTP/1.1" 404 239
122.184.55.66 - - [08/Apr/2019:09:32:31 +0530] "GET /main.php HTTP/1.1" 302 14066
14.143.70.66 - - [08/Apr/2019:09:32:39 +0530] "GET /favicon1.ico HTTP/1.1" 404 210
122.184.55.66 - - [08/Apr/2019:09:32:51 +0530] "GET /main.php HTTP/1.1" 302 14066
122.184.55.66 - - [08/Apr/2019:09:32:57 +0530] "GET /favicon.ico HTTP/1.1" 404 209
122.184.55.66 - - [08/Apr/2019:09:32:57 +0530] "GET /favicon.ico HTTP/1.1" 404 209
118.185.204.162 - - [08/Apr/2019:09:33:05 +0530] "GET /eproofing_wiley_v2/journalimages/pan.jpg HTTP/1.1" 404 238
118.185.204.162 - - [08/Apr/2019:09:33:16 +0530] "GET /eproofing_wiley_v2/journalimages/jac.jpg HTTP/1.1" 404 238
118.185.204.162 - - [08/Apr/2019:09:33:16 +0530] "GET /eproofing_wiley_v2/journalimages/jac.jpg HTTP/1.1" 404 238
122.184.55.66 - - [08/Apr/2019:09:33:23 +0530] "GET /main.php HTTP/1.1" 302 14066
123.63.137.194 - - [08/Apr/2019:09:35:21 +0530] "GET /favicon.ico HTTP/1.1" 404 209
123.63.137.194 - - [08/Apr/2019:09:35:25 +0530] "GET /favicon1.ico HTTP/1.1" 404 210
123.63.137.194 - - [08/Apr/2019:09:35:28 +0530] "GET /favicon.ico HTTP/1.1" 404 209
123.63.137.194 - - [08/Apr/2019:09:35:33 +0530] "GET /favicon1.ico HTTP/1.1" 404 210
123.63.137.194 - - [08/Apr/2019:09:36:38 +0530] "GET /favicon.ico HTTP/1.1" 404 209
14.143.70.66 - - [08/Apr/2019:09:36:45 +0530] "-" 408 -
122.184.55.66 - - [08/Apr/2019:09:36:46 +0530] "GET /main.php HTTP/1.1" 302 14066
123.63.137.194 - - [08/Apr/2019:09:36:49 +0530] "GET /favicon1.ico HTTP/1.1" 404 210
122.184.55.66 - - [08/Apr/2019:09:36:51 +0530] "GET /favicon.ico HTTP/1.1" 404 209
123.63.137.194 - - [08/Apr/2019:09:36:52 +0530] "GET /favicon.ico HTTP/1.1" 404 209
123.63.137.194 - - [08/Apr/2019:09:36:59 +0530] "GET /favicon1.ico HTTP/1.1" 404 210
122.184.55.66 - - [08/Apr/2019:09:37:21 +0530] "GET /main.php HTTP/1.1" 302 14066
123.63.137.194 - - [08/Apr/2019:09:37:26 +0530] "GET /sprbwf-tchy-pms/main.php HTTP/1.1" 302 16830
123.63.137.194 - - [08/Apr/2019:09:37:27 +0530] "GET /favicon.ico HTTP/1.1" 404 209
123.63.137.194 - - [08/Apr/2019:09:37:32 +0530] "GET /favicon1.ico HTTP/1.1" 404 210
14.143.70.66 - - [08/Apr/2019:09:38:04 +0530] "GET /favicon.ico HTTP/1.1" 404 209
123.63.137.194 - - [08/Apr/2019:09:38:08 +0530] "GET /sprbwf-tchy-pms/main.php HTTP/1.1" 302 16830
122.184.55.66 - - [08/Apr/2019:09:38:11 +0530] "GET /main.php HTTP/1.1" 302 14066
122.184.55.66 - - [08/Apr/2019:09:38:15 +0530] "GET /favicon.ico HTTP/1.1" 404 209
123.63.137.194 - - [08/Apr/2019:09:39:40 +0530] "GET /favicon.ico HTTP/1.1" 404 209
123.63.137.194 - - [08/Apr/2019:09:39:47 +0530] "GET /favicon1.ico HTTP/1.1" 404 210
123.63.137.194 - - [08/Apr/2019:09:40:28 +0530] "GET /favicon.ico HTTP/1.1" 404 209
123.63.137.194 - - [08/Apr/2019:09:40:33 +0530] "GET /favicon1.ico HTTP/1.1" 404 210
14.200.218.30 - - [08/Apr/2019:09:42:24 +0530] "GET /eproofing_wiley_v2/journalimages/men.jpg HTTP/1.1" 404 238
14.200.218.30 - - [08/Apr/2019:09:42:28 +0530] "GET /eproofing_wiley_v2/journalimages/men.jpg HTTP/1.1" 404 238
14.143.70.66 - - [08/Apr/2019:09:42:35 +0530] "GET /favicon.ico HTTP/1.1" 404 209
14.143.70.66 - - [08/Apr/2019:09:42:35 +0530] "GET /favicon.ico HTTP/1.1" 404 209
14.143.70.66 - - [08/Apr/2019:09:42:57 +0530] "-" 408 -
218.76.28.127 - - [08/Apr/2019:09:42:57 +0530] "GET /favicon.ico HTTP/1.1" 404 209
14.143.70.66 - - [08/Apr/2019:09:42:58 +0530] "GET /favicon1.ico HTTP/1.1" 404 210
118.185.204.162 - - [08/Apr/2019:09:42:58 +0530] "GET /eproofing_wiley_v2/journalimages/ipd.jpg HTTP/1.1" 404 238
14.143.70.66 - - [08/Apr/2019:09:42:58 +0530] "GET /favicon1.ico HTTP/1.1" 404 210
188.209.199.127 - - [08/Apr/2019:09:43:15 +0530] "GET /favicon.ico HTTP/1.1" 404 209
14.143.70.66 - - [08/Apr/2019:09:43:30 +0530] "GET /sprbwf-tchy-pms/utilities/logoutBWF.php HTTP/1.1" 302 -
123.63.137.194 - - [08/Apr/2019:09:44:28 +0530] "GET /favicon.ico HTTP/1.1" 404 209
118.185.204.162 - - [08/Apr/2019:09:44:42 +0530] "GET /eproofing_wiley_v2/journalimages/ctr.jpg HTTP/1.1" 404 238
123.63.137.194 - - [08/Apr/2019:09:44:43 +0530] "GET /favicon1.ico HTTP/1.1" 404 210
14.143.70.66 - - [08/Apr/2019:09:45:18 +0530] "GET /favicon.ico HTTP/1.1" 404 209
118.185.204.162 - - [08/Apr/2019:09:46:21 +0530] "GET /eproofing_wiley_v2/journalimages/mmi.jpg HTTP/1.1" 404 238
118.185.204.162 - - [08/Apr/2019:09:46:22 +0530] "GET /eproofing_wiley_v2/journalimages/mmi.jpg HTTP/1.1" 404 238
129.127.145.227 - - [08/Apr/2019:09:47:45 +0530] "GET /eproofing_wiley_v2/journalimages/men.jpg HTTP/1.1" 404 238
14.143.70.66 - - [08/Apr/2019:09:48:04 +0530] "-" 408 -
118.185.204.162 - - [08/Apr/2019:09:48:07 +0530] "GET /eproofing_wiley_v2/journalimages/head.jpg HTTP/1.1" 404 239
103.246.106.9 - - [08/Apr/2019:09:48:17 +0530] "GET /eproofing_wiley_v2/journalimages/cbdd.jpg HTTP/1.1" 404 239
67.182.154.52 - - [08/Apr/2019:09:48:54 +0530] "GET /apple-touch-icon-120x120-precomposed.png HTTP/1.1" 404 238
67.182.154.52 - - [08/Apr/2019:09:48:54 +0530] "GET /apple-touch-icon-120x120.png HTTP/1.1" 404 226
67.182.154.52 - - [08/Apr/2019:09:48:54 +0530] "GET /apple-touch-icon-precomposed.png HTTP/1.1" 404 230
67.182.154.52 - - [08/Apr/2019:09:48:54 +0530] "GET /apple-touch-icon.png HTTP/1.1" 404 218
67.182.154.52 - - [08/Apr/2019:09:48:54 +0530] "GET /favicon.ico HTTP/1.1" 404 209
67.182.154.52 - - [08/Apr/2019:09:48:54 +0530] "GET /apple-touch-icon-120x120-precomposed.png HTTP/1.1" 404 238
67.182.154.52 - - [08/Apr/2019:09:48:54 +0530] "GET /apple-touch-icon-120x120.png HTTP/1.1" 404 226
67.182.154.52 - - [08/Apr/2019:09:48:54 +0530] "GET /apple-touch-icon-precomposed.png HTTP/1.1" 404 230
67.182.154.52 - - [08/Apr/2019:09:48:54 +0530] "GET /apple-touch-icon.png HTTP/1.1" 404 218
67.182.154.52 - - [08/Apr/2019:09:48:54 +0530] "GET /favicon.ico HTTP/1.1" 404 209
118.185.204.162 - - [08/Apr/2019:09:49:09 +0530] "GET /eproofing_wiley_v2/journalimages/eci.jpg HTTP/1.1" 404 238
120.92.72.104 - - [08/Apr/2019:09:49:21 +0530] "GET /ckeditor4.4/top HTTP/1.1" 404 213
118.185.204.162 - - [08/Apr/2019:09:49:57 +0530] "GET /eproofing_wiley_v2/journalimages/jfd.jpg HTTP/1.1" 404 238
14.143.70.66 - - [08/Apr/2019:09:50:25 +0530] "GET /sprbwf-tchy-pms/main.php HTTP/1.1" 302 16830
218.76.28.127 - - [08/Apr/2019:09:50:33 +0530] "GET /eproofing_wiley_v2/journalimages/jocd.jpg HTTP/1.1" 404 239
120.92.72.96 - - [08/Apr/2019:09:50:43 +0530] "GET /ckeditor4.4/top HTTP/1.1" 404 213
14.143.70.66 - - [08/Apr/2019:09:51:08 +0530] "-" 408 -
120.92.72.185 - - [08/Apr/2019:09:51:11 +0530] "GET /ckeditor4.4/top HTTP/1.1" 404 213
120.92.72.50 - - [08/Apr/2019:09:51:59 +0530] "GET /ckeditor4.4/top HTTP/1.1" 404 213
103.246.106.9 - - [08/Apr/2019:09:52:27 +0530] "POST /eproofing_wiley_v2/writefile.php HTTP/1.1" 302 -
103.246.106.9 - - [08/Apr/2019:09:52:33 +0530] "GET /favicon.ico HTTP/1.1" 404 209
174.217.5.201 - - [08/Apr/2019:09:53:40 +0530] "GET /eproofing_wiley_v2/journalimages/ajes.jpg HTTP/1.1" 404 239
14.143.70.66 - - [08/Apr/2019:09:54:18 +0530] "GET /favicon.ico HTTP/1.1" 404 209
14.143.70.66 - - [08/Apr/2019:09:54:22 +0530] "GET /favicon.ico HTTP/1.1" 404 209
14.143.70.66 - - [08/Apr/2019:09:54:26 +0530] "GET /index.php HTTP/1.1" 404 207
14.143.70.66 - - [08/Apr/2019:09:54:28 +0530] "GET /favicon1.ico HTTP/1.1" 404 210
210.145.120.80 - - [08/Apr/2019:09:54:34 +0530] "GET /favicon.ico HTTP/1.1" 404 209
123.63.137.194 - - [08/Apr/2019:09:55:34 +0530] "GET /favicon1.ico HTTP/1.1" 404 210
122.184.55.66 - - [08/Apr/2019:09:55:35 +0530] "GET /favicon.ico HTTP/1.1" 404 209
82.181.40.189 - - [08/Apr/2019:09:57:12 +0530] "GET /eproofing_wiley_v2/journalimages/anec.jpg HTTP/1.1" 404 239
14.143.70.66 - - [08/Apr/2019:09:57:34 +0530] "GET /favicon.ico HTTP/1.1" 404 209
129.127.145.253 - - [08/Apr/2019:09:58:15 +0530] "GET /eproofing_wiley_v2/journalimages/men.jpg HTTP/1.1" 404 238
118.185.204.162 - - [08/Apr/2019:10:00:08 +0530] "GET /eproofing_wiley_v2/journalimages/jar3.jpg HTTP/1.1" 404 239
123.63.137.194 - - [08/Apr/2019:10:00:13 +0530] "GET /eproofing_wiley_v2/journalimages/fog.jpg HTTP/1.1" 404 238
122.184.55.66 - - [08/Apr/2019:10:00:19 +0530] "GET /main.php HTTP/1.1" 302 14066
122.184.55.66 - - [08/Apr/2019:10:00:25 +0530] "GET /favicon.ico HTTP/1.1" 404 209
202.14.85.241 - - [08/Apr/2019:10:00:39 +0530] "GET /eproofing_wiley_v2/journalimages/ece3.jpg HTTP/1.1" 404 239
123.63.137.194 - - [08/Apr/2019:10:00:56 +0530] "GET /eproofing_wiley_v2/journalimages/fog.jpg HTTP/1.1" 404 238
123.63.137.194 - - [08/Apr/2019:10:01:02 +0530] "GET /eproofing_wiley_v2/journalimages/fog.jpg HTTP/1.1" 404 238
202.14.85.241 - - [08/Apr/2019:10:01:13 +0530] "GET /browserconfig.xml HTTP/1.1" 404 215
122.184.55.66 - - [08/Apr/2019:10:01:28 +0530] "GET /main.php HTTP/1.1" 302 14066
118.185.204.162 - - [08/Apr/2019:10:01:36 +0530] "GET /eproofing_wiley_v2/journalimages/capa.jpg HTTP/1.1" 404 239
122.184.55.66 - - [08/Apr/2019:10:01:37 +0530] "GET /favicon.ico HTTP/1.1" 404 209
118.185.204.162 - - [08/Apr/2019:10:01:52 +0530] "GET /eproofing_wiley_v2/journalimages/head.jpg HTTP/1.1" 404 239
14.143.70.66 - - [08/Apr/2019:10:01:57 +0530] "-" 408 -
14.143.70.66 - - [08/Apr/2019:10:02:26 +0530] "GET /sprbwf-tchy-pms/main.php HTTP/1.1" 302 16830
14.143.70.66 - - [08/Apr/2019:10:02:27 +0530] "GET /favicon.ico HTTP/1.1" 404 209
14.143.70.66 - - [08/Apr/2019:10:02:27 +0530] "GET /favicon.ico HTTP/1.1" 404 209
118.185.204.162 - - [08/Apr/2019:10:02:30 +0530] "GET /eproofing_wiley_v2/journalimages/jan.jpg HTTP/1.1" 404 238
118.185.204.162 - - [08/Apr/2019:10:02:30 +0530] "GET /eproofing_wiley_v2/journalimages/jan.jpg HTTP/1.1" 404 238
218.76.28.127 - - [08/Apr/2019:10:02:59 +0530] "GET /eproofing_wiley_v2/journalimages/jocd.jpg HTTP/1.1" 404 239
123.63.137.194 - - [08/Apr/2019:10:03:02 +0530] "GET /favicon.ico HTTP/1.1" 404 209
123.63.137.194 - - [08/Apr/2019:10:03:03 +0530] "GET /favicon.ico HTTP/1.1" 404 209
118.185.204.162 - - [08/Apr/2019:10:03:21 +0530] "GET /eproofing_wiley_v2/journalimages/jre.jpg HTTP/1.1" 404 238
123.63.137.194 - - [08/Apr/2019:10:03:21 +0530] "GET /favicon1.ico HTTP/1.1" 404 210
123.63.137.194 - - [08/Apr/2019:10:03:22 +0530] "GET /favicon1.ico HTTP/1.1" 404 210
118.185.204.162 - - [08/Apr/2019:10:03:40 +0530] "GET /eproofing_wiley_v2/journalimages/jar3.jpg HTTP/1.1" 404 239
118.185.204.162 - - [08/Apr/2019:10:04:03 +0530] "GET /eproofing_wiley_v2/journalimages/capa.jpg HTTP/1.1" 404 239
61.157.97.82 - - [08/Apr/2019:10:04:29 +0530] "GET /favicon.ico HTTP/1.1" 404 209
123.63.137.194 - - [08/Apr/2019:10:05:09 +0530] "GET /favicon.ico HTTP/1.1" 404 209
123.63.137.194 - - [08/Apr/2019:10:06:11 +0530] "GET /favicon.ico HTTP/1.1" 404 209
123.63.137.194 - - [08/Apr/2019:10:06:11 +0530] "GET /favicon.ico HTTP/1.1" 404 209
123.63.137.194 - - [08/Apr/2019:10:06:22 +0530] "GET /favicon1.ico HTTP/1.1" 404 210
202.14.85.241 - - [08/Apr/2019:10:08:08 +0530] "GET /eproofing_wiley_v2/journalimages/ece3.jpg HTTP/1.1" 404 239
123.63.137.194 - - [08/Apr/2019:10:09:00 +0530] "GET /sprbwf-tchy-pms/main.php HTTP/1.1" 302 16830
123.63.137.194 - - [08/Apr/2019:10:09:01 +0530] "GET /favicon.ico HTTP/1.1" 404 209
123.63.137.194 - - [08/Apr/2019:10:09:15 +0530] "GET /favicon1.ico HTTP/1.1" 404 210
14.143.70.66 - - [08/Apr/2019:10:09:38 +0530] "GET /favicon1.ico HTTP/1.1" 404 210
122.184.55.66 - - [08/Apr/2019:10:10:00 +0530] "GET /main.php HTTP/1.1" 302 14066
14.143.70.66 - - [08/Apr/2019:10:10:28 +0530] "-" 408 -
118.185.204.162 - - [08/Apr/2019:10:10:49 +0530] "GET /eproofing_wiley_v2/journalimages/saje.jpg HTTP/1.1" 404 239
218.76.28.127 - - [08/Apr/2019:10:11:15 +0530] "POST /eproofing_wiley_v2/writefile.php HTTP/1.1" 302 -
123.63.137.194 - - [08/Apr/2019:10:11:16 +0530] "GET /sprbwf-tchy-pms/utilities/logoutBWF.php HTTP/1.1" 302 -
123.63.137.194 - - [08/Apr/2019:10:11:17 +0530] "GET /favicon.ico HTTP/1.1" 404 209
123.63.137.194 - - [08/Apr/2019:10:11:29 +0530] "GET /favicon1.ico HTTP/1.1" 404 210
120.92.72.147 - - [08/Apr/2019:10:11:49 +0530] "GET /ckeditor4.4/top HTTP/1.1" 404 213
202.14.85.241 - - [08/Apr/2019:10:11:54 +0530] "GET /eproofing_wiley_v2/journalimages/jar.jpg HTTP/1.1" 404 238
202.14.85.241 - - [08/Apr/2019:10:12:17 +0530] "GET /eproofing_wiley_v2/journalimages/jar.jpg HTTP/1.1" 404 238
123.63.137.194 - - [08/Apr/2019:10:12:20 +0530] "GET /sprbwf-tchy-pms/main.php HTTP/1.1" 302 16830
123.63.137.194 - - [08/Apr/2019:10:12:21 +0530] "GET /favicon.ico HTTP/1.1" 404 209
123.63.137.194 - - [08/Apr/2019:10:12:26 +0530] "GET /favicon1.ico HTTP/1.1" 404 210
118.185.204.162 - - [08/Apr/2019:10:13:48 +0530] "GET /eproofing_wiley_v2/journalimages/jre.jpg HTTP/1.1" 404 238
210.145.120.80 - - [08/Apr/2019:10:14:32 +0530] "GET /eproofing_wiley_v2/attachments.php?token=s_rlVppw4_ILdv9efVQHBL7w-yP7Vy_RjzgKjRbrS_RbJU3ZZgb6QjGqfE7GMgPM&delfile=jar3_12087.pdf&upload_folder=upload HTTP/1.1" 302 10237
210.145.120.80 - - [08/Apr/2019:10:15:00 +0530] "GET /eproofing_wiley_v2/journalimages/jar3.jpg HTTP/1.1" 404 239
123.63.137.194 - - [08/Apr/2019:10:15:15 +0530] "GET /sprbwf-tchy-pms/main.php HTTP/1.1" 302 16830
123.63.137.194 - - [08/Apr/2019:10:15:16 +0530] "GET /favicon.ico HTTP/1.1" 404 209
118.185.204.162 - - [08/Apr/2019:10:15:20 +0530] "GET /eproofing_wiley_v2/journalimages/ctr.jpg HTTP/1.1" 404 238
123.63.137.194 - - [08/Apr/2019:10:15:25 +0530] "GET /favicon1.ico HTTP/1.1" 404 210
118.185.204.162 - - [08/Apr/2019:10:15:37 +0530] "GET /eproofing_wiley_v2/journalimages/gean.jpg HTTP/1.1" 404 239
210.145.120.80 - - [08/Apr/2019:10:15:39 +0530] "POST /eproofing_wiley_v2/writefile.php HTTP/1.1" 302 -
118.185.204.162 - - [08/Apr/2019:10:16:06 +0530] "GET /eproofing_wiley_v2/journalimages/jre.jpg HTTP/1.1" 404 238
210.145.120.80 - - [08/Apr/2019:10:16:11 +0530] "GET /eproofing_wiley_v2/journalimages/jar3.jpg HTTP/1.1" 404 239
14.143.70.66 - - [08/Apr/2019:10:18:33 +0530] "GET /sprbwf-tchy-pms/main.php HTTP/1.1" 302 16830
118.185.204.162 - - [08/Apr/2019:10:18:49 +0530] "GET /eproofing_wiley_v2/journalimages/gean.jpg HTTP/1.1" 404 239
118.185.204.162 - - [08/Apr/2019:10:19:00 +0530] "GET /eproofing_wiley_v2/journalimages/gean.jpg HTTP/1.1" 404 239
202.14.85.241 - - [08/Apr/2019:10:19:44 +0530] "GET /eproofing_wiley_v2/journalimages/jonm.jpg HTTP/1.1" 404 239
118.209.216.9 - - [08/Apr/2019:10:20:18 +0530] "GET /favicon.ico HTTP/1.1" 404 209
122.184.55.66 - - [08/Apr/2019:10:20:38 +0530] "GET /favicon.ico HTTP/1.1" 404 209
123.63.137.194 - - [08/Apr/2019:10:20:57 +0530] "GET /sprbwf-tchy-pms/main.php HTTP/1.1" 302 16830
123.63.137.194 - - [08/Apr/2019:10:20:58 +0530] "GET /favicon.ico HTTP/1.1" 404 209
118.209.216.9 - - [08/Apr/2019:10:21:09 +0530] "-" 408 -
222.205.93.99 - - [08/Apr/2019:10:22:13 +0530] "GET /eproofing_wiley_v2/journalimages/gean.jpg HTTP/1.1" 404 239
66.42.84.69 - - [08/Apr/2019:10:22:24 +0530] "GET /eproofing_wiley_v2/journalimages/gean.jpg HTTP/1.1" 404 239
14.143.70.66 - - [08/Apr/2019:10:22:29 +0530] "GET /sprbwf-tchy-pms/main.php HTTP/1.1" 302 16830
202.14.85.241 - - [08/Apr/2019:10:22:30 +0530] "GET /eproofing_wiley_v2/journalimages/ece3.jpg HTTP/1.1" 404 239
202.14.85.241 - - [08/Apr/2019:10:22:33 +0530] "GET /eproofing_wiley_v2/imagedump.php?token=ytlagAotQJYYBKO6t-o0fA&Img=ece35125-toc-0001.png HTTP/1.1" 302 -
8.6.8.97 - - [08/Apr/2019:10:22:43 +0530] "GET /eproofing_wiley_v2/journalimages/gean.jpg HTTP/1.1" 404 239
123.63.137.194 - - [08/Apr/2019:10:23:23 +0530] "GET /favicon.ico HTTP/1.1" 404 209
123.63.137.194 - - [08/Apr/2019:10:23:32 +0530] "GET /favicon1.ico HTTP/1.1" 404 210
