77.250.242.50 - - [08/Apr/2019:14:36:24 +0530] "POST /writefile.php?token=eY690xO7_sDllocZHotWaNVF0obFxWQivjb2MS5sL4I HTTP/1.1" 302 -
77.250.242.50 - - [08/Apr/2019:14:36:35 +0530] "POST /writefile.php?token=eY690xO7_sDllocZHotWaEiiaLDQA22SkNCqYzvVZIY HTTP/1.1" 302 -
77.250.242.50 - - [08/Apr/2019:14:36:41 +0530] "POST /writefile.php?token=eY690xO7_sDllocZHotWaCC0vdHkSe0C8vtvCasLesA HTTP/1.1" 302 -
77.250.242.50 - - [08/Apr/2019:14:36:46 +0530] "POST /writefile.php?token=eY690xO7_sDllocZHotWaKcy9yuk5fU0zLyJrQ4aZdY HTTP/1.1" 302 -
77.250.242.50 - - [08/Apr/2019:14:36:52 +0530] "POST /writefile.php?token=eY690xO7_sDllocZHotWaBe7JLTISix9XJwXoaJWGU4 HTTP/1.1" 302 -
129.240.36.75 - - [08/Apr/2019:14:36:58 +0530] "POST /eproofing_wiley_v2/writefile.php HTTP/1.1" 302 -
168.167.4.2 - - [08/Apr/2019:14:37:39 +0530] "GET /eproofing_wiley_v2/journalimages/jen.jpg HTTP/1.1" 404 238
122.184.55.66 - - [08/Apr/2019:14:38:47 +0530] "GET /favicon.ico HTTP/1.1" 404 209
52.114.6.38 - - [08/Apr/2019:14:40:15 +0530] "GET /images/favicon.ico%3F HTTP/1.1" 404 217
14.143.70.66 - - [08/Apr/2019:14:40:20 +0530] "GET /favicon.ico HTTP/1.1" 404 209
202.14.85.241 - - [08/Apr/2019:14:40:26 +0530] "GET /eproofing_wiley_v2/journalimages/hsc.jpg HTTP/1.1" 404 238
45.114.62.25 - - [08/Apr/2019:14:40:58 +0530] "GET /eproofing_wiley_v2/journalimages/head.jpg HTTP/1.1" 404 239
45.114.62.25 - - [08/Apr/2019:14:40:59 +0530] "GET /favicon.ico HTTP/1.1" 404 209
45.114.62.25 - - [08/Apr/2019:14:41:04 +0530] "GET /eproofing_wiley_v2/journalimages/head.jpg HTTP/1.1" 404 239
45.114.62.25 - - [08/Apr/2019:14:41:04 +0530] "GET /favicon.ico HTTP/1.1" 404 209
82.36.231.196 - - [08/Apr/2019:14:41:56 +0530] "GET /favicon.ico HTTP/1.1" 404 209
14.143.70.66 - - [08/Apr/2019:14:42:59 +0530] "GET /eproofing_wiley_v2/journalimages/head.jpg HTTP/1.1" 404 239
14.143.70.66 - - [08/Apr/2019:14:43:04 +0530] "GET /eproofing_wiley_v2/journalimages/head.jpg HTTP/1.1" 404 239
14.143.70.66 - - [08/Apr/2019:14:43:18 +0530] "GET /eproofing_wiley_v2/journalimages/jfpp.jpg HTTP/1.1" 404 239
14.143.70.66 - - [08/Apr/2019:14:43:21 +0530] "GET /eproofing_wiley_v2/journalimages/cns.jpg HTTP/1.1" 404 238
129.240.126.53 - - [08/Apr/2019:14:43:37 +0530] "GET /eproofing_wiley_v2/css/cke_style.css HTTP/1.1" 206 10
14.143.70.66 - - [08/Apr/2019:14:43:58 +0530] "GET /eproofing_wiley_v2/journalimages/jfpp.jpg HTTP/1.1" 404 239
165.225.81.70 - - [08/Apr/2019:14:43:58 +0530] "GET /eproofing_wiley_v2/journalimages/hsc.jpg HTTP/1.1" 404 238
81.226.224.14 - - [08/Apr/2019:14:45:09 +0530] "GET /eproofing_wiley_v2/journalimages/mmi.jpg HTTP/1.1" 404 238
82.161.151.15 - - [08/Apr/2019:14:45:37 +0530] "POST /eproofing_wiley_v2/writefile.php HTTP/1.1" 302 -
122.184.55.66 - - [08/Apr/2019:14:46:04 +0530] "-" 408 -
86.166.38.37 - - [08/Apr/2019:14:46:05 +0530] "GET /eproofing_wiley_v2/journalimages/hex.jpg HTTP/1.1" 404 238
147.96.65.71 - - [08/Apr/2019:14:46:18 +0530] "GET /eproofing_wiley_v2/journalimages/tbed.jpg HTTP/1.1" 404 239
202.14.85.241 - - [08/Apr/2019:14:47:06 +0530] "GET /eproofing_wiley_v2/journalimages/ece3.jpg HTTP/1.1" 404 239
117.136.87.39 - - [08/Apr/2019:14:47:35 +0530] "GET /eproofing_wiley_v2/journalimages/cpr.jpg HTTP/1.1" 404 238
117.136.87.39 - - [08/Apr/2019:14:47:35 +0530] "GET /eproofing_wiley_v2/journalimages/cpr.jpg HTTP/1.1" 404 238
93.44.87.30 - - [08/Apr/2019:14:48:00 +0530] "GET /eproofing_wiley_v2/journalimages/raju.jpg HTTP/1.1" 404 239
113.140.18.23 - - [08/Apr/2019:14:48:07 +0530] "GET /favicon.ico HTTP/1.1" 404 209
93.44.87.30 - - [08/Apr/2019:14:48:24 +0530] "GET /eproofing_wiley_v2/journalimages/raju.jpg HTTP/1.1" 404 239
123.63.137.194 - - [08/Apr/2019:14:48:34 +0530] "GET /sprbwf-tchy-pms/main.php HTTP/1.1" 302 16830
123.63.137.194 - - [08/Apr/2019:14:48:35 +0530] "GET /favicon.ico HTTP/1.1" 404 209
129.240.126.53 - - [08/Apr/2019:14:48:40 +0530] "GET /eproofing_wiley_v2/journalimages/jocn.jpg HTTP/1.1" 404 239
123.63.137.194 - - [08/Apr/2019:14:48:43 +0530] "GET /favicon1.ico HTTP/1.1" 404 210
145.132.169.41 - - [08/Apr/2019:14:48:51 +0530] "POST /updateauthorquery.php HTTP/1.1" 302 -
113.140.18.23 - - [08/Apr/2019:14:49:14 +0530] "GET /ckeditor4.4/ckeditor.js HTTP/1.1" 206 1
113.140.18.23 - - [08/Apr/2019:14:49:14 +0530] "GET /eproofing_wiley_v2/js/rangy-core.js HTTP/1.1" 206 1
113.140.18.23 - - [08/Apr/2019:14:49:15 +0530] "GET /eproofing_wiley_v2/js/rangy-core.js HTTP/1.1" 206 79895
14.143.70.66 - - [08/Apr/2019:14:49:51 +0530] "GET /eproofing_wiley_v2/journalimages/head.jpg HTTP/1.1" 404 239
113.140.18.23 - - [08/Apr/2019:14:50:02 +0530] "GET /eproofing_wiley_v2/journalimages/cpr.jpg HTTP/1.1" 404 238
123.63.137.194 - - [08/Apr/2019:14:50:15 +0530] "GET /sprbwf-tchy-pms/main.php HTTP/1.1" 302 16830
123.63.137.194 - - [08/Apr/2019:14:50:16 +0530] "GET /favicon.ico HTTP/1.1" 404 209
118.250.172.211 - - [08/Apr/2019:14:50:18 +0530] "GET /favicon.ico HTTP/1.1" 404 209
123.63.137.194 - - [08/Apr/2019:14:50:21 +0530] "GET /favicon1.ico HTTP/1.1" 404 210
117.136.87.39 - - [08/Apr/2019:14:50:28 +0530] "GET /eproofing_wiley_v2/journalimages/cpr.jpg HTTP/1.1" 404 238
113.140.18.23 - - [08/Apr/2019:14:49:15 +0530] "GET /ckeditor4.4/ckeditor.js HTTP/1.1" 206 277900
14.143.70.66 - - [08/Apr/2019:14:51:01 +0530] "GET /eproofing_wiley_v2/journalimages/pan.jpg HTTP/1.1" 404 238
14.143.70.66 - - [08/Apr/2019:14:51:22 +0530] "GET /ckeditor4.4/plugins/widget/plugin.js?t=E3OD HTTP/1.1" 206 40027
213.205.194.217 - - [08/Apr/2019:14:51:29 +0530] "GET /eproofing_wiley_v2/journalimages/ece3.jpg HTTP/1.1" 404 239
123.63.137.194 - - [08/Apr/2019:14:51:43 +0530] "GET /sprbwf-tchy-pms/main.php HTTP/1.1" 302 16830
14.143.70.66 - - [08/Apr/2019:14:51:52 +0530] "GET /eproofing_wiley_v2/journalimages/capa.jpg HTTP/1.1" 404 239
202.14.85.241 - - [08/Apr/2019:14:53:17 +0530] "GET /eproofing_wiley_v2/journalimages/hsc.jpg HTTP/1.1" 404 238
139.47.71.59 - - [08/Apr/2019:14:53:21 +0530] "GET /eproofing_wiley_v2/journalimages/tbed.jpg HTTP/1.1" 404 239
194.225.31.27 - - [08/Apr/2019:14:53:27 +0530] "GET /eproofing_wiley_v2/journalimages/wej.jpg HTTP/1.1" 404 238
204.101.161.159 - - [08/Apr/2019:14:54:01 +0530] "GET /eproofing_wiley_v2/journalimages/jvs.jpg HTTP/1.1" 404 238
81.132.244.183 - - [08/Apr/2019:14:54:14 +0530] "GET /favicon.ico HTTP/1.1" 404 209
159.226.89.5 - - [08/Apr/2019:14:54:42 +0530] "GET /eproofing_wiley_v2/journalimages/geb.jpg HTTP/1.1" 404 238
202.14.85.241 - - [08/Apr/2019:14:54:46 +0530] "GET /eproofing_wiley_v2/journalimages/hsc.jpg HTTP/1.1" 404 238
194.225.31.27 - - [08/Apr/2019:14:54:57 +0530] "GET /favicon.ico HTTP/1.1" 404 209
123.63.137.194 - - [08/Apr/2019:14:54:57 +0530] "GET /favicon.ico HTTP/1.1" 404 209
139.47.71.59 - - [08/Apr/2019:14:55:12 +0530] "GET /img/orcid_16x16.png HTTP/1.1" 404 217
152.78.223.33 - - [08/Apr/2019:14:55:17 +0530] "GET /eproofing_wiley_v2/journalimages/jar.jpg HTTP/1.1" 404 238
14.143.70.66 - - [08/Apr/2019:14:55:38 +0530] "GET /eproofing_wiley_v2/journalimages/pan.jpg HTTP/1.1" 404 238
123.63.137.194 - - [08/Apr/2019:14:55:42 +0530] "GET /sprbwf-tchy-pms/main.php HTTP/1.1" 302 16830
123.63.137.194 - - [08/Apr/2019:14:55:44 +0530] "GET /favicon.ico HTTP/1.1" 404 209
123.63.137.194 - - [08/Apr/2019:14:55:55 +0530] "GET /favicon1.ico HTTP/1.1" 404 210
152.78.223.33 - - [08/Apr/2019:14:56:27 +0530] "GET /eproofing_wiley_v2/journalimages/jar.jpg HTTP/1.1" 404 238
152.78.223.33 - - [08/Apr/2019:14:56:39 +0530] "POST /eproofing_wiley_v2/writefile.php HTTP/1.1" 302 -
14.143.70.66 - - [08/Apr/2019:14:57:43 +0530] "GET /eproofing_wiley_v2/journalimages/cns.jpg HTTP/1.1" 404 238
122.184.55.66 - - [08/Apr/2019:14:58:11 +0530] "GET /main.php HTTP/1.1" 302 14066
122.184.55.66 - - [08/Apr/2019:14:58:17 +0530] "GET /favicon.ico HTTP/1.1" 404 209
122.184.55.66 - - [08/Apr/2019:14:58:27 +0530] "GET /main.php HTTP/1.1" 302 14066
58.192.84.108 - - [08/Apr/2019:14:58:33 +0530] "GET /eproofing_wiley_v2/journalimages/jpn.jpg HTTP/1.1" 404 238
87.53.131.88 - - [08/Apr/2019:15:00:40 +0530] "GET /eproofing_wiley_v2/journalimages/cen.jpg HTTP/1.1" 404 238
129.240.126.53 - - [08/Apr/2019:15:01:13 +0530] "GET /eproofing_wiley_v2/journalimages/jocn.jpg HTTP/1.1" 404 239
129.240.126.53 - - [08/Apr/2019:15:01:38 +0530] "GET /eproofing_wiley_v2/journalimages/jocn.jpg HTTP/1.1" 404 239
123.63.137.194 - - [08/Apr/2019:15:01:58 +0530] "GET /favicon.ico HTTP/1.1" 404 209
14.143.70.66 - - [08/Apr/2019:15:02:50 +0530] "GET /eproofing_wiley_v2/journalimages/pan.jpg HTTP/1.1" 404 238
14.143.70.66 - - [08/Apr/2019:15:03:13 +0530] "GET /eproofing_wiley_v2/journalimages/coa.jpg HTTP/1.1" 404 238
123.63.137.194 - - [08/Apr/2019:15:03:40 +0530] "GET /favicon.ico HTTP/1.1" 404 209
14.143.70.66 - - [08/Apr/2019:15:03:44 +0530] "GET /sprbwf-tchy-pms/main.php HTTP/1.1" 302 16830
122.184.55.66 - - [08/Apr/2019:15:03:50 +0530] "GET /favicon.ico HTTP/1.1" 404 209
123.63.137.194 - - [08/Apr/2019:15:03:54 +0530] "GET /favicon1.ico HTTP/1.1" 404 210
14.143.70.66 - - [08/Apr/2019:15:04:01 +0530] "GET /sprbwf-tchy-pms/main.php HTTP/1.1" 302 16830
14.143.70.66 - - [08/Apr/2019:15:04:07 +0530] "GET /favicon.ico HTTP/1.1" 404 209
14.143.70.66 - - [08/Apr/2019:15:04:07 +0530] "GET /favicon.ico HTTP/1.1" 404 209
14.143.70.66 - - [08/Apr/2019:15:04:29 +0530] "GET /favicon1.ico HTTP/1.1" 404 210
14.143.70.66 - - [08/Apr/2019:15:04:36 +0530] "GET /favicon.ico HTTP/1.1" 404 209
14.143.70.66 - - [08/Apr/2019:15:04:40 +0530] "GET /eproofing_wiley_v2/journalimages/epi.jpg HTTP/1.1" 404 238
14.143.70.66 - - [08/Apr/2019:15:04:57 +0530] "GET /favicon1.ico HTTP/1.1" 404 210
14.143.70.66 - - [08/Apr/2019:15:05:08 +0530] "-" 408 -
93.62.240.148 - - [08/Apr/2019:15:05:12 +0530] "GET /eproofing_wiley_v2/journalimages/jocn.jpg HTTP/1.1" 404 239
93.62.240.148 - - [08/Apr/2019:15:05:28 +0530] "GET /eproofing_wiley_v2/journalimages/jocn.jpg HTTP/1.1" 404 239
93.62.240.148 - - [08/Apr/2019:15:05:39 +0530] "GET /eproofing_wiley_v2/journalimages/jocn.jpg HTTP/1.1" 404 239
123.63.137.194 - - [08/Apr/2019:15:07:12 +0530] "GET /sprbwf-tchy-pms/main.php HTTP/1.1" 302 16830
14.143.70.66 - - [08/Apr/2019:15:07:13 +0530] "-" 408 -
123.63.137.194 - - [08/Apr/2019:15:07:13 +0530] "GET /favicon.ico HTTP/1.1" 404 209
123.63.137.194 - - [08/Apr/2019:15:07:27 +0530] "GET /favicon1.ico HTTP/1.1" 404 210
130.79.38.17 - - [08/Apr/2019:15:07:38 +0530] "GET /eproofing_wiley_v2/journalimages/jpi.jpg HTTP/1.1" 404 238
157.45.231.134 - - [08/Apr/2019:15:07:48 +0530] "GET /eproofing_wiley_v2/journalimages/tbed.jpg HTTP/1.1" 404 239
123.63.137.194 - - [08/Apr/2019:15:08:11 +0530] "GET /sprbwf-tchy-pms/main.php HTTP/1.1" 302 16830
1.180.25.129 - - [08/Apr/2019:15:08:39 +0530] "GET /favicon.ico HTTP/1.1" 404 209
157.45.231.134 - - [08/Apr/2019:15:08:46 +0530] "GET /favicon.ico HTTP/1.1" 404 209
157.45.231.134 - - [08/Apr/2019:15:08:47 +0530] "GET /favicon.ico HTTP/1.1" 404 209
157.45.231.134 - - [08/Apr/2019:15:08:48 +0530] "GET /favicon.ico HTTP/1.1" 404 209
129.240.126.53 - - [08/Apr/2019:15:09:11 +0530] "GET /eproofing_wiley_v2/journalimages/jocn.jpg HTTP/1.1" 404 239
157.45.231.134 - - [08/Apr/2019:15:09:22 +0530] "GET /favicon.ico HTTP/1.1" 404 209
157.45.231.134 - - [08/Apr/2019:15:09:23 +0530] "GET /favicon.ico HTTP/1.1" 404 209
14.143.70.66 - - [08/Apr/2019:15:09:24 +0530] "GET /eproofing_wiley_v2/journalimages/capa.jpg HTTP/1.1" 404 239
157.45.231.134 - - [08/Apr/2019:15:09:30 +0530] "GET /favicon.ico HTTP/1.1" 404 209
157.45.231.134 - - [08/Apr/2019:15:09:36 +0530] "GET /favicon.ico HTTP/1.1" 404 209
157.45.231.134 - - [08/Apr/2019:15:09:38 +0530] "GET /favicon.ico HTTP/1.1" 404 209
157.45.231.134 - - [08/Apr/2019:15:09:39 +0530] "GET /favicon.ico HTTP/1.1" 404 209
157.45.231.134 - - [08/Apr/2019:15:09:41 +0530] "GET /favicon.ico HTTP/1.1" 404 209
157.45.231.134 - - [08/Apr/2019:15:10:29 +0530] "GET /favicon.ico HTTP/1.1" 404 209
157.45.231.134 - - [08/Apr/2019:15:10:31 +0530] "GET /favicon.ico HTTP/1.1" 404 209
157.45.231.134 - - [08/Apr/2019:15:10:32 +0530] "GET /favicon.ico HTTP/1.1" 404 209
157.45.231.134 - - [08/Apr/2019:15:10:36 +0530] "GET /favicon.ico HTTP/1.1" 404 209
157.45.231.134 - - [08/Apr/2019:15:10:46 +0530] "GET /favicon.ico HTTP/1.1" 404 209
130.225.198.230 - - [08/Apr/2019:15:10:47 +0530] "GET /eproofing_wiley_v2/journalimages/raju.jpg HTTP/1.1" 404 239
120.147.19.249 - - [08/Apr/2019:15:11:02 +0530] "GET /eproofing_wiley_v2/journalimages/ajs4.jpg HTTP/1.1" 404 239
165.225.112.218 - - [08/Apr/2019:15:12:19 +0530] "POST /eproofing_wiley_v2/writefile.php HTTP/1.1" 302 -
165.225.112.218 - - [08/Apr/2019:15:12:23 +0530] "GET /favicon.ico HTTP/1.1" 404 209
157.45.231.134 - - [08/Apr/2019:15:12:32 +0530] "GET /favicon.ico HTTP/1.1" 404 209
39.115.89.166 - - [08/Apr/2019:15:12:44 +0530] "GET /eproofing_wiley_v2/journalimages/jocd.jpg HTTP/1.1" 404 239
14.143.70.66 - - [08/Apr/2019:15:12:52 +0530] "GET /eproofing_wiley_v2/journalimages/head.jpg HTTP/1.1" 404 239
193.54.66.11 - - [08/Apr/2019:15:13:08 +0530] "GET /eproofing_wiley_v2/journalimages/lamp.jpg HTTP/1.1" 404 239
130.225.198.230 - - [08/Apr/2019:15:13:23 +0530] "POST /eproofing_wiley_v2/writefile.php HTTP/1.1" 302 -
193.54.66.11 - - [08/Apr/2019:15:13:50 +0530] "GET /favicon.ico HTTP/1.1" 404 209
130.225.198.230 - - [08/Apr/2019:15:14:01 +0530] "GET /eproofing_wiley_v2/journalimages/raju.jpg HTTP/1.1" 404 239
157.45.231.134 - - [08/Apr/2019:15:14:10 +0530] "GET /favicon.ico HTTP/1.1" 404 209
157.45.231.134 - - [08/Apr/2019:15:14:12 +0530] "GET /favicon.ico HTTP/1.1" 404 209
157.45.231.134 - - [08/Apr/2019:15:14:13 +0530] "GET /favicon.ico HTTP/1.1" 404 209
14.143.70.66 - - [08/Apr/2019:15:14:17 +0530] "GET /eproofing_wiley_v2/journalimages/liv.jpg HTTP/1.1" 404 238
157.45.231.134 - - [08/Apr/2019:15:14:21 +0530] "GET /favicon.ico HTTP/1.1" 404 209
157.45.231.134 - - [08/Apr/2019:15:14:23 +0530] "GET /favicon.ico HTTP/1.1" 404 209
157.45.231.134 - - [08/Apr/2019:15:14:26 +0530] "GET /favicon.ico HTTP/1.1" 404 209
193.54.66.11 - - [08/Apr/2019:15:14:28 +0530] "POST /eproofing_wiley_v2/writefile.php HTTP/1.1" 302 -
14.143.70.66 - - [08/Apr/2019:15:14:36 +0530] "GET /eproofing_wiley_v2/journalimages/ejed.jpg HTTP/1.1" 404 239
157.45.231.134 - - [08/Apr/2019:15:14:36 +0530] "GET /favicon.ico HTTP/1.1" 404 209
157.45.231.134 - - [08/Apr/2019:15:14:36 +0530] "GET /favicon.ico HTTP/1.1" 404 209
157.45.231.134 - - [08/Apr/2019:15:14:37 +0530] "GET /favicon.ico HTTP/1.1" 404 209
129.240.126.53 - - [08/Apr/2019:15:14:38 +0530] "GET /eproofing_wiley_v2/journalimages/jocn.jpg HTTP/1.1" 404 239
157.45.231.134 - - [08/Apr/2019:15:14:39 +0530] "GET /favicon.ico HTTP/1.1" 404 209
157.45.231.134 - - [08/Apr/2019:15:14:40 +0530] "GET /favicon.ico HTTP/1.1" 404 209
157.45.231.134 - - [08/Apr/2019:15:14:41 +0530] "GET /favicon.ico HTTP/1.1" 404 209
157.45.231.134 - - [08/Apr/2019:15:14:42 +0530] "GET /favicon.ico HTTP/1.1" 404 209
157.45.231.134 - - [08/Apr/2019:15:14:42 +0530] "GET /favicon.ico HTTP/1.1" 404 209
60.224.61.97 - - [08/Apr/2019:15:15:23 +0530] "GET /favicon.ico HTTP/1.1" 404 209
157.45.231.134 - - [08/Apr/2019:15:15:28 +0530] "GET /favicon.ico HTTP/1.1" 404 209
157.45.231.134 - - [08/Apr/2019:15:15:30 +0530] "GET /favicon.ico HTTP/1.1" 404 209
157.45.231.134 - - [08/Apr/2019:15:15:31 +0530] "GET /favicon.ico HTTP/1.1" 404 209
157.45.231.134 - - [08/Apr/2019:15:15:32 +0530] "GET /favicon.ico HTTP/1.1" 404 209
157.45.231.134 - - [08/Apr/2019:15:15:34 +0530] "GET /favicon.ico HTTP/1.1" 404 209
157.45.231.134 - - [08/Apr/2019:15:15:35 +0530] "GET /favicon.ico HTTP/1.1" 404 209
157.45.231.134 - - [08/Apr/2019:15:15:36 +0530] "GET /favicon.ico HTTP/1.1" 404 209
157.45.231.134 - - [08/Apr/2019:15:15:36 +0530] "GET /favicon.ico HTTP/1.1" 404 209
157.45.231.134 - - [08/Apr/2019:15:15:37 +0530] "GET /favicon.ico HTTP/1.1" 404 209
157.45.231.134 - - [08/Apr/2019:15:15:38 +0530] "GET /favicon.ico HTTP/1.1" 404 209
157.45.231.134 - - [08/Apr/2019:15:15:38 +0530] "GET /favicon.ico HTTP/1.1" 404 209
157.45.231.134 - - [08/Apr/2019:15:15:41 +0530] "GET /favicon.ico HTTP/1.1" 404 209
123.63.137.194 - - [08/Apr/2019:15:15:46 +0530] "GET /favicon.ico HTTP/1.1" 404 209
157.45.231.134 - - [08/Apr/2019:15:15:50 +0530] "GET /favicon.ico HTTP/1.1" 404 209
157.45.231.134 - - [08/Apr/2019:15:15:51 +0530] "GET /favicon.ico HTTP/1.1" 404 209
165.225.81.70 - - [08/Apr/2019:15:15:52 +0530] "GET /eproofing_wiley_v2/journalimages/hsc.jpg HTTP/1.1" 404 238
202.14.85.241 - - [08/Apr/2019:15:15:53 +0530] "GET /eproofing_wiley_v2/journalimages/hsc.jpg HTTP/1.1" 404 238
157.45.231.134 - - [08/Apr/2019:15:16:14 +0530] "GET /favicon.ico HTTP/1.1" 404 209
123.63.137.194 - - [08/Apr/2019:15:16:46 +0530] "GET /favicon1.ico HTTP/1.1" 404 210
64.233.172.171 - - [08/Apr/2019:15:17:04 +0530] "GET /favicon.ico HTTP/1.1" 404 209
123.63.137.194 - - [08/Apr/2019:15:17:08 +0530] "GET /favicon.ico HTTP/1.1" 404 209
123.63.137.194 - - [08/Apr/2019:15:17:32 +0530] "GET /favicon1.ico HTTP/1.1" 404 210
109.150.70.241 - - [08/Apr/2019:15:17:54 +0530] "GET /favicon.ico HTTP/1.1" 404 209
14.143.70.66 - - [08/Apr/2019:15:19:07 +0530] "GET /eproofing_wiley_v2/journalimages/jcla.jpg HTTP/1.1" 404 239
61.31.104.31 - - [08/Apr/2019:15:19:11 +0530] "GET /eproofing_wiley_v2/journalimages/jocn.jpg HTTP/1.1" 404 239
165.225.81.70 - - [08/Apr/2019:15:19:22 +0530] "GET /eproofing_wiley_v2/journalimages/hsc.jpg HTTP/1.1" 404 238
123.63.137.194 - - [08/Apr/2019:15:20:02 +0530] "GET /favicon1.ico HTTP/1.1" 404 210
123.63.137.194 - - [08/Apr/2019:15:21:01 +0530] "GET /favicon1.ico HTTP/1.1" 404 210
14.143.70.66 - - [08/Apr/2019:15:21:08 +0530] "GET /eproofing_wiley_v2/journalimages/jgc4.jpg HTTP/1.1" 404 239
14.143.70.66 - - [08/Apr/2019:15:21:08 +0530] "GET /eproofing_wiley_v2/journalimages/jgc4.jpg HTTP/1.1" 404 239
61.31.104.31 - - [08/Apr/2019:15:21:27 +0530] "GET /favicon.ico HTTP/1.1" 404 209
123.63.137.194 - - [08/Apr/2019:15:21:44 +0530] "GET /favicon.ico HTTP/1.1" 404 209
123.63.137.194 - - [08/Apr/2019:15:21:47 +0530] "GET /sprbwf-tchy-pms/utilities/logoutBWF.php HTTP/1.1" 302 -
123.63.137.194 - - [08/Apr/2019:15:21:48 +0530] "GET /favicon.ico HTTP/1.1" 404 209
123.63.137.194 - - [08/Apr/2019:15:21:53 +0530] "GET /favicon1.ico HTTP/1.1" 404 210
120.147.19.249 - - [08/Apr/2019:15:22:19 +0530] "GET /eproofing_wiley_v2/journalimages/ajs4.jpg HTTP/1.1" 404 239
14.143.70.66 - - [08/Apr/2019:15:23:12 +0530] "GET /eproofing_wiley_v2/journalimages/acg2.jpg HTTP/1.1" 404 239
45.114.62.25 - - [08/Apr/2019:15:23:14 +0530] "GET /eproofing_wiley_v2/journalimages/head.jpg HTTP/1.1" 404 239
45.114.62.25 - - [08/Apr/2019:15:23:18 +0530] "GET /eproofing_wiley_v2/journalimages/head.jpg HTTP/1.1" 404 239
123.63.137.194 - - [08/Apr/2019:15:23:31 +0530] "GET /favicon.ico HTTP/1.1" 404 209
165.225.81.70 - - [08/Apr/2019:15:24:01 +0530] "GET /eproofing_wiley_v2/journalimages/hsc.jpg HTTP/1.1" 404 238
14.143.70.66 - - [08/Apr/2019:15:24:28 +0530] "GET /eproofing_wiley_v2/journalimages/jgc4.jpg HTTP/1.1" 404 239
133.3.201.79 - - [08/Apr/2019:15:24:37 +0530] "GET /eproofing_wiley_v2/journalimages/ajsp.jpg HTTP/1.1" 404 239
133.3.201.79 - - [08/Apr/2019:15:24:37 +0530] "GET /eproofing_wiley_v2/journalimages/ajsp.jpg HTTP/1.1" 404 239
161.62.252.40 - - [08/Apr/2019:15:24:55 +0530] "GET /eproofing_wiley_v2/journalimages/anec.jpg HTTP/1.1" 404 239
122.184.55.66 - - [08/Apr/2019:15:25:08 +0530] "-" 408 -
165.225.81.70 - - [08/Apr/2019:15:25:16 +0530] "GET /eproofing_wiley_v2/journalimages/hsc.jpg HTTP/1.1" 404 238
82.95.67.253 - - [08/Apr/2019:15:26:05 +0530] "GET /eproofing_wiley_v2/journalimages/jec.jpg HTTP/1.1" 404 238
14.143.70.66 - - [08/Apr/2019:15:26:11 +0530] "GET /eproofing_wiley_v2/journalimages/jgc4.jpg HTTP/1.1" 404 239
14.143.70.66 - - [08/Apr/2019:15:28:02 +0530] "GET /eproofing_wiley_v2/journalimages/jgc4.jpg HTTP/1.1" 404 239
165.225.81.33 - - [08/Apr/2019:15:28:17 +0530] "GET /apple-touch-icon-precomposed.png HTTP/1.1" 404 230
165.225.81.33 - - [08/Apr/2019:15:28:17 +0530] "GET /apple-touch-icon.png HTTP/1.1" 404 218
165.225.81.33 - - [08/Apr/2019:15:28:17 +0530] "GET /favicon.ico HTTP/1.1" 404 209
165.225.81.33 - - [08/Apr/2019:15:28:17 +0530] "GET /apple-touch-icon-precomposed.png HTTP/1.1" 404 230
165.225.81.33 - - [08/Apr/2019:15:28:17 +0530] "GET /apple-touch-icon.png HTTP/1.1" 404 218
165.225.81.33 - - [08/Apr/2019:15:28:17 +0530] "GET /favicon.ico HTTP/1.1" 404 209
165.225.81.33 - - [08/Apr/2019:15:28:18 +0530] "GET /apple-touch-icon-precomposed.png HTTP/1.1" 404 230
165.225.81.33 - - [08/Apr/2019:15:28:18 +0530] "GET /apple-touch-icon.png HTTP/1.1" 404 218
165.225.81.33 - - [08/Apr/2019:15:28:18 +0530] "GET /favicon.ico HTTP/1.1" 404 209
165.225.81.33 - - [08/Apr/2019:15:28:18 +0530] "GET /apple-touch-icon-precomposed.png HTTP/1.1" 404 230
165.225.81.33 - - [08/Apr/2019:15:28:18 +0530] "GET /apple-touch-icon.png HTTP/1.1" 404 218
165.225.81.33 - - [08/Apr/2019:15:28:19 +0530] "GET /favicon.ico HTTP/1.1" 404 209
123.63.137.194 - - [08/Apr/2019:15:28:36 +0530] "GET /sprbwf-tchy-pms/main.php HTTP/1.1" 302 16830
122.184.55.66 - - [08/Apr/2019:15:28:52 +0530] "GET /favicon.ico HTTP/1.1" 404 209
14.143.70.66 - - [08/Apr/2019:15:30:09 +0530] "-" 408 -
14.143.70.66 - - [08/Apr/2019:15:30:15 +0530] "GET /eproofing_wiley_v2/journalimages/jac.jpg HTTP/1.1" 404 238
14.143.70.66 - - [08/Apr/2019:15:30:44 +0530] "GET /eproofing_wiley_v2/journalimages/jac.jpg HTTP/1.1" 404 238
157.45.231.134 - - [08/Apr/2019:15:30:50 +0530] "GET /favicon.ico HTTP/1.1" 404 209
157.45.231.134 - - [08/Apr/2019:15:31:05 +0530] "GET /favicon.ico HTTP/1.1" 404 209
81.226.224.14 - - [08/Apr/2019:15:32:04 +0530] "GET /eproofing_wiley_v2/journalimages/mmi.jpg HTTP/1.1" 404 238
123.63.137.194 - - [08/Apr/2019:15:32:19 +0530] "GET /sprbwf-tchy-pms/main.php HTTP/1.1" 302 16830
14.143.70.66 - - [08/Apr/2019:15:32:33 +0530] "GET /eproofing_wiley_v2/journalimages/head.jpg HTTP/1.1" 404 239
81.226.224.14 - - [08/Apr/2019:15:32:43 +0530] "POST /eproofing_wiley_v2/writefile.php HTTP/1.1" 302 -
147.96.65.71 - - [08/Apr/2019:15:33:30 +0530] "GET /favicon.ico HTTP/1.1" 404 209
82.102.23.163 - - [08/Apr/2019:15:34:43 +0530] "GET /favicon.ico HTTP/1.1" 404 209
123.63.137.194 - - [08/Apr/2019:15:37:47 +0530] "GET /sprbwf-tchy-pms/main.php HTTP/1.1" 302 16830
123.63.137.194 - - [08/Apr/2019:15:37:49 +0530] "GET /favicon.ico HTTP/1.1" 404 209
123.63.137.194 - - [08/Apr/2019:15:37:54 +0530] "GET /favicon1.ico HTTP/1.1" 404 210
14.143.70.66 - - [08/Apr/2019:15:38:19 +0530] "GET /sprbwf-tchy-pms/main.php HTTP/1.1" 302 16830
14.143.70.66 - - [08/Apr/2019:15:38:21 +0530] "GET /favicon.ico HTTP/1.1" 404 209
14.143.70.66 - - [08/Apr/2019:15:38:40 +0530] "GET /favicon1.ico HTTP/1.1" 404 210
123.63.137.194 - - [08/Apr/2019:15:38:42 +0530] "GET /sprbwf-tchy-pms/main.php HTTP/1.1" 302 16830
211.82.112.206 - - [08/Apr/2019:15:38:50 +0530] "GET /eproofing_wiley_v2/journalimages/jfbc.jpg HTTP/1.1" 404 239
85.255.235.69 - - [08/Apr/2019:15:38:59 +0530] "GET /eproofing_wiley_v2/journalimages/hsc.jpg HTTP/1.1" 404 238
14.143.70.66 - - [08/Apr/2019:15:39:38 +0530] "GET /eproofing_wiley_v2/journalimages/jpe.jpg HTTP/1.1" 404 238
14.143.70.66 - - [08/Apr/2019:15:39:41 +0530] "GET /eproofing_wiley_v2/journalimages/jpe.jpg HTTP/1.1" 404 238
14.143.70.66 - - [08/Apr/2019:15:39:42 +0530] "GET /eproofing_wiley_v2/journalimages/bld.jpg HTTP/1.1" 404 238
85.255.235.69 - - [08/Apr/2019:15:40:01 +0530] "GET /eproofing_wiley_v2/journalimages/hsc.jpg HTTP/1.1" 404 238
115.230.109.235 - - [08/Apr/2019:15:40:13 +0530] "GET /eproofing_wiley_v2/journalimages/cam4.jpg HTTP/1.1" 404 239
14.143.70.66 - - [08/Apr/2019:15:41:39 +0530] "-" 408 -
140.120.104.168 - - [08/Apr/2019:15:41:57 +0530] "GET /eproofing_wiley_v2/journalimages/jocd.jpg HTTP/1.1" 404 239
123.63.137.194 - - [08/Apr/2019:15:42:09 +0530] "GET /sprbwf-tchy-pms/main.php HTTP/1.1" 302 16830
114.255.156.200 - - [08/Apr/2019:15:43:24 +0530] "GET /favicon.ico HTTP/1.1" 404 209
147.8.169.126 - - [08/Apr/2019:15:43:58 +0530] "GET /eproofing_wiley_v2/journalimages/jocn.jpg HTTP/1.1" 404 239
14.143.70.66 - - [08/Apr/2019:15:44:05 +0530] "GET /eproofing_wiley_v2/journalimages/asj.jpg HTTP/1.1" 404 238
14.143.70.66 - - [08/Apr/2019:15:44:07 +0530] "GET /eproofing_wiley_v2/journalimages/asj.jpg HTTP/1.1" 404 238
93.62.240.148 - - [08/Apr/2019:15:44:21 +0530] "GET /eproofing_wiley_v2/journalimages/jocn.jpg HTTP/1.1" 404 239
194.225.168.88 - - [08/Apr/2019:15:44:23 +0530] "GET /eproofing_wiley_v2/journalimages/fsn3.jpg HTTP/1.1" 404 239
14.143.70.66 - - [08/Apr/2019:15:44:24 +0530] "GET /eproofing_wiley_v2/journalimages/head.jpg HTTP/1.1" 404 239
123.63.137.194 - - [08/Apr/2019:15:44:55 +0530] "GET /favicon.ico HTTP/1.1" 404 209
14.143.70.66 - - [08/Apr/2019:15:45:04 +0530] "GET /eproofing_wiley_v2/journalimages/jpn.jpg HTTP/1.1" 404 238
85.255.235.69 - - [08/Apr/2019:15:45:08 +0530] "GET /eproofing_wiley_v2/journalimages/hsc.jpg HTTP/1.1" 404 238
123.63.137.194 - - [08/Apr/2019:15:45:35 +0530] "GET /sprbwf-tchy-pms/main.php HTTP/1.1" 302 16830
14.143.70.66 - - [08/Apr/2019:15:45:55 +0530] "GET /ckeditor4.4/plugins/widget/plugin.js?t=E3OD HTTP/1.1" 206 89179
76.112.146.196 - - [08/Apr/2019:15:45:57 +0530] "GET /eproofing_wiley_v2/journalimages/moth.jpg HTTP/1.1" 404 239
188.104.137.7 - - [08/Apr/2019:15:46:03 +0530] "GET /favicon.ico HTTP/1.1" 404 209
76.112.146.196 - - [08/Apr/2019:15:46:21 +0530] "GET /eproofing_wiley_v2/journalimages/moth.jpg HTTP/1.1" 404 239
76.112.146.196 - - [08/Apr/2019:15:46:25 +0530] "GET /favicon.ico HTTP/1.1" 404 209
76.112.146.196 - - [08/Apr/2019:15:46:28 +0530] "GET /eproofing_wiley_v2/journalimages/moth.jpg HTTP/1.1" 404 239
14.143.70.66 - - [08/Apr/2019:15:46:30 +0530] "GET /eproofing_wiley_v2/journalimages/etr2.jpg HTTP/1.1" 404 239
83.84.39.102 - - [08/Apr/2019:15:46:48 +0530] "GET /favicon.ico HTTP/1.1" 404 209
14.143.70.66 - - [08/Apr/2019:15:47:38 +0530] "GET /sprbwf-tchy-pms/main.php HTTP/1.1" 302 16830
14.143.70.66 - - [08/Apr/2019:15:47:41 +0530] "GET /favicon.ico HTTP/1.1" 404 209
14.143.70.66 - - [08/Apr/2019:15:47:45 +0530] "GET /eproofing_wiley_v2/journalimages/pan.jpg HTTP/1.1" 404 238
207.102.138.158 - - [08/Apr/2019:15:48:22 +0530] "GET /eproofing_wiley_v2/journalimages/jvs.jpg HTTP/1.1" 404 238
14.143.70.66 - - [08/Apr/2019:15:48:42 +0530] "GET /favicon.ico HTTP/1.1" 404 209
14.143.70.66 - - [08/Apr/2019:15:48:42 +0530] "GET /favicon.ico HTTP/1.1" 404 209
14.143.70.66 - - [08/Apr/2019:15:48:54 +0530] "GET /eproofing_wiley_v2/journalimages/etr2.jpg HTTP/1.1" 404 239
122.184.55.66 - - [08/Apr/2019:15:50:09 +0530] "-" 408 -
188.104.137.7 - - [08/Apr/2019:15:50:10 +0530] "-" 408 -
14.143.70.66 - - [08/Apr/2019:15:50:35 +0530] "GET /eproofing_wiley_v2/journalimages/jpn.jpg HTTP/1.1" 404 238
85.255.235.69 - - [08/Apr/2019:15:50:57 +0530] "GET /eproofing_wiley_v2/journalimages/hsc.jpg HTTP/1.1" 404 238
188.104.137.7 - - [08/Apr/2019:15:51:23 +0530] "-" 408 -
14.143.70.66 - - [08/Apr/2019:15:52:08 +0530] "GET /favicon1.ico HTTP/1.1" 404 210
14.143.70.66 - - [08/Apr/2019:15:52:09 +0530] "GET /favicon1.ico HTTP/1.1" 404 210
61.31.104.31 - - [08/Apr/2019:15:53:07 +0530] "POST /eproofing_wiley_v2/writefile.php HTTP/1.1" 302 -
82.102.23.163 - - [08/Apr/2019:15:53:17 +0530] "POST /eproofing_wiley_v2/writefile.php HTTP/1.1" 302 -
14.143.70.66 - - [08/Apr/2019:15:53:38 +0530] "GET /favicon.ico HTTP/1.1" 404 209
202.14.85.241 - - [08/Apr/2019:15:54:53 +0530] "GET /eproofing_wiley_v2/journalimages/cpr.jpg HTTP/1.1" 404 238
14.143.70.66 - - [08/Apr/2019:15:55:10 +0530] "-" 408 -
14.143.70.66 - - [08/Apr/2019:15:55:10 +0530] "-" 408 -
14.143.70.66 - - [08/Apr/2019:15:55:48 +0530] "GET /eproofing_wiley_v2/journalimages/ppe.jpg HTTP/1.1" 404 238
122.184.55.66 - - [08/Apr/2019:15:55:53 +0530] "GET /main.php HTTP/1.1" 302 14066
122.184.55.66 - - [08/Apr/2019:15:55:54 +0530] "GET /favicon.ico HTTP/1.1" 404 209
94.210.180.3 - - [08/Apr/2019:15:56:06 +0530] "GET /apple-touch-icon-precomposed.png HTTP/1.1" 404 230
94.210.180.3 - - [08/Apr/2019:15:56:06 +0530] "GET /apple-touch-icon.png HTTP/1.1" 404 218
94.210.180.3 - - [08/Apr/2019:15:56:07 +0530] "GET /favicon.ico HTTP/1.1" 404 209
94.210.180.3 - - [08/Apr/2019:15:56:07 +0530] "GET /apple-touch-icon-precomposed.png HTTP/1.1" 404 230
94.210.180.3 - - [08/Apr/2019:15:56:07 +0530] "GET /apple-touch-icon.png HTTP/1.1" 404 218
94.210.180.3 - - [08/Apr/2019:15:56:07 +0530] "GET /favicon.ico HTTP/1.1" 404 209
94.210.180.3 - - [08/Apr/2019:15:56:07 +0530] "GET /apple-touch-icon-precomposed.png HTTP/1.1" 404 230
94.210.180.3 - - [08/Apr/2019:15:56:08 +0530] "GET /apple-touch-icon.png HTTP/1.1" 404 218
94.210.180.3 - - [08/Apr/2019:15:56:08 +0530] "GET /favicon.ico HTTP/1.1" 404 209
94.210.180.3 - - [08/Apr/2019:15:56:08 +0530] "GET /apple-touch-icon-precomposed.png HTTP/1.1" 404 230
94.210.180.3 - - [08/Apr/2019:15:56:08 +0530] "GET /apple-touch-icon.png HTTP/1.1" 404 218
94.210.180.3 - - [08/Apr/2019:15:56:08 +0530] "GET /favicon.ico HTTP/1.1" 404 209
14.143.70.66 - - [08/Apr/2019:15:56:10 +0530] "GET /eproofing_wiley_v2/journalimages/jai.jpg HTTP/1.1" 404 238
123.63.137.194 - - [08/Apr/2019:15:56:11 +0530] "GET /favicon.ico HTTP/1.1" 404 209
14.143.70.66 - - [08/Apr/2019:15:56:18 +0530] "GET /eproofing_wiley_v2/journalimages/hequ.jpg HTTP/1.1" 404 239
122.184.55.66 - - [08/Apr/2019:15:57:24 +0530] "POST /common_php/commonFunctions.php HTTP/1.1" 500 -
14.143.70.66 - - [08/Apr/2019:15:57:37 +0530] "GET /eproofing_wiley_v2/journalimages/pan3.jpg HTTP/1.1" 404 239
176.123.113.85 - - [08/Apr/2019:15:58:46 +0530] "GET /eproofing_wiley_v2/journalimages/jocd.jpg HTTP/1.1" 404 239
145.117.226.11 - - [08/Apr/2019:15:59:26 +0530] "GET /eproofing_wiley_v2/journalimages/all.jpg HTTP/1.1" 404 238
66.249.93.75 - - [08/Apr/2019:16:00:19 +0530] "GET /favicon.ico HTTP/1.1" 404 209
167.98.22.132 - - [08/Apr/2019:16:02:22 +0530] "GET /eproofing_wiley_v2/journalimages/men.jpg HTTP/1.1" 404 238
14.143.70.66 - - [08/Apr/2019:16:02:29 +0530] "GET /favicon.ico HTTP/1.1" 404 209
14.143.70.66 - - [08/Apr/2019:16:02:29 +0530] "GET /favicon.ico HTTP/1.1" 404 209
123.63.137.194 - - [08/Apr/2019:16:03:43 +0530] "GET /sprbwf-tchy-pms/utilities/logoutBWF.php HTTP/1.1" 302 -
123.63.137.194 - - [08/Apr/2019:16:03:44 +0530] "GET /favicon.ico HTTP/1.1" 404 209
176.123.113.85 - - [08/Apr/2019:16:04:12 +0530] "GET /eproofing_wiley_v2/journalimages/jocd.jpg HTTP/1.1" 404 239
83.80.236.115 - - [08/Apr/2019:16:04:14 +0530] "-" 408 -
202.14.85.241 - - [08/Apr/2019:16:05:01 +0530] "GET /eproofing_wiley_v2/journalimages/lre.jpg HTTP/1.1" 404 238
123.63.137.194 - - [08/Apr/2019:16:06:37 +0530] "GET /sprbwf-tchy-pms/main.php HTTP/1.1" 302 16830
123.63.137.194 - - [08/Apr/2019:16:06:39 +0530] "GET /favicon.ico HTTP/1.1" 404 209
123.63.137.194 - - [08/Apr/2019:16:06:44 +0530] "GET /favicon1.ico HTTP/1.1" 404 210
141.43.207.58 - - [08/Apr/2019:16:07:18 +0530] "GET /eproofing_wiley_v2/journalimages/jvs.jpg HTTP/1.1" 404 238
123.63.137.194 - - [08/Apr/2019:16:07:26 +0530] "GET /sprbwf-tchy-pms/main.php HTTP/1.1" 302 16830
123.63.137.194 - - [08/Apr/2019:16:07:28 +0530] "GET /favicon.ico HTTP/1.1" 404 209
123.63.137.194 - - [08/Apr/2019:16:07:33 +0530] "GET /favicon1.ico HTTP/1.1" 404 210
123.63.137.194 - - [08/Apr/2019:16:07:58 +0530] "GET /favicon.ico HTTP/1.1" 404 209
123.63.137.194 - - [08/Apr/2019:16:08:04 +0530] "GET /sprbwf-tchy-pms/main.php HTTP/1.1" 302 16830
14.143.70.66 - - [08/Apr/2019:16:08:18 +0530] "GET /eproofing_wiley_v2/journalimages/bld.jpg HTTP/1.1" 404 238
14.143.70.66 - - [08/Apr/2019:16:08:23 +0530] "-" 408 -
202.14.85.241 - - [08/Apr/2019:16:09:08 +0530] "GET /eproofing_wiley_v2/journalimages/ppe.jpg HTTP/1.1" 404 238
122.184.55.66 - - [08/Apr/2019:16:09:14 +0530] "POST /common_php/commonFunctions.php HTTP/1.1" 500 -
14.143.70.66 - - [08/Apr/2019:16:10:16 +0530] "GET /eproofing_wiley_v2/journalimages/tbj.jpg HTTP/1.1" 404 238
139.47.71.59 - - [08/Apr/2019:16:10:29 +0530] "GET /eproofing_wiley_v2/journalimages/tbed.jpg HTTP/1.1" 404 239
165.16.215.95 - - [08/Apr/2019:16:11:28 +0530] "GET /eproofing_wiley_v2/journalimages/aje.jpg HTTP/1.1" 404 238
96.237.106.56 - - [08/Apr/2019:16:11:31 +0530] "GET /eproofing_wiley_v2/journalimages/epi.jpg HTTP/1.1" 404 238
96.237.106.56 - - [08/Apr/2019:16:11:37 +0530] "GET /eproofing_wiley_v2/journalimages/epi.jpg HTTP/1.1" 404 238
14.143.70.66 - - [08/Apr/2019:16:12:14 +0530] "GET /sprbwf-tchy-pms/main.php HTTP/1.1" 302 16830
14.143.70.66 - - [08/Apr/2019:16:12:16 +0530] "GET /favicon.ico HTTP/1.1" 404 209
14.143.70.66 - - [08/Apr/2019:16:12:16 +0530] "GET /favicon.ico HTTP/1.1" 404 209
123.63.137.194 - - [08/Apr/2019:16:12:28 +0530] "GET /sprbwf-tchy-pms/main.php HTTP/1.1" 302 16830
96.237.106.56 - - [08/Apr/2019:16:13:10 +0530] "GET /eproofing_wiley_v2/journalimages/epi.jpg HTTP/1.1" 404 238
96.237.106.56 - - [08/Apr/2019:16:13:10 +0530] "GET /eproofing_wiley_v2/journalimages/epi.jpg HTTP/1.1" 404 238
139.47.71.59 - - [08/Apr/2019:16:14:12 +0530] "GET /favicon.ico HTTP/1.1" 404 209
139.47.71.59 - - [08/Apr/2019:16:14:33 +0530] "POST /eproofing_wiley_v2/writefile.php HTTP/1.1" 302 -
14.143.70.66 - - [08/Apr/2019:16:14:41 +0530] "GET /eproofing_wiley_v2/journalimages/pan3.jpg HTTP/1.1" 404 239
122.184.55.66 - - [08/Apr/2019:16:15:10 +0530] "-" 408 -
45.114.62.25 - - [08/Apr/2019:16:15:11 +0530] "GET /eproofing_wiley_v2/journalimages/head.jpg HTTP/1.1" 404 239
45.114.62.25 - - [08/Apr/2019:16:15:22 +0530] "GET /eproofing_wiley_v2/journalimages/head.jpg HTTP/1.1" 404 239
123.63.137.194 - - [08/Apr/2019:16:15:25 +0530] "GET /favicon.ico HTTP/1.1" 404 209
123.63.137.194 - - [08/Apr/2019:16:15:30 +0530] "GET /favicon1.ico HTTP/1.1" 404 210
14.143.70.66 - - [08/Apr/2019:16:16:17 +0530] "GET /favicon1.ico HTTP/1.1" 404 210
123.63.137.194 - - [08/Apr/2019:16:16:47 +0530] "GET /favicon.ico HTTP/1.1" 404 209
194.225.168.100 - - [08/Apr/2019:16:17:05 +0530] "POST /eproofing_wiley_v2/writefile.php HTTP/1.1" 302 -
14.143.70.66 - - [08/Apr/2019:16:19:35 +0530] "GET /eproofing_wiley_v2/journalimages/ppe.jpg HTTP/1.1" 404 238
93.66.238.251 - - [08/Apr/2019:16:19:52 +0530] "GET /eproofing_wiley_v2/journalimages/raju.jpg HTTP/1.1" 404 239
93.66.238.251 - - [08/Apr/2019:16:19:53 +0530] "GET /eproofing_wiley_v2/journalimages/raju.jpg HTTP/1.1" 404 239
14.143.70.66 - - [08/Apr/2019:16:20:12 +0530] "-" 408 -
93.66.238.251 - - [08/Apr/2019:16:20:39 +0530] "GET /eproofing_wiley_v2/journalimages/raju.jpg HTTP/1.1" 404 239
93.66.238.251 - - [08/Apr/2019:16:20:50 +0530] "GET /eproofing_wiley_v2/journalimages/raju.jpg HTTP/1.1" 404 239
93.66.238.251 - - [08/Apr/2019:16:21:00 +0530] "GET /eproofing_wiley_v2/journalimages/raju.jpg HTTP/1.1" 404 239
93.66.238.251 - - [08/Apr/2019:16:21:11 +0530] "GET /eproofing_wiley_v2/journalimages/raju.jpg HTTP/1.1" 404 239
93.66.238.251 - - [08/Apr/2019:16:21:11 +0530] "GET /eproofing_wiley_v2/journalimages/raju.jpg HTTP/1.1" 404 239
93.66.238.251 - - [08/Apr/2019:16:21:21 +0530] "GET /eproofing_wiley_v2/journalimages/raju.jpg HTTP/1.1" 404 239
93.66.238.251 - - [08/Apr/2019:16:21:22 +0530] "GET /eproofing_wiley_v2/journalimages/raju.jpg HTTP/1.1" 404 239
130.79.38.17 - - [08/Apr/2019:16:21:34 +0530] "GET /favicon.ico HTTP/1.1" 404 209
202.14.85.241 - - [08/Apr/2019:16:21:51 +0530] "GET /eproofing_wiley_v2/journalimages/ece3.jpg HTTP/1.1" 404 239
122.184.55.66 - - [08/Apr/2019:16:21:53 +0530] "POST /common_php/commonFunctions.php HTTP/1.1" 500 -
123.63.137.194 - - [08/Apr/2019:16:22:02 +0530] "GET /favicon.ico HTTP/1.1" 404 209
123.63.137.194 - - [08/Apr/2019:16:22:07 +0530] "GET /favicon1.ico HTTP/1.1" 404 210
122.184.55.66 - - [08/Apr/2019:16:23:44 +0530] "POST /common_php/commonFunctions.php HTTP/1.1" 500 -
123.63.137.194 - - [08/Apr/2019:16:24:08 +0530] "-" 408 -
14.143.70.66 - - [08/Apr/2019:16:25:26 +0530] "GET /sprbwf-tchy-pms/main.php HTTP/1.1" 302 16830
122.184.55.66 - - [08/Apr/2019:16:25:29 +0530] "GET /common_php/dLink.php?url=https://vtw.elsevier.com/asset/egi/10C7C3864SH?ver=90cd0c5879901ee11b2fb9893394cc26 HTTP/1.1" 302 -
123.63.137.194 - - [08/Apr/2019:16:27:01 +0530] "-" 408 -
123.63.137.194 - - [08/Apr/2019:16:27:01 +0530] "-" 408 -
145.117.226.11 - - [08/Apr/2019:16:27:32 +0530] "POST /eproofing_wiley_v2/writefile.php HTTP/1.1" 302 -
122.184.55.66 - - [08/Apr/2019:16:28:45 +0530] "POST /common_php/commonFunctions.php HTTP/1.1" 500 -
14.143.70.66 - - [08/Apr/2019:16:28:52 +0530] "GET /eproofing_wiley_v2/journalimages/jar3.jpg HTTP/1.1" 404 239
14.143.70.66 - - [08/Apr/2019:16:29:29 +0530] "GET /favicon.ico HTTP/1.1" 404 209
14.143.70.66 - - [08/Apr/2019:16:29:29 +0530] "GET /favicon.ico HTTP/1.1" 404 209
14.143.70.66 - - [08/Apr/2019:16:29:43 +0530] "GET /favicon1.ico HTTP/1.1" 404 210
14.143.70.66 - - [08/Apr/2019:16:29:43 +0530] "GET /favicon1.ico HTTP/1.1" 404 210
14.143.70.66 - - [08/Apr/2019:16:29:53 +0530] "GET /eproofing_wiley_v2/journalimages/jop.jpg HTTP/1.1" 404 238
14.143.70.66 - - [08/Apr/2019:16:30:10 +0530] "GET /eproofing_wiley_v2/journalimages/are.jpg HTTP/1.1" 404 238
167.98.22.132 - - [08/Apr/2019:16:30:30 +0530] "GET /eproofing_wiley_v2/journalimages/men.jpg HTTP/1.1" 404 238
64.233.172.173 - - [08/Apr/2019:16:30:33 +0530] "GET /favicon.ico HTTP/1.1" 404 209
40.107.248.29 - - [08/Apr/2019:16:30:34 +0530] "GET /favicon.ico HTTP/1.1" 404 209
193.140.142.9 - - [08/Apr/2019:16:31:29 +0530] "GET /eproofing_wiley_v2/journalimages/and.jpg HTTP/1.1" 404 238
123.63.137.194 - - [08/Apr/2019:16:31:45 +0530] "GET /favicon.ico HTTP/1.1" 404 209
117.136.52.197 - - [08/Apr/2019:16:31:48 +0530] "GET /eproofing_wiley_v2/journalimages/jpn.jpg HTTP/1.1" 404 238
122.184.55.66 - - [08/Apr/2019:16:32:37 +0530] "POST /common_php/commonFunctions.php HTTP/1.1" 500 -
147.96.65.71 - - [08/Apr/2019:16:32:40 +0530] "POST /eproofing_wiley_v2/writefile.php HTTP/1.1" 302 -
123.63.137.194 - - [08/Apr/2019:16:32:53 +0530] "GET /sprbwf-tchy-pms/main.php HTTP/1.1" 302 16830
123.63.137.194 - - [08/Apr/2019:16:32:54 +0530] "GET /favicon.ico HTTP/1.1" 404 209
123.63.137.194 - - [08/Apr/2019:16:33:02 +0530] "GET /favicon1.ico HTTP/1.1" 404 210
112.224.1.95 - - [08/Apr/2019:16:33:51 +0530] "GET /eproofing_wiley_v2/journalimages/cam4.jpg HTTP/1.1" 404 239
202.14.85.241 - - [08/Apr/2019:16:34:39 +0530] "GET /eproofing_wiley_v2/journalimages/ece3.jpg HTTP/1.1" 404 239
14.143.70.66 - - [08/Apr/2019:16:35:40 +0530] "GET /sprbwf-tchy-pms/main.php HTTP/1.1" 302 16830
167.98.22.132 - - [08/Apr/2019:16:35:52 +0530] "GET /favicon.ico HTTP/1.1" 404 209
14.143.70.66 - - [08/Apr/2019:16:35:54 +0530] "GET /eproofing_wiley_v2/journalimages/hequ.jpg HTTP/1.1" 404 239
112.224.1.95 - - [08/Apr/2019:16:36:43 +0530] "GET /eproofing_wiley_v2/journalimages/cam4.jpg HTTP/1.1" 404 239
123.63.137.194 - - [08/Apr/2019:16:36:45 +0530] "GET /favicon.ico HTTP/1.1" 404 209
123.63.137.194 - - [08/Apr/2019:16:36:45 +0530] "GET /favicon.ico HTTP/1.1" 404 209
123.63.137.194 - - [08/Apr/2019:16:36:58 +0530] "GET /favicon1.ico HTTP/1.1" 404 210
123.63.137.194 - - [08/Apr/2019:16:36:59 +0530] "GET /favicon1.ico HTTP/1.1" 404 210
112.224.1.95 - - [08/Apr/2019:16:37:01 +0530] "GET /eproofing_wiley_v2/journalimages/cam4.jpg HTTP/1.1" 404 239
65.242.64.66 - - [08/Apr/2019:16:37:09 +0530] "GET /eproofing_wiley_v2/journalimages/cea.jpg HTTP/1.1" 404 238
129.194.101.208 - - [08/Apr/2019:16:37:09 +0530] "GET /eproofing_wiley_v2/journalimages/liv.jpg HTTP/1.1" 404 238
14.143.70.66 - - [08/Apr/2019:16:38:35 +0530] "GET /eproofing_wiley_v2/journalimages/head.jpg HTTP/1.1" 404 239
183.208.31.196 - - [08/Apr/2019:16:39:21 +0530] "GET /eproofing_wiley_v2/journalimages/wer.jpg HTTP/1.1" 404 238
183.208.31.196 - - [08/Apr/2019:16:39:40 +0530] "POST /eproofing_wiley_v2/writefile.php HTTP/1.1" 302 -
123.63.137.194 - - [08/Apr/2019:16:39:51 +0530] "GET /favicon.ico HTTP/1.1" 404 209
14.143.70.66 - - [08/Apr/2019:16:39:59 +0530] "GET /eproofing_wiley_v2/journalimages/sdi.jpg HTTP/1.1" 404 238
182.207.216.33 - - [08/Apr/2019:16:40:08 +0530] "GET /eproofing_wiley_v2/journalimages/gcb.jpg HTTP/1.1" 404 238
112.224.1.95 - - [08/Apr/2019:16:40:14 +0530] "GET /eproofing_wiley_v2/journalimages/cam4.jpg HTTP/1.1" 404 239
195.130.34.2 - - [08/Apr/2019:16:40:26 +0530] "GET /eproofing_wiley_v2/journalimages/bjso.jpg HTTP/1.1" 404 239
66.249.83.91 - - [08/Apr/2019:16:40:33 +0530] "GET /favicon.ico HTTP/1.1" 404 209
112.224.1.95 - - [08/Apr/2019:16:41:03 +0530] "GET /eproofing_wiley_v2/journalimages/cam4.jpg HTTP/1.1" 404 239
211.82.112.194 - - [08/Apr/2019:16:41:25 +0530] "GET /eproofing_wiley_v2/journalimages/jfbc.jpg HTTP/1.1" 404 239
112.224.1.95 - - [08/Apr/2019:16:41:26 +0530] "GET /eproofing_wiley_v2/journalimages/cam4.jpg HTTP/1.1" 404 239
14.143.70.66 - - [08/Apr/2019:16:41:30 +0530] "GET /eproofing_wiley_v2/journalimages/head.jpg HTTP/1.1" 404 239
123.63.137.194 - - [08/Apr/2019:16:43:02 +0530] "-" 408 -
195.130.34.2 - - [08/Apr/2019:16:43:06 +0530] "GET /eproofing_wiley_v2/journalimages/bjso.jpg HTTP/1.1" 404 239
87.16.63.29 - - [08/Apr/2019:16:43:21 +0530] "GET /eproofing_wiley_v2/journalimages/bre.jpg HTTP/1.1" 404 238
87.16.63.29 - - [08/Apr/2019:16:43:22 +0530] "GET /eproofing_wiley_v2/journalimages/bre.jpg HTTP/1.1" 404 238
112.224.1.95 - - [08/Apr/2019:16:43:49 +0530] "GET /eproofing_wiley_v2/journalimages/cam4.jpg HTTP/1.1" 404 239
60.216.4.227 - - [08/Apr/2019:16:44:06 +0530] "GET /favicon.ico HTTP/1.1" 404 209
83.103.212.20 - - [08/Apr/2019:16:44:08 +0530] "GET /eproofing_wiley_v2/journalimages/ccr3.jpg HTTP/1.1" 404 239
60.216.4.227 - - [08/Apr/2019:16:44:16 +0530] "GET /eproofing_wiley_v2/journalimages/cam4.jpg HTTP/1.1" 404 239
112.224.1.95 - - [08/Apr/2019:16:44:19 +0530] "GET /eproofing_wiley_v2/journalimages/cam4.jpg HTTP/1.1" 404 239
14.143.70.66 - - [08/Apr/2019:16:45:14 +0530] "-" 408 -
14.143.70.66 - - [08/Apr/2019:16:45:14 +0530] "-" 408 -
14.143.70.66 - - [08/Apr/2019:16:45:27 +0530] "GET /eproofing_wiley_v2/journalimages/cen.jpg HTTP/1.1" 404 238
14.143.70.66 - - [08/Apr/2019:16:45:40 +0530] "GET /eproofing_wiley_v2/journalimages/cen.jpg HTTP/1.1" 404 238
14.143.70.66 - - [08/Apr/2019:16:45:51 +0530] "GET /eproofing_wiley_v2/journalimages/jfpp.jpg HTTP/1.1" 404 239
60.216.4.227 - - [08/Apr/2019:16:45:52 +0530] "GET /eproofing_wiley_v2/journalimages/cam4.jpg HTTP/1.1" 404 239
14.143.70.66 - - [08/Apr/2019:16:45:52 +0530] "GET /eproofing_wiley_v2/journalimages/head.jpg HTTP/1.1" 404 239
81.217.238.199 - - [08/Apr/2019:16:46:04 +0530] "GET /eproofing_wiley_v2/journalimages/ejed.jpg HTTP/1.1" 404 239
86.142.21.59 - - [08/Apr/2019:16:46:12 +0530] "GET /favicon.ico HTTP/1.1" 404 209
165.225.81.44 - - [08/Apr/2019:16:46:45 +0530] "GET /apple-touch-icon-precomposed.png HTTP/1.1" 404 230
165.225.81.44 - - [08/Apr/2019:16:46:46 +0530] "GET /apple-touch-icon.png HTTP/1.1" 404 218
165.225.81.44 - - [08/Apr/2019:16:46:46 +0530] "GET /favicon.ico HTTP/1.1" 404 209
165.225.81.44 - - [08/Apr/2019:16:46:46 +0530] "GET /apple-touch-icon-precomposed.png HTTP/1.1" 404 230
165.225.81.44 - - [08/Apr/2019:16:46:46 +0530] "GET /apple-touch-icon.png HTTP/1.1" 404 218
165.225.81.44 - - [08/Apr/2019:16:46:46 +0530] "GET /favicon.ico HTTP/1.1" 404 209
165.225.81.44 - - [08/Apr/2019:16:46:47 +0530] "GET /apple-touch-icon-precomposed.png HTTP/1.1" 404 230
165.225.81.44 - - [08/Apr/2019:16:46:47 +0530] "GET /apple-touch-icon.png HTTP/1.1" 404 218
165.225.81.44 - - [08/Apr/2019:16:46:47 +0530] "GET /favicon.ico HTTP/1.1" 404 209
165.225.81.44 - - [08/Apr/2019:16:46:47 +0530] "GET /apple-touch-icon-precomposed.png HTTP/1.1" 404 230
165.225.81.44 - - [08/Apr/2019:16:46:47 +0530] "GET /apple-touch-icon.png HTTP/1.1" 404 218
165.225.81.44 - - [08/Apr/2019:16:46:47 +0530] "GET /favicon.ico HTTP/1.1" 404 209
202.14.85.241 - - [08/Apr/2019:16:47:15 +0530] "GET /eproofing_wiley_v2/journalimages/ece3.jpg HTTP/1.1" 404 239
86.142.21.59 - - [08/Apr/2019:16:47:15 +0530] "GET /favicon.ico HTTP/1.1" 404 209
14.143.70.66 - - [08/Apr/2019:16:47:26 +0530] "GET /eproofing_wiley_v2/journalimages/faf.jpg HTTP/1.1" 404 238
14.143.70.66 - - [08/Apr/2019:16:47:36 +0530] "GET /eproofing_wiley_v2/journalimages/eva.jpg HTTP/1.1" 404 238
96.237.106.56 - - [08/Apr/2019:16:47:53 +0530] "POST /eproofing_wiley_v2/writefile.php HTTP/1.1" 302 -
212.128.8.32 - - [08/Apr/2019:16:47:59 +0530] "GET /eproofing_wiley_v2/journalimages/jvs.jpg HTTP/1.1" 404 238
66.249.93.9 - - [08/Apr/2019:16:48:02 +0530] "GET /favicon.ico HTTP/1.1" 404 209
60.216.4.227 - - [08/Apr/2019:16:48:30 +0530] "GET /eproofing_wiley_v2/journalimages/cam4.jpg HTTP/1.1" 404 239
87.16.63.29 - - [08/Apr/2019:16:48:41 +0530] "GET /favicon.ico HTTP/1.1" 404 209
14.143.70.66 - - [08/Apr/2019:16:49:24 +0530] "GET /eproofing_wiley_v2/journalimages/jfpp.jpg HTTP/1.1" 404 239
130.79.38.17 - - [08/Apr/2019:16:49:40 +0530] "GET /favicon.ico HTTP/1.1" 404 209
87.16.63.29 - - [08/Apr/2019:16:49:40 +0530] "POST /eproofing_wiley_v2/writefile.php HTTP/1.1" 302 -
60.206.78.82 - - [08/Apr/2019:16:49:45 +0530] "GET /eproofing_wiley_v2/journalimages/jch.jpg HTTP/1.1" 404 238
106.51.242.226 - - [08/Apr/2019:16:50:00 +0530] "GET /eproofing_wiley_v2/journalimages/chd.jpg HTTP/1.1" 404 238
60.216.4.227 - - [08/Apr/2019:16:50:20 +0530] "GET /eproofing_wiley_v2/journalimages/cam4.jpg HTTP/1.1" 404 239
60.206.78.82 - - [08/Apr/2019:16:50:31 +0530] "GET /eproofing_wiley_v2/journalimages/jch.jpg HTTP/1.1" 404 238
141.214.17.220 - - [08/Apr/2019:16:50:49 +0530] "GET /eproofing_wiley_v2/journalimages/crj.jpg HTTP/1.1" 404 238
212.128.8.32 - - [08/Apr/2019:16:50:50 +0530] "GET /favicon.ico HTTP/1.1" 404 209
106.51.242.226 - - [08/Apr/2019:16:51:25 +0530] "POST /eproofing_wiley_v2/writefile.php HTTP/1.1" 302 -
60.206.78.82 - - [08/Apr/2019:16:52:22 +0530] "GET /eproofing_wiley_v2/journalimages/jch.jpg HTTP/1.1" 404 238
123.63.137.194 - - [08/Apr/2019:16:52:44 +0530] "GET /sprbwf-tchy-pms/main.php HTTP/1.1" 302 16830
123.63.137.194 - - [08/Apr/2019:16:52:45 +0530] "GET /favicon.ico HTTP/1.1" 404 209
123.63.137.194 - - [08/Apr/2019:16:52:53 +0530] "GET /favicon1.ico HTTP/1.1" 404 210
182.207.216.33 - - [08/Apr/2019:16:52:56 +0530] "GET /eproofing_wiley_v2/journalimages/gcb.jpg HTTP/1.1" 404 238
147.96.145.151 - - [08/Apr/2019:16:53:18 +0530] "GET /eproofing_wiley_v2/journalimages/rda.jpg HTTP/1.1" 404 238
115.230.109.235 - - [08/Apr/2019:16:53:51 +0530] "GET /favicon.ico HTTP/1.1" 404 209
14.143.70.66 - - [08/Apr/2019:16:54:12 +0530] "GET /favicon.ico HTTP/1.1" 404 209
123.63.137.194 - - [08/Apr/2019:16:54:50 +0530] "GET /favicon.ico HTTP/1.1" 404 209
14.143.70.66 - - [08/Apr/2019:16:55:59 +0530] "GET /sprbwf-tchy-pms/main.php HTTP/1.1" 302 16830
122.184.55.66 - - [08/Apr/2019:16:56:12 +0530] "-" 408 -
150.214.75.142 - - [08/Apr/2019:16:56:52 +0530] "GET /eproofing_wiley_v2/journalimages/sms.jpg HTTP/1.1" 404 238
106.51.242.226 - - [08/Apr/2019:16:57:19 +0530] "GET /eproofing_wiley_v2/journalimages/chd.jpg HTTP/1.1" 404 238
60.216.4.227 - - [08/Apr/2019:16:57:35 +0530] "GET /eproofing_wiley_v2/journalimages/cam4.jpg HTTP/1.1" 404 239
150.214.75.142 - - [08/Apr/2019:16:57:39 +0530] "GET /eproofing_wiley_v2/journalimages/sms.jpg HTTP/1.1" 404 238
123.63.137.194 - - [08/Apr/2019:16:57:40 +0530] "GET /favicon1.ico HTTP/1.1" 404 210
60.206.78.82 - - [08/Apr/2019:16:57:52 +0530] "GET /favicon.ico HTTP/1.1" 404 209
123.63.137.194 - - [08/Apr/2019:16:57:56 +0530] "GET /favicon1.ico HTTP/1.1" 404 210
60.206.78.82 - - [08/Apr/2019:16:58:25 +0530] "GET /favicon.ico HTTP/1.1" 404 209
202.14.85.241 - - [08/Apr/2019:16:58:43 +0530] "GET /eproofing_wiley_v2/journalimages/ece3.jpg HTTP/1.1" 404 239
78.100.106.213 - - [08/Apr/2019:16:58:54 +0530] "POST /eproofing_wiley_v2/writefile.php HTTP/1.1" 302 -
202.14.85.241 - - [08/Apr/2019:16:59:09 +0530] "GET /eproofing_wiley_v2/journalimages/ece3.jpg HTTP/1.1" 404 239
60.206.78.82 - - [08/Apr/2019:16:59:11 +0530] "GET /favicon.ico HTTP/1.1" 404 209
60.206.78.82 - - [08/Apr/2019:16:59:29 +0530] "GET /eproofing_wiley_v2/journalimages/jch.jpg HTTP/1.1" 404 238
109.91.39.159 - - [08/Apr/2019:16:59:55 +0530] "GET /favicon.ico HTTP/1.1" 404 209
60.206.78.82 - - [08/Apr/2019:16:59:50 +0530] "POST /eproofing_wiley_v2/writefile.php HTTP/1.1" 302 -
129.194.98.22 - - [08/Apr/2019:17:00:28 +0530] "GET /eproofing_wiley_v2/journalimages/liv.jpg HTTP/1.1" 404 238
14.143.70.66 - - [08/Apr/2019:17:00:50 +0530] "GET /eproofing_wiley_v2/journalimages/pops.jpg HTTP/1.1" 404 239
14.143.70.66 - - [08/Apr/2019:17:01:07 +0530] "POST /eproofing_wiley_v2/writefile.php HTTP/1.1" 302 -
129.206.90.2 - - [08/Apr/2019:17:01:30 +0530] "GET /eproofing_wiley_v2/journalimages/jar.jpg HTTP/1.1" 404 238
123.63.137.194 - - [08/Apr/2019:17:01:45 +0530] "GET /sprbwf-tchy-pms/main.php HTTP/1.1" 302 16830
123.63.137.194 - - [08/Apr/2019:17:01:46 +0530] "GET /favicon.ico HTTP/1.1" 404 209
123.63.137.194 - - [08/Apr/2019:17:01:52 +0530] "GET /favicon1.ico HTTP/1.1" 404 210
200.132.145.1 - - [08/Apr/2019:17:01:59 +0530] "GET /eproofing_wiley_v2/journalimages/are.jpg HTTP/1.1" 404 238
115.230.109.235 - - [08/Apr/2019:17:02:01 +0530] "GET /eproofing_wiley_v2/index.php?token=k9qyp4exTgqooFoVPnij3QeIr40zsSf4smKwncwKdZYhttps://cn.bing.com HTTP/1.1" 302 -
115.230.109.235 - - [08/Apr/2019:17:02:07 +0530] "GET /favicon.ico HTTP/1.1" 404 209
115.230.109.235 - - [08/Apr/2019:17:02:07 +0530] "GET /favicon.ico HTTP/1.1" 404 209
115.230.109.235 - - [08/Apr/2019:17:02:48 +0530] "GET /eproofing_wiley_v2/journalimages/cam4.jpg HTTP/1.1" 404 239
186.207.135.8 - - [08/Apr/2019:17:03:51 +0530] "GET /eproofing_wiley_v2/journalimages/cen.jpg HTTP/1.1" 404 238
112.224.1.95 - - [08/Apr/2019:17:03:53 +0530] "GET /eproofing_wiley_v2/journalimages/cam4.jpg HTTP/1.1" 404 239
14.143.70.66 - - [08/Apr/2019:17:04:34 +0530] "GET /eproofing_wiley_v2/journalimages/jocd.jpg HTTP/1.1" 404 239
202.192.88.235 - - [08/Apr/2019:17:06:15 +0530] "GET /favicon.ico HTTP/1.1" 404 209
202.192.88.235 - - [08/Apr/2019:17:06:23 +0530] "GET /eproofing_wiley_v2/journalimages/jfpp.jpg HTTP/1.1" 404 239
83.38.66.82 - - [08/Apr/2019:17:07:40 +0530] "GET /favicon.ico HTTP/1.1" 404 209
83.38.66.82 - - [08/Apr/2019:17:08:31 +0530] "-" 408 -
